Archive member included to satisfy reference by file (symbol)

C:/devkitPro/libctru/lib\libctru.a(initArgv.o)
                              c:/devkitpro/devkitarm/bin/../lib/gcc/arm-none-eabi/11.2.0/../../../../arm-none-eabi/lib/armv6k/fpu/3dsx_crt0.o (__system_argv)
C:/devkitPro/libctru/lib\libctru.a(stack_adjust.o)
                              c:/devkitpro/devkitarm/bin/../lib/gcc/arm-none-eabi/11.2.0/../../../../arm-none-eabi/lib/armv6k/fpu/3dsx_crt0.o (initSystem)
C:/devkitPro/libctru/lib\libctru.a(3dslink.o)
                              C:/devkitPro/libctru/lib\libctru.a(initArgv.o) (__3dslink_host)
C:/devkitPro/libctru/lib\libctru.a(soc_socket.o)
                              C:/devkitPro/libctru/lib\libctru.a(3dslink.o) (socket)
C:/devkitPro/libctru/lib\libctru.a(soc_connect.o)
                              C:/devkitPro/libctru/lib\libctru.a(3dslink.o) (connect)
C:/devkitPro/libctru/lib\libctru.a(soc_common.o)
                              C:/devkitPro/libctru/lib\libctru.a(soc_socket.o) (_net_convert_error)
C:/devkitPro/libctru/lib\libctru.a(appInit.o)
                              C:/devkitPro/libctru/lib\libctru.a(stack_adjust.o) (__appInit)
C:/devkitPro/libctru/lib\libctru.a(appExit.o)
                              C:/devkitPro/libctru/lib\libctru.a(stack_adjust.o) (__appExit)
C:/devkitPro/libctru/lib\libctru.a(ctru_init.o)
                              C:/devkitPro/libctru/lib\libctru.a(stack_adjust.o) (__libctru_init)
C:/devkitPro/libctru/lib\libctru.a(ctru_exit.o)
                              C:/devkitPro/libctru/lib\libctru.a(stack_adjust.o) (__libctru_exit)
C:/devkitPro/libctru/lib\libctru.a(svc.o)
                              C:/devkitPro/libctru/lib\libctru.a(ctru_exit.o) (svcControlMemory)
C:/devkitPro/libctru/lib\libctru.a(synchronization.o)
                              C:/devkitPro/libctru/lib\libctru.a(ctru_init.o) (__sync_init)
C:/devkitPro/libctru/lib\libctru.a(env.o)
                              C:/devkitPro/libctru/lib\libctru.a(ctru_exit.o) (envDestroyHandles)
C:/devkitPro/libctru/lib\libctru.a(srv.o)
                              C:/devkitPro/libctru/lib\libctru.a(appInit.o) (srvInit)
C:/devkitPro/libctru/lib\libctru.a(archive_dev.o)
                              C:/devkitPro/libctru/lib\libctru.a(appInit.o) (archiveMountSdmc)
C:/devkitPro/libctru/lib\libctru.a(apt.o)
                              C:/devkitPro/libctru/lib\libctru.a(appExit.o) (aptExit)
C:/devkitPro/libctru/lib\libctru.a(hid.o)
                              C:/devkitPro/libctru/lib\libctru.a(appInit.o) (hidInit)
C:/devkitPro/libctru/lib\libctru.a(srvpm.o)
                              C:/devkitPro/libctru/lib\libctru.a(srv.o) (srvPmGetSessionHandle)
C:/devkitPro/libctru/lib\libctru.a(fs.o)
                              C:/devkitPro/libctru/lib\libctru.a(appInit.o) (fsInit)
C:/devkitPro/libctru/lib\libctru.a(utf16_to_utf8.o)
                              C:/devkitPro/libctru/lib\libctru.a(archive_dev.o) (utf16_to_utf8)
C:/devkitPro/libctru/lib\libctru.a(decode_utf16.o)
                              C:/devkitPro/libctru/lib\libctru.a(utf16_to_utf8.o) (decode_utf16)
C:/devkitPro/libctru/lib\libctru.a(decode_utf8.o)
                              C:/devkitPro/libctru/lib\libctru.a(archive_dev.o) (decode_utf8)
C:/devkitPro/libctru/lib\libctru.a(utf8_to_utf16.o)
                              C:/devkitPro/libctru/lib\libctru.a(archive_dev.o) (utf8_to_utf16)
C:/devkitPro/libctru/lib\libctru.a(syscalls.o)
                              C:/devkitPro/libctru/lib\libctru.a(ctru_init.o) (__system_initSyscalls)
C:/devkitPro/libctru/lib\libctru.a(allocateHeaps.o)
                              C:/devkitPro/libctru/lib\libctru.a(ctru_init.o) (__system_allocateHeaps)
C:/devkitPro/libctru/lib\libctru.a(readtp.o)
                              C:/devkitPro/libctru/lib\libctru.a(archive_dev.o) (__aeabi_read_tp)
C:/devkitPro/libctru/lib\libctru.a(os.o)
                              C:/devkitPro/libctru/lib\libctru.a(syscalls.o) (osGetTime)
C:/devkitPro/libctru/lib\libctru.a(path_buf.o)
                              C:/devkitPro/libctru/lib\libctru.a(archive_dev.o) (__ctru_dev_utf16_buf)
C:/devkitPro/libctru/lib\libctru.a(thread.o)
                              C:/devkitPro/libctru/lib\libctru.a(apt.o) (threadCreate)
C:/devkitPro/libctru/lib\libctru.a(mappable.o)
                              C:/devkitPro/libctru/lib\libctru.a(allocateHeaps.o) (mappableInit)
C:/devkitPro/libctru/lib\libctru.a(irrst.o)
                              C:/devkitPro/libctru/lib\libctru.a(hid.o) (irrstInit)
C:/devkitPro/libctru/lib\libctru.a(gspgpu.o)
                              C:/devkitPro/libctru/lib\libctru.a(apt.o) (GSPGPU_SetLcdForceBlack)
C:/devkitPro/libctru/lib\libctru.a(ptmsysm.o)
                              C:/devkitPro/libctru/lib\libctru.a(os.o) (ptmSysmInit)
C:/devkitPro/libctru/lib\libctru.a(encode_utf16.o)
                              C:/devkitPro/libctru/lib\libctru.a(utf8_to_utf16.o) (encode_utf16)
[...]
Memory Configuration

Name             Origin             Length             Attributes
*default*        0x0000000000000000 0xffffffffffffffff

Linker script and memory map

                0x0000000000100000                PROVIDE (__start__ = 0x100000)
                0x0000000000100000                . = __start__

.text           0x0000000000100000    0x3f5c8
 *(.crt0)
 .crt0          0x0000000000100000       0x94 c:/devkitpro/devkitarm/bin/../lib/gcc/arm-none-eabi/11.2.0/../../../../arm-none-eabi/lib/armv6k/fpu/3dsx_crt0.o
                0x0000000000100000                _start
                0x0000000000100008                __service_ptr
                0x000000000010000c                __apt_appid
                0x0000000000100010                __heap_size
                0x0000000000100014                __linear_heap_size
                0x0000000000100018                __system_arglist
                0x000000000010001c                __system_runflags
 *(.init)
 .init          0x0000000000100094        0xc c:/devkitpro/devkitarm/bin/../lib/gcc/arm-none-eabi/11.2.0/armv6k/fpu/crti.o
                0x0000000000100094                _init
 .init          0x00000000001000a0        0xc c:/devkitpro/devkitarm/bin/../lib/gcc/arm-none-eabi/11.2.0/armv6k/fpu/crtn.o
                0x00000000001000ac                . = ALIGN (0x4)
 *(.text)
 *fill*         0x00000000001000ac        0x4 
 .text          0x00000000001000b0    0x28cf4 C:/devkitPro/portlibs/3ds/libwasm3/lib\libwasm3.a
                0x00000000001000b0                m3_libc_abort
                0x00000000001000e8                m3_libc_exit
                0x0000000000100134                m3_libc_memset
                0x00000000001002a4                m3_libc_memmove
                0x00000000001004f4                m3_libc_print
                0x00000000001007e0                m3_libc_printf
                0x0000000000100fec                m3_libc_clock_ms
                0x00000000001010a0                m3_spectest_dummy
                0x00000000001010d8                m3_LinkSpecTest
                0x0000000000101304                m3_LinkLibC
                0x000000000010169c                ConvertTypeCharToTypeId
                0x000000000010174c                SignatureToFuncType
                0x0000000000101af0                LinkRawFunction
                0x0000000000101bfc                FindAndLinkFunction
                0x0000000000101d40                m3_LinkRawFunctionEx
                0x0000000000101d90                m3_LinkRawFunction
                0x0000000000101de0                NewCodePage
                0x0000000000101e7c                FreeCodePages
                0x0000000000101ee4                NumFreeLines
                0x0000000000101f18                EmitWord_impl
                0x0000000000101f68                EmitWord32
                0x0000000000101fbc                EmitWord64
                0x0000000000102018                GetPageStartPC
                0x0000000000102040                GetPagePC
                0x0000000000102090                PushCodePage
                0x00000000001020d8                PopCodePage
                0x0000000000102124                FindCodePageEnd
                0x0000000000102194                CountCodePages
                0x00000000001021c4                GetEndCodePage
                0x000000000011bddc                AcquireCompilationCodePage
                0x000000000011be50                ReleaseCompilationCodePage
                0x000000000011be88                IsRegisterSlotAlias
                0x000000000011bee8                IsFpRegisterSlotAlias
                0x000000000011bf28                IsIntRegisterSlotAlias
                0x000000000011bf68                GetTypeNumSlots
                0x000000000011bfac                AlignSlotToType
                0x000000000011c028                GetStackTopIndex
                0x000000000011c05c                GetStackTypeFromTop
                0x000000000011c0f4                GetStackTopType
                0x000000000011c120                GetStackTypeFromBottom
                0x000000000011c184                IsConstantSlot
                0x000000000011c1e8                IsSlotAllocated
                0x000000000011c238                IsStackIndexInRegister
                0x000000000011c2b8                GetNumBlockValuesOnStack
                0x000000000011c2f4                IsStackTopInRegister
                0x000000000011c32c                IsStackTopMinus1InRegister
                0x000000000011c368                IsStackTopMinus2InRegister
                0x000000000011c3a4                IsStackTopInSlot
                0x000000000011c3ec                IsValidSlot
                0x000000000011c424                GetStackTopSlotNumber
                0x000000000011c484                GetSlotForStackIndex
                0x000000000011c4e8                GetExtraSlotForStackIndex
                0x000000000011c574                TouchSlot
                0x000000000011c5d4                MarkSlotAllocated
                0x000000000011c664                MarkSlotsAllocated
                0x000000000011c6c4                MarkSlotsAllocatedByType
                0x000000000011c718                AllocateSlotsWithinRange
                0x000000000011c848                AllocateSlots
                0x000000000011c894                AllocateConstantSlots
                0x000000000011c90c                IncrementSlotUsageCount
                0x000000000011c9b0                DeallocateSlot
                0x000000000011ca60                IsRegisterAllocated
                0x000000000011cab8                IsRegisterTypeAllocated
                0x000000000011cafc                AllocateRegister
                0x000000000011cb54                DeallocateRegister
                0x000000000011cb9c                GetRegisterStackIndex
                0x000000000011cbe8                GetMaxUsedSlotPlusOne
                0x000000000011ccac                PreserveRegisterIfOccupied
                0x000000000011cde8                PreserveRegisters
                0x000000000011ce44                PreserveNonTopRegisters
                0x000000000011cf40                Push
                0x000000000011d034                PushRegister
                0x000000000011d0c0                Pop
                0x000000000011d1fc                PopType
                0x000000000011d290                _PushAllocatedSlotAndEmit
                0x000000000011d358                PushAllocatedSlotAndEmit
                0x000000000011d394                PushAllocatedSlot
                0x000000000011d3d0                PushConst
                0x000000000011d854                EmitSlotNumOfStackTopAndPop
                0x000000000011d8a8                AddTrapRecord
                0x000000000011d8dc                UnwindBlockStack
                0x000000000011d960                IsStackPolymorphic
                0x000000000011d988                SetStackPolymorphic
                0x000000000011d9bc                PatchBranches
                0x000000000011da30                CopyStackIndexToSlot
                0x000000000011db6c                CopyStackTopToSlot
                0x000000000011dbc8                PreservedCopyTopSlot
                0x000000000011dce4                CopyStackTopToRegister
                0x000000000011de0c                FindReferencedLocalWithinCurrentBlock
                0x000000000011dfac                GetBlockScope
                0x000000000011e050                CopyStackSlotsR
                0x000000000011e360                ResolveBlockResults
                0x000000000011e598                ReturnValues
                0x000000000011e81c                Compile_Const_i32
                0x000000000011e8ac                Compile_Const_i64
                0x000000000011e928                Compile_Const_f32
                0x000000000011e9c0                Compile_Const_f64
                0x000000000011ea48                Compile_ExtendedOpcode
                0x000000000011eb94                Compile_Return
                0x000000000011ec88                ValidateBlockEnd
                0x000000000011ecbc                Compile_End
                0x000000000011ed6c                Compile_SetLocal
                0x000000000011eec0                Compile_GetLocal
                0x000000000011efa4                Compile_GetGlobal
                0x000000000011f054                Compile_SetGlobal
                0x000000000011f190                Compile_GetSetGlobal
                0x000000000011f2f4                EmitPatchingBranchPointer
                0x000000000011f338                EmitPatchingBranch
                0x000000000011f3a0                Compile_Branch
                0x000000000011f8a8                Compile_BranchTable
                0x000000000011fc40                CompileCallArgsAndReturn
                0x000000000011fe3c                Compile_Call
                0x0000000000120010                Compile_CallIndirect
                0x00000000001201d4                Compile_Memory_Size
                0x0000000000120294                Compile_Memory_Grow
                0x0000000000120378                Compile_Memory_CopyFill
                0x0000000000120614                PreserveArgsAndLocals
                0x000000000012076c                Compile_LoopOrBlock
                0x0000000000120998                CompileElseBlock
                0x0000000000120a94                Compile_If
                0x0000000000120c94                Compile_Select
                0x00000000001210b4                Compile_Drop
                0x00000000001210e8                Compile_Nop
                0x000000000012111c                Compile_Unreachable
                0x00000000001211a0                Compile_Operator
                0x000000000012149c                Compile_Convert
                0x00000000001215f8                Compile_Load_Store
                0x0000000000121740                GetOpInfo
                0x0000000000121800                CompileBlockStatements
                0x0000000000121a60                PushBlockResults
                0x0000000000121b68                CompileBlock
                0x0000000000121f5c                CompileLocals
                0x00000000001220f0                ReserveConstants
                0x000000000012222c                CompileFunction
                0x0000000000122708                m3_Abort
                0x000000000012271c                m3_Yield
                0x0000000000122740                m3_Malloc
                0x0000000000122774                m3_FreeImpl
                0x0000000000122798                m3_Realloc
                0x0000000000122850                m3_CopyMem
                0x000000000012289c                NormalizeType
                0x0000000000122930                IsFpType
                0x0000000000122980                IsIntType
                0x00000000001229d0                Is64BitType
                0x0000000000122a44                SizeOfType
                0x0000000000122a8c                Read_u64
                0x0000000000122b18                Read_u32
                0x0000000000122ba8                Read_f64
                0x0000000000122c34                Read_f32
                0x0000000000122cc4                Read_u8
                0x0000000000122d44                Read_opcode
                0x0000000000122dd0                ReadLebUnsigned
                0x0000000000122f20                ReadLebSigned
                0x0000000000123118                ReadLEB_u32
                0x0000000000123164                ReadLEB_u7
                0x00000000001231b4                ReadLEB_i7
                0x0000000000123204                ReadLEB_i32
                0x0000000000123250                ReadLEB_i64
                0x000000000012329c                Read_utf8
                0x000000000012341c                EnsureCodePageNumLines
                0x0000000000123514                BridgeToNewPageIfNecessary
                0x0000000000123540                EmitOp
                0x00000000001235b0                EmitConstant32
                0x00000000001235f4                EmitSlotOffset
                0x000000000012363c                EmitPointer
                0x0000000000123698                ReservePointer
                0x00000000001236d8                GetPC
                0x000000000012378c                m3_NewEnvironment
                0x0000000000123898                Environment_Release
                0x0000000000123904                m3_FreeEnvironment
                0x0000000000123944                Environment_AddFuncType
                0x0000000000123a00                RemoveCodePageOfCapacity
                0x0000000000123aac                Environment_AcquireCodePage
                0x0000000000123ae4                Environment_ReleaseCodePages
                0x0000000000123b7c                m3_NewRuntime
                0x0000000000123c4c                m3_GetUserData
                0x0000000000123c8c                ForEachModule
                0x0000000000123d18                _FreeModule
                0x0000000000123d44                Runtime_Release
                0x0000000000123e0c                m3_FreeRuntime
                0x0000000000123e50                EvaluateExpression
                0x00000000001241f8                InitMemory
                0x000000000012428c                ResizeMemory
                0x0000000000124450                InitGlobals
                0x0000000000124544                InitDataSegments
                0x00000000001246c4                InitElements
                0x00000000001249a0                m3_CompileModule
                0x0000000000124a54                m3_RunStart
                0x0000000000124bb0                m3_LoadModule
                0x0000000000124cf0                m3_FindGlobal
                0x0000000000124e1c                m3_GetGlobal
                0x0000000000124f00                m3_SetGlobal
                0x0000000000125008                m3_GetGlobalType
                0x0000000000125044                v_FindFunction
                0x0000000000125184                m3_FindFunction
                0x00000000001252f0                m3_GetArgCount
                0x0000000000125344                m3_GetRetCount
                0x0000000000125398                m3_GetArgType
                0x0000000000125420                m3_GetRetType
                0x000000000012549c                GetStackPointerForArgs
                0x00000000001254fc                m3_CallV
                0x0000000000125554                m3_CallVL
                0x0000000000125768                m3_Call
                0x00000000001259ac                m3_CallArgv
                0x0000000000125c34                m3_GetResults
                0x0000000000125e10                m3_GetResultsV
                0x0000000000125e50                m3_GetResultsVL
                0x0000000000125ff0                ReleaseCodePageNoTrack
                0x0000000000126074                AcquireCodePageWithCapacity
                0x0000000000126144                AcquireCodePage
                0x0000000000126170                ReleaseCodePage
                0x00000000001261c4                m3Error
                0x00000000001262e0                m3_GetErrorInfo
                0x000000000012633c                m3_ResetErrorInfo
                0x0000000000126398                m3_GetMemory
                0x0000000000126424                m3_GetMemorySize
                0x0000000000126454                m3_GetBacktrace
                0x0000000000126478                m3_PrintProfilerInfo
                0x0000000000126490                AllocFuncType
                0x00000000001264f8                AreFuncTypesEqual
                0x0000000000126594                GetFuncTypeNumParams
                0x00000000001265d0                GetFuncTypeParamType
                0x0000000000126648                GetFuncTypeNumResults
                0x0000000000126684                GetFuncTypeResultType
                0x00000000001266ec                FreeImportInfo
                0x0000000000126740                Function_Release
                0x0000000000126848                Function_FreeCompiledCode
                0x0000000000126868                m3_GetFunctionName
                0x00000000001268c0                m3_GetFunctionModule
                0x00000000001268fc                GetFunctionNames
                0x0000000000126980                GetFunctionImportModuleName
                0x00000000001269c4                GetFunctionNumArgs
                0x0000000000126a1c                GetFunctionArgType
                0x0000000000126a94                GetFunctionNumReturns
                0x0000000000126aec                GetFunctionReturnType
                0x0000000000126b40                GetFunctionNumArgsAndLocals
                0x0000000000126b8c                Module_FreeFunctions
                0x0000000000126bf8                m3_FreeModule
                0x0000000000126d48                Module_AddGlobal
                0x0000000000126e6c                Module_AddFunction
                0x0000000000126fe0                Module_GetFunction
                0x000000000012703c                m3_GetModuleName
                0x000000000012708c                m3_SetModuleName
                0x00000000001270c8                m3_GetModuleRuntime
                0x0000000000127104                ParseType_Table
                0x0000000000127140                ParseType_Memory
                0x0000000000127214                ParseSection_Type
                0x0000000000127734                ParseSection_Function
                0x000000000012784c                ParseSection_Import
                0x0000000000127bb4                ParseSection_Export
                0x0000000000127e58                ParseSection_Start
                0x0000000000127ef0                Parse_InitExpr
                0x0000000000127fec                ParseSection_Element
                0x00000000001280c0                ParseSection_Code
                0x000000000012825c                ParseSection_Data
                0x00000000001284e0                ParseSection_Memory
                0x000000000012858c                ParseSection_Global
                0x0000000000128798                ParseSection_Custom
                0x0000000000128a10                ParseModuleSection
                0x0000000000128aac                m3_ParseModule
 .text          0x0000000000128da4      0x20c c:/devkitpro/devkitarm/bin/../lib/gcc/arm-none-eabi/11.2.0/armv6k/fpu\libgcc.a(_udivsi3.o)
                0x0000000000128da4                __aeabi_uidiv
                0x0000000000128da4                __udivsi3
                0x0000000000128f90                __aeabi_uidivmod
 .text          0x0000000000128fb0      0x240 c:/devkitpro/devkitarm/bin/../lib/gcc/arm-none-eabi/11.2.0/armv6k/fpu\libgcc.a(_divsi3.o)
                0x0000000000128fb0                __divsi3
                0x0000000000128fb0                __aeabi_idiv
                0x00000000001291d0                __aeabi_idivmod
 .text          0x00000000001291f0        0x4 c:/devkitpro/devkitarm/bin/../lib/gcc/arm-none-eabi/11.2.0/armv6k/fpu\libgcc.a(_dvmd_tls.o)
                0x00000000001291f0                __aeabi_idiv0
                0x00000000001291f0                __aeabi_ldiv0
 .text          0x00000000001291f4      0x3c0 c:/devkitpro/devkitarm/bin/../lib/gcc/arm-none-eabi/11.2.0/armv6k/fpu\libgcc.a(_arm_addsubdf3.o)
                0x00000000001291f4                __aeabi_drsub
                0x00000000001291fc                __aeabi_dsub
                0x00000000001291fc                __subdf3
                0x0000000000129200                __aeabi_dadd
                0x0000000000129200                __adddf3
                0x00000000001294ac                __floatunsidf
                0x00000000001294ac                __aeabi_ui2d
                0x00000000001294d0                __floatsidf
                0x00000000001294d0                __aeabi_i2d
                0x00000000001294f8                __aeabi_f2d
                0x00000000001294f8                __extendsfdf2
                0x0000000000129540                __floatundidf
                0x0000000000129540                __aeabi_ul2d
                0x0000000000129554                __floatdidf
                0x0000000000129554                __aeabi_l2d
 .text          0x00000000001295b4      0x250 c:/devkitpro/devkitarm/bin/../lib/gcc/arm-none-eabi/11.2.0/armv6k/fpu\libgcc.a(_arm_addsubsf3.o)
                0x00000000001295b4                __aeabi_frsub
                0x00000000001295bc                __subsf3
                0x00000000001295bc                __aeabi_fsub
                0x00000000001295c0                __aeabi_fadd
                0x00000000001295c0                __addsf3
                0x0000000000129750                __aeabi_ui2f
                0x0000000000129750                __floatunsisf
                0x0000000000129758                __aeabi_i2f
                0x0000000000129758                __floatsisf
                0x0000000000129778                __aeabi_ul2f
                0x0000000000129778                __floatundisf
                0x0000000000129788                __aeabi_l2f
                0x0000000000129788                __floatdisf
 .text          0x0000000000129804       0xd4 c:/devkitpro/devkitarm/bin/../lib/gcc/arm-none-eabi/11.2.0/armv6k/fpu\libgcc.a(_aeabi_ldivmod.o)
                0x0000000000129804                __aeabi_ldivmod
 .text          0x00000000001298d8       0x3c c:/devkitpro/devkitarm/bin/../lib/gcc/arm-none-eabi/11.2.0/armv6k/fpu\libgcc.a(_aeabi_uldivmod.o)
                0x00000000001298d8                __aeabi_uldivmod
 *fill*         0x0000000000129914        0xc 
 .text          0x0000000000129920      0x390 c:/devkitpro/devkitarm/bin/../lib/gcc/arm-none-eabi/11.2.0/../../../../arm-none-eabi/lib/armv6k/fpu\libg.a(lib_a-strcmp.o)
                0x0000000000129928                strcmp
 *(.text.*)
 .text.__do_global_dtors_aux
                0x0000000000129cb0       0x40 c:/devkitpro/devkitarm/bin/../lib/gcc/arm-none-eabi/11.2.0/armv6k/fpu/crtbegin.o
 .text.frame_dummy
                0x0000000000129cf0       0x2c c:/devkitpro/devkitarm/bin/../lib/gcc/arm-none-eabi/11.2.0/armv6k/fpu/crtbegin.o
 .text.Link3DSFunctions
                0x0000000000129d1c        0x4 3ds_wasm.o
                0x0000000000129d1c                Link3DSFunctions
 .text.startup.main
                0x0000000000129d20       0x80 main.o
                0x0000000000129d20                main
 .text.__system_initArgv
                0x0000000000129da0      0x168 C:/devkitPro/libctru/lib\libctru.a(initArgv.o)
                0x0000000000129da0                __system_initArgv
 .text.initSystem
                0x0000000000129f08       0x50 C:/devkitPro/libctru/lib\libctru.a(stack_adjust.o)
                0x0000000000129f08                initSystem
 .text.__ctru_exit
                0x0000000000129f58       0x18 C:/devkitPro/libctru/lib\libctru.a(stack_adjust.o)
                0x0000000000129f58                __ctru_exit
 .text.__appInit
                0x0000000000129f70       0x30 C:/devkitPro/libctru/lib\libctru.a(appInit.o)
                0x0000000000129f70                __appInit
 .text.__appExit
                0x0000000000129fa0       0x30 C:/devkitPro/libctru/lib\libctru.a(appExit.o)
                0x0000000000129fa0                __appExit
 .text.__libctru_init
                0x0000000000129fd0       0x38 C:/devkitPro/libctru/lib\libctru.a(ctru_init.o)
                0x0000000000129fd0                __libctru_init
 .text.__libctru_exit
                0x000000000012a008       0x90 C:/devkitPro/libctru/lib\libctru.a(ctru_exit.o)
                0x000000000012a008                __libctru_exit
 .text.svcControlMemory
                0x000000000012a098       0x20 C:/devkitPro/libctru/lib\libctru.a(svc.o)
                0x000000000012a098                svcControlMemory
 .text.svcQueryMemory
                0x000000000012a0b8       0x30 C:/devkitPro/libctru/lib\libctru.a(svc.o)
                0x000000000012a0b8                svcQueryMemory
 .text.svcExitProcess
                0x000000000012a0e8        0x8 C:/devkitPro/libctru/lib\libctru.a(svc.o)
                0x000000000012a0e8                svcExitProcess
 .text.svcCreateThread
                0x000000000012a0f0       0x20 C:/devkitPro/libctru/lib\libctru.a(svc.o)
                0x000000000012a0f0                svcCreateThread
 .text.svcExitThread
                0x000000000012a110        0x8 C:/devkitPro/libctru/lib\libctru.a(svc.o)
                0x000000000012a110                svcExitThread
 .text.svcSleepThread
                0x000000000012a118        0x8 C:/devkitPro/libctru/lib\libctru.a(svc.o)
                0x000000000012a118                svcSleepThread
 .text.svcReleaseMutex
                0x000000000012a120        0x8 C:/devkitPro/libctru/lib\libctru.a(svc.o)
                0x000000000012a120                svcReleaseMutex
 .text.svcSignalEvent
                0x000000000012a128        0x8 C:/devkitPro/libctru/lib\libctru.a(svc.o)
                0x000000000012a128                svcSignalEvent
 .text.svcClearEvent
                0x000000000012a130        0x8 C:/devkitPro/libctru/lib\libctru.a(svc.o)
                0x000000000012a130                svcClearEvent
 .text.svcMapMemoryBlock
                0x000000000012a138        0x8 C:/devkitPro/libctru/lib\libctru.a(svc.o)
                0x000000000012a138                svcMapMemoryBlock
 .text.svcUnmapMemoryBlock
                0x000000000012a140        0x8 C:/devkitPro/libctru/lib\libctru.a(svc.o)
                0x000000000012a140                svcUnmapMemoryBlock
 .text.svcCreateAddressArbiter
                0x000000000012a148       0x14 C:/devkitPro/libctru/lib\libctru.a(svc.o)
                0x000000000012a148                svcCreateAddressArbiter
 .text.svcArbitrateAddressNoTimeout
                0x000000000012a15c        0x8 C:/devkitPro/libctru/lib\libctru.a(svc.o)
                0x000000000012a15c                svcArbitrateAddressNoTimeout
 .text.svcCloseHandle
                0x000000000012a164        0x8 C:/devkitPro/libctru/lib\libctru.a(svc.o)
                0x000000000012a164                svcCloseHandle
 .text.svcWaitSynchronization
                0x000000000012a16c        0x8 C:/devkitPro/libctru/lib\libctru.a(svc.o)
                0x000000000012a16c                svcWaitSynchronization
 .text.svcWaitSynchronizationN
                0x000000000012a174       0x28 C:/devkitPro/libctru/lib\libctru.a(svc.o)
                0x000000000012a174                svcWaitSynchronizationN
 .text.svcDuplicateHandle
                0x000000000012a19c       0x14 C:/devkitPro/libctru/lib\libctru.a(svc.o)
                0x000000000012a19c                svcDuplicateHandle
 .text.svcConnectToPort
                0x000000000012a1b0       0x14 C:/devkitPro/libctru/lib\libctru.a(svc.o)
                0x000000000012a1b0                svcConnectToPort
 .text.svcSendSyncRequest
                0x000000000012a1c4        0x8 C:/devkitPro/libctru/lib\libctru.a(svc.o)
                0x000000000012a1c4                svcSendSyncRequest
 .text.svcGetResourceLimit
                0x000000000012a1cc       0x14 C:/devkitPro/libctru/lib\libctru.a(svc.o)
                0x000000000012a1cc                svcGetResourceLimit
 .text.svcGetResourceLimitLimitValues
                0x000000000012a1e0        0x8 C:/devkitPro/libctru/lib\libctru.a(svc.o)
                0x000000000012a1e0                svcGetResourceLimitLimitValues
 .text.svcGetResourceLimitCurrentValues
                0x000000000012a1e8        0x8 C:/devkitPro/libctru/lib\libctru.a(svc.o)
                0x000000000012a1e8                svcGetResourceLimitCurrentValues
 .text.svcBreak
                0x000000000012a1f0        0x8 C:/devkitPro/libctru/lib\libctru.a(svc.o)
                0x000000000012a1f0                svcBreak
 .text.__sync_init
                0x000000000012a1f8        0xc C:/devkitPro/libctru/lib\libctru.a(synchronization.o)
                0x000000000012a1f8                __sync_init
 .text.__sync_fini
                0x000000000012a204       0x18 C:/devkitPro/libctru/lib\libctru.a(synchronization.o)
                0x000000000012a204                __sync_fini
 .text.LightLock_Lock
                0x000000000012a21c       0x94 C:/devkitPro/libctru/lib\libctru.a(synchronization.o)
                0x000000000012a21c                LightLock_Lock
 .text.LightLock_Unlock
                0x000000000012a2b0       0x40 C:/devkitPro/libctru/lib\libctru.a(synchronization.o)
                0x000000000012a2b0                LightLock_Unlock
 .text.RecursiveLock_Init
                0x000000000012a2f0       0x24 C:/devkitPro/libctru/lib\libctru.a(synchronization.o)
                0x000000000012a2f0                RecursiveLock_Init
 .text.RecursiveLock_Lock
                0x000000000012a314       0x30 C:/devkitPro/libctru/lib\libctru.a(synchronization.o)
                0x000000000012a314                RecursiveLock_Lock
 .text.RecursiveLock_Unlock
                0x000000000012a344       0x54 C:/devkitPro/libctru/lib\libctru.a(synchronization.o)
                0x000000000012a344                RecursiveLock_Unlock
 .text.LightEvent_Init
                0x000000000012a398       0x40 C:/devkitPro/libctru/lib\libctru.a(synchronization.o)
                0x000000000012a398                LightEvent_Init
 .text.LightEvent_Clear
                0x000000000012a3d8       0xa4 C:/devkitPro/libctru/lib\libctru.a(synchronization.o)
                0x000000000012a3d8                LightEvent_Clear
 .text.LightEvent_Signal
                0x000000000012a47c       0xc8 C:/devkitPro/libctru/lib\libctru.a(synchronization.o)
                0x000000000012a47c                LightEvent_Signal
 .text.LightEvent_TryWait
                0x000000000012a544       0x58 C:/devkitPro/libctru/lib\libctru.a(synchronization.o)
                0x000000000012a544                LightEvent_TryWait
 .text.LightEvent_Wait
                0x000000000012a59c       0xb0 C:/devkitPro/libctru/lib\libctru.a(synchronization.o)
                0x000000000012a59c                LightEvent_Wait
 .text.envGetHandle
                0x000000000012a64c       0x84 C:/devkitPro/libctru/lib\libctru.a(env.o)
                0x000000000012a64c                envGetHandle
 .text.envDestroyHandles
                0x000000000012a6d0       0x50 C:/devkitPro/libctru/lib\libctru.a(env.o)
                0x000000000012a6d0                envDestroyHandles
 .text.srvInit  0x000000000012a720      0x124 C:/devkitPro/libctru/lib\libctru.a(srv.o)
                0x000000000012a720                srvInit
 .text.srvExit  0x000000000012a844       0x58 C:/devkitPro/libctru/lib\libctru.a(srv.o)
                0x000000000012a844                srvExit
 .text.srvGetServiceHandleDirect
                0x000000000012a89c       0x80 C:/devkitPro/libctru/lib\libctru.a(srv.o)
                0x000000000012a89c                srvGetServiceHandleDirect
 .text.srvGetServiceHandle
                0x000000000012a91c       0x48 C:/devkitPro/libctru/lib\libctru.a(srv.o)
                0x000000000012a91c                srvGetServiceHandle
 .text.srvPublishToSubscriber
                0x000000000012a964       0x38 C:/devkitPro/libctru/lib\libctru.a(srv.o)
                0x000000000012a964                srvPublishToSubscriber
 .text.archive_link
                0x000000000012a99c       0x14 C:/devkitPro/libctru/lib\libctru.a(archive_dev.o)
 .text.archive_dirreset
                0x000000000012a9b0       0x14 C:/devkitPro/libctru/lib\libctru.a(archive_dev.o)
 .text.archive_chmod
                0x000000000012a9c4       0x14 C:/devkitPro/libctru/lib\libctru.a(archive_dev.o)
 .text.error_cmp
                0x000000000012a9d8       0x24 C:/devkitPro/libctru/lib\libctru.a(archive_dev.o)
 .text.archive_translate_error
                0x000000000012a9fc       0x50 C:/devkitPro/libctru/lib\libctru.a(archive_dev.o)
 .text.archive_seek
                0x000000000012aa4c       0xd4 C:/devkitPro/libctru/lib\libctru.a(archive_dev.o)
 .text._archiveInit.part.0
                0x000000000012ab20       0x7c C:/devkitPro/libctru/lib\libctru.a(archive_dev.o)
 .text.archiveFindDevice.part.0
                0x000000000012ab9c       0x8c C:/devkitPro/libctru/lib\libctru.a(archive_dev.o)
 .text.archive_utf16path
                0x000000000012ac28      0x260 C:/devkitPro/libctru/lib\libctru.a(archive_dev.o)
 .text._archiveUnmountDeviceStruct.part.0
                0x000000000012ae88       0xa0 C:/devkitPro/libctru/lib\libctru.a(archive_dev.o)
 .text.archive_fchmod
                0x000000000012af28       0x14 C:/devkitPro/libctru/lib\libctru.a(archive_dev.o)
 .text.archive_statvfs
                0x000000000012af3c       0x14 C:/devkitPro/libctru/lib\libctru.a(archive_dev.o)
 .text._archiveMountDevice
                0x000000000012af50      0x158 C:/devkitPro/libctru/lib\libctru.a(archive_dev.o)
 .text.archive_diropen
                0x000000000012b0a8       0xe8 C:/devkitPro/libctru/lib\libctru.a(archive_dev.o)
 .text.archive_fstat
                0x000000000012b190       0xa4 C:/devkitPro/libctru/lib\libctru.a(archive_dev.o)
 .text.archive_close
                0x000000000012b234       0x6c C:/devkitPro/libctru/lib\libctru.a(archive_dev.o)
 .text.archive_fsync
                0x000000000012b2a0       0x6c C:/devkitPro/libctru/lib\libctru.a(archive_dev.o)
 .text.archive_dirclose
                0x000000000012b30c       0x70 C:/devkitPro/libctru/lib\libctru.a(archive_dev.o)
 .text.sdmc_statvfs
                0x000000000012b37c       0xe8 C:/devkitPro/libctru/lib\libctru.a(archive_dev.o)
 .text.archive_ftruncate
                0x000000000012b464       0x80 C:/devkitPro/libctru/lib\libctru.a(archive_dev.o)
 .text.archive_chdir
                0x000000000012b4e4       0xfc C:/devkitPro/libctru/lib\libctru.a(archive_dev.o)
 .text.archive_read
                0x000000000012b5e0       0xb0 C:/devkitPro/libctru/lib\libctru.a(archive_dev.o)
 .text.archive_unlink
                0x000000000012b690       0xac C:/devkitPro/libctru/lib\libctru.a(archive_dev.o)
 .text.archive_rmdir
                0x000000000012b73c       0xc8 C:/devkitPro/libctru/lib\libctru.a(archive_dev.o)
 .text.archive_mkdir
                0x000000000012b804       0xec C:/devkitPro/libctru/lib\libctru.a(archive_dev.o)
 .text.archive_stat
                0x000000000012b8f0      0x1a8 C:/devkitPro/libctru/lib\libctru.a(archive_dev.o)
 .text.archive_rename
                0x000000000012ba98      0x26c C:/devkitPro/libctru/lib\libctru.a(archive_dev.o)
 .text.archive_dirnext
                0x000000000012bd04      0x168 C:/devkitPro/libctru/lib\libctru.a(archive_dev.o)
 .text.archive_write
                0x000000000012be6c      0x12c C:/devkitPro/libctru/lib\libctru.a(archive_dev.o)
 .text.archive_open
                0x000000000012bf98      0x1e8 C:/devkitPro/libctru/lib\libctru.a(archive_dev.o)
 .text.archiveMountSdmc
                0x000000000012c180      0x1a4 C:/devkitPro/libctru/lib\libctru.a(archive_dev.o)
                0x000000000012c180                archiveMountSdmc
 .text.archiveUnmountAll
                0x000000000012c324       0x54 C:/devkitPro/libctru/lib\libctru.a(archive_dev.o)
                0x000000000012c324                archiveUnmountAll
 .text.aptDspSleep
                0x000000000012c378        0x8 C:/devkitPro/libctru/lib\libctru.a(apt.o)
                0x000000000012c378                aptDspSleep
 .text.aptDspWakeup
                0x000000000012c380        0x4 C:/devkitPro/libctru/lib\libctru.a(apt.o)
                0x000000000012c380                aptDspWakeup
 .text.aptDspCancel
                0x000000000012c384        0x4 C:/devkitPro/libctru/lib\libctru.a(apt.o)
                0x000000000012c384                aptDspCancel
 .text.aptSendCommand
                0x000000000012c388      0x15c C:/devkitPro/libctru/lib\libctru.a(apt.o)
                0x000000000012c388                aptSendCommand
 .text.aptExitProcess
                0x000000000012c4e4       0x38 C:/devkitPro/libctru/lib\libctru.a(apt.o)
 .text.aptExit  0x000000000012c51c      0x2f0 C:/devkitPro/libctru/lib\libctru.a(apt.o)
                0x000000000012c51c                aptExit
 .text.APT_SleepIfShellClosed
                0x000000000012c80c       0x84 C:/devkitPro/libctru/lib\libctru.a(apt.o)
                0x000000000012c80c                APT_SleepIfShellClosed
 .text.APT_UnlockTransition
                0x000000000012c890       0x84 C:/devkitPro/libctru/lib\libctru.a(apt.o)
                0x000000000012c890                APT_UnlockTransition
 *fill*         0x000000000012c914        0x4 
 .text.aptEventHandler
                0x000000000012c918      0x484 C:/devkitPro/libctru/lib\libctru.a(apt.o)
 .text.APT_ReceiveParameter
                0x000000000012cd9c       0xb0 C:/devkitPro/libctru/lib\libctru.a(apt.o)
                0x000000000012cd9c                APT_ReceiveParameter
 .text.aptReceiveParameter.constprop.0
                0x000000000012ce4c       0xb0 C:/devkitPro/libctru/lib\libctru.a(apt.o)
 .text.aptWaitForWakeUp.isra.0
                0x000000000012cefc      0x374 C:/devkitPro/libctru/lib\libctru.a(apt.o)
 .text.aptInit  0x000000000012d270      0x234 C:/devkitPro/libctru/lib\libctru.a(apt.o)
                0x000000000012d270                aptInit
 .text.APT_CheckNew3DS
                0x000000000012d4a4       0x7c C:/devkitPro/libctru/lib\libctru.a(apt.o)
                0x000000000012d4a4                APT_CheckNew3DS
 .text.hidShouldUseIrrst
                0x000000000012d520       0x24 C:/devkitPro/libctru/lib\libctru.a(hid.o)
                0x000000000012d520                hidShouldUseIrrst
 .text.hidInit  0x000000000012d544      0x18c C:/devkitPro/libctru/lib\libctru.a(hid.o)
                0x000000000012d544                hidInit
 .text.hidExit  0x000000000012d6d0       0xe8 C:/devkitPro/libctru/lib\libctru.a(hid.o)
                0x000000000012d6d0                hidExit
 .text.srvPmGetSessionHandle
                0x000000000012d7b8        0xc C:/devkitPro/libctru/lib\libctru.a(srvpm.o)
                0x000000000012d7b8                srvPmGetSessionHandle
 .text.fsInit   0x000000000012d7c4       0xc8 C:/devkitPro/libctru/lib\libctru.a(fs.o)
                0x000000000012d7c4                fsInit
 .text.fsExit   0x000000000012d88c       0x3c C:/devkitPro/libctru/lib\libctru.a(fs.o)
                0x000000000012d88c                fsExit
 .text.fsExemptFromSession
                0x000000000012d8c8       0x60 C:/devkitPro/libctru/lib\libctru.a(fs.o)
                0x000000000012d8c8                fsExemptFromSession
 .text.fsUnexemptFromSession
                0x000000000012d928       0x50 C:/devkitPro/libctru/lib\libctru.a(fs.o)
                0x000000000012d928                fsUnexemptFromSession
 .text.FSUSER_OpenFile
                0x000000000012d978       0xcc C:/devkitPro/libctru/lib\libctru.a(fs.o)
                0x000000000012d978                FSUSER_OpenFile
 .text.FSUSER_DeleteFile
                0x000000000012da44       0xbc C:/devkitPro/libctru/lib\libctru.a(fs.o)
                0x000000000012da44                FSUSER_DeleteFile
 .text.FSUSER_RenameFile
                0x000000000012db00       0xf8 C:/devkitPro/libctru/lib\libctru.a(fs.o)
                0x000000000012db00                FSUSER_RenameFile
 .text.FSUSER_DeleteDirectory
                0x000000000012dbf8       0xbc C:/devkitPro/libctru/lib\libctru.a(fs.o)
                0x000000000012dbf8                FSUSER_DeleteDirectory
 .text.FSUSER_CreateFile
                0x000000000012dcb4       0xd4 C:/devkitPro/libctru/lib\libctru.a(fs.o)
                0x000000000012dcb4                FSUSER_CreateFile
 .text.FSUSER_CreateDirectory
                0x000000000012dd88       0xc4 C:/devkitPro/libctru/lib\libctru.a(fs.o)
                0x000000000012dd88                FSUSER_CreateDirectory
 .text.FSUSER_RenameDirectory
                0x000000000012de4c       0xf8 C:/devkitPro/libctru/lib\libctru.a(fs.o)
                0x000000000012de4c                FSUSER_RenameDirectory
 .text.FSUSER_OpenDirectory
                0x000000000012df44       0xb4 C:/devkitPro/libctru/lib\libctru.a(fs.o)
                0x000000000012df44                FSUSER_OpenDirectory
 .text.FSUSER_OpenArchive
                0x000000000012dff8       0x94 C:/devkitPro/libctru/lib\libctru.a(fs.o)
                0x000000000012dff8                FSUSER_OpenArchive
 .text.FSUSER_CloseArchive
                0x000000000012e08c       0x8c C:/devkitPro/libctru/lib\libctru.a(fs.o)
                0x000000000012e08c                FSUSER_CloseArchive
 .text.FSUSER_GetSdmcArchiveResource
                0x000000000012e118       0x74 C:/devkitPro/libctru/lib\libctru.a(fs.o)
                0x000000000012e118                FSUSER_GetSdmcArchiveResource
 .text.FSUSER_IsSdmcWritable
                0x000000000012e18c       0x64 C:/devkitPro/libctru/lib\libctru.a(fs.o)
                0x000000000012e18c                FSUSER_IsSdmcWritable
 .text.FSFILE_Read
                0x000000000012e1f0       0x58 C:/devkitPro/libctru/lib\libctru.a(fs.o)
                0x000000000012e1f0                FSFILE_Read
 .text.FSFILE_Write
                0x000000000012e248       0x60 C:/devkitPro/libctru/lib\libctru.a(fs.o)
                0x000000000012e248                FSFILE_Write
 .text.FSFILE_GetSize
                0x000000000012e2a8       0x38 C:/devkitPro/libctru/lib\libctru.a(fs.o)
                0x000000000012e2a8                FSFILE_GetSize
 .text.FSFILE_SetSize
                0x000000000012e2e0       0x28 C:/devkitPro/libctru/lib\libctru.a(fs.o)
                0x000000000012e2e0                FSFILE_SetSize
 .text.FSFILE_Close
                0x000000000012e308       0x3c C:/devkitPro/libctru/lib\libctru.a(fs.o)
                0x000000000012e308                FSFILE_Close
 .text.FSFILE_Flush
                0x000000000012e344       0x24 C:/devkitPro/libctru/lib\libctru.a(fs.o)
                0x000000000012e344                FSFILE_Flush
 .text.FSDIR_Read
                0x000000000012e368       0x50 C:/devkitPro/libctru/lib\libctru.a(fs.o)
                0x000000000012e368                FSDIR_Read
 .text.FSDIR_Close
                0x000000000012e3b8       0x3c C:/devkitPro/libctru/lib\libctru.a(fs.o)
                0x000000000012e3b8                FSDIR_Close
 .text.utf16_to_utf8
                0x000000000012e3f4       0xe8 C:/devkitPro/libctru/lib\libctru.a(utf16_to_utf8.o)
                0x000000000012e3f4                utf16_to_utf8
 .text.decode_utf16
                0x000000000012e4dc       0x64 C:/devkitPro/libctru/lib\libctru.a(decode_utf16.o)
                0x000000000012e4dc                decode_utf16
 .text.decode_utf8
                0x000000000012e540      0x13c C:/devkitPro/libctru/lib\libctru.a(decode_utf8.o)
                0x000000000012e540                decode_utf8
 .text.utf8_to_utf16
                0x000000000012e67c       0xc0 C:/devkitPro/libctru/lib\libctru.a(utf8_to_utf16.o)
                0x000000000012e67c                utf8_to_utf16
 .text.__syscall_getreent
                0x000000000012e73c       0x30 C:/devkitPro/libctru/lib\libctru.a(syscalls.o)
                0x000000000012e73c                __syscall_getreent
 .text.__syscall_lock_acquire
                0x000000000012e76c        0x4 C:/devkitPro/libctru/lib\libctru.a(syscalls.o)
                0x000000000012e76c                __syscall_lock_acquire
 .text.__syscall_lock_release
                0x000000000012e770        0x4 C:/devkitPro/libctru/lib\libctru.a(syscalls.o)
                0x000000000012e770                __syscall_lock_release
 .text.__syscall_lock_init_recursive
                0x000000000012e774        0x4 C:/devkitPro/libctru/lib\libctru.a(syscalls.o)
                0x000000000012e774                __syscall_lock_init_recursive
 .text.__syscall_lock_acquire_recursive
                0x000000000012e778        0x4 C:/devkitPro/libctru/lib\libctru.a(syscalls.o)
                0x000000000012e778                __syscall_lock_acquire_recursive
 .text.__syscall_lock_release_recursive
                0x000000000012e77c        0x4 C:/devkitPro/libctru/lib\libctru.a(syscalls.o)
                0x000000000012e77c                __syscall_lock_release_recursive
 .text.__syscall_exit
                0x000000000012e780        0x4 C:/devkitPro/libctru/lib\libctru.a(syscalls.o)
                0x000000000012e780                __syscall_exit
 .text.__system_initSyscalls
                0x000000000012e784       0x60 C:/devkitPro/libctru/lib\libctru.a(syscalls.o)
                0x000000000012e784                __system_initSyscalls
 *fill*         0x000000000012e7e4        0x4 
 .text.__system_allocateHeaps
                0x000000000012e7e8      0x1e0 C:/devkitPro/libctru/lib\libctru.a(allocateHeaps.o)
                0x000000000012e7e8                __system_allocateHeaps
 .text.__aeabi_read_tp
                0x000000000012e9c8        0xc C:/devkitPro/libctru/lib\libctru.a(readtp.o)
                0x000000000012e9c8                __aeabi_read_tp
 .text.__ctru_speedup_config
                0x000000000012e9d4       0x34 C:/devkitPro/libctru/lib\libctru.a(os.o)
                0x000000000012e9d4                __ctru_speedup_config
 .text.threadCreate
                0x000000000012ea08      0x188 C:/devkitPro/libctru/lib\libctru.a(thread.o)
                0x000000000012ea08                threadCreate
 .text.threadFree
                0x000000000012eb90       0x2c C:/devkitPro/libctru/lib\libctru.a(thread.o)
                0x000000000012eb90                threadFree
 .text.threadJoin
                0x000000000012ebbc       0x24 C:/devkitPro/libctru/lib\libctru.a(thread.o)
                0x000000000012ebbc                threadJoin
 .text.threadGetCurrent
                0x000000000012ebe0       0x30 C:/devkitPro/libctru/lib\libctru.a(thread.o)
                0x000000000012ebe0                threadGetCurrent
 .text.threadExit
                0x000000000012ec10       0x40 C:/devkitPro/libctru/lib\libctru.a(thread.o)
                0x000000000012ec10                threadExit
 .text._thread_begin
                0x000000000012ec50       0x44 C:/devkitPro/libctru/lib\libctru.a(thread.o)
 .text.mappableFindAddressWithin
                0x000000000012ec94       0x94 C:/devkitPro/libctru/lib\libctru.a(mappable.o)
 .text.mappableInit
                0x000000000012ed28       0x28 C:/devkitPro/libctru/lib\libctru.a(mappable.o)
                0x000000000012ed28                mappableInit
 .text.mappableAlloc
                0x000000000012ed50       0x80 C:/devkitPro/libctru/lib\libctru.a(mappable.o)
                0x000000000012ed50                mappableAlloc
 .text.mappableFree
                0x000000000012edd0        0x4 C:/devkitPro/libctru/lib\libctru.a(mappable.o)
                0x000000000012edd0                mappableFree
 .text.irrstInit
                0x000000000012edd4      0x160 C:/devkitPro/libctru/lib\libctru.a(irrst.o)
                0x000000000012edd4                irrstInit
 .text.irrstExit
                0x000000000012ef34       0xcc C:/devkitPro/libctru/lib\libctru.a(irrst.o)
                0x000000000012ef34                irrstExit
 .text.GSPGPU_AcquireRight
                0x000000000012f000       0x68 C:/devkitPro/libctru/lib\libctru.a(gspgpu.o)
                0x000000000012f000                GSPGPU_AcquireRight
 .text.GSPGPU_RestoreVramSysArea
                0x000000000012f068       0x2c C:/devkitPro/libctru/lib\libctru.a(gspgpu.o)
                0x000000000012f068                GSPGPU_RestoreVramSysArea
 .text.ptmSysmInit
                0x000000000012f094       0x74 C:/devkitPro/libctru/lib\libctru.a(ptmsysm.o)
                0x000000000012f094                ptmSysmInit
 .text.ptmSysmExit
                0x000000000012f108       0x3c C:/devkitPro/libctru/lib\libctru.a(ptmsysm.o)
                0x000000000012f108                ptmSysmExit
 .text.PTMSYSM_ConfigureNew3DSCPU
                0x000000000012f144       0x34 C:/devkitPro/libctru/lib\libctru.a(ptmsysm.o)
                0x000000000012f144                PTMSYSM_ConfigureNew3DSCPU
 .text.encode_utf16
                0x000000000012f178       0x60 C:/devkitPro/libctru/lib\libctru.a(encode_utf16.o)
                0x000000000012f178                encode_utf16
 .text.encode_utf8
                0x000000000012f1d8       0xfc C:/devkitPro/libctru/lib\libctru.a(encode_utf8.o)
                0x000000000012f1d8                encode_utf8
 *fill*         0x000000000012f2d4        0x4 
 .text.ceil     0x000000000012f2d8      0x164 c:/devkitpro/devkitarm/bin/../lib/gcc/arm-none-eabi/11.2.0/../../../../arm-none-eabi/lib/armv6k/fpu\libm.a(lib_a-s_ceil.o)
                0x000000000012f2d8                ceil
 .text.copysign
                0x000000000012f43c       0x28 c:/devkitpro/devkitarm/bin/../lib/gcc/arm-none-eabi/11.2.0/../../../../arm-none-eabi/lib/armv6k/fpu\libm.a(lib_a-s_copysign.o)
                0x000000000012f43c                copysign
 .text.ceilf    0x000000000012f464       0xb8 c:/devkitpro/devkitarm/bin/../lib/gcc/arm-none-eabi/11.2.0/../../../../arm-none-eabi/lib/armv6k/fpu\libm.a(lib_a-sf_ceil.o)
                0x000000000012f464                ceilf
 .text.copysignf
                0x000000000012f51c       0x1c c:/devkitpro/devkitarm/bin/../lib/gcc/arm-none-eabi/11.2.0/../../../../arm-none-eabi/lib/armv6k/fpu\libm.a(lib_a-sf_copysign.o)
                0x000000000012f51c                copysignf
 .text.floorf   0x000000000012f538       0xb8 c:/devkitpro/devkitarm/bin/../lib/gcc/arm-none-eabi/11.2.0/../../../../arm-none-eabi/lib/armv6k/fpu\libm.a(lib_a-sf_floor.o)
                0x000000000012f538                floorf
 .text.floor    0x000000000012f5f0      0x174 c:/devkitpro/devkitarm/bin/../lib/gcc/arm-none-eabi/11.2.0/../../../../arm-none-eabi/lib/armv6k/fpu\libm.a(lib_a-s_floor.o)
                0x000000000012f5f0                floor
 .text.rintf    0x000000000012f764       0xf0 c:/devkitpro/devkitarm/bin/../lib/gcc/arm-none-eabi/11.2.0/../../../../arm-none-eabi/lib/armv6k/fpu\libm.a(lib_a-sf_rint.o)
                0x000000000012f764                rintf
 .text.truncf   0x000000000012f854       0x4c c:/devkitpro/devkitarm/bin/../lib/gcc/arm-none-eabi/11.2.0/../../../../arm-none-eabi/lib/armv6k/fpu\libm.a(lib_a-sf_trunc.o)
                0x000000000012f854                truncf
 .text.rint     0x000000000012f8a0      0x180 c:/devkitpro/devkitarm/bin/../lib/gcc/arm-none-eabi/11.2.0/../../../../arm-none-eabi/lib/armv6k/fpu\libm.a(lib_a-s_rint.o)
                0x000000000012f8a0                rint
 .text.trunc    0x000000000012fa20       0x90 c:/devkitpro/devkitarm/bin/../lib/gcc/arm-none-eabi/11.2.0/../../../../arm-none-eabi/lib/armv6k/fpu\libm.a(lib_a-s_trunc.o)
                0x000000000012fa20                trunc
 .text.sqrtf    0x000000000012fab0       0x50 c:/devkitpro/devkitarm/bin/../lib/gcc/arm-none-eabi/11.2.0/../../../../arm-none-eabi/lib/armv6k/fpu\libm.a(lib_a-wf_sqrt.o)
                0x000000000012fab0                sqrtf
 .text.sqrt     0x000000000012fb00       0x58 c:/devkitpro/devkitarm/bin/../lib/gcc/arm-none-eabi/11.2.0/../../../../arm-none-eabi/lib/armv6k/fpu\libm.a(lib_a-w_sqrt.o)
                0x000000000012fb00                sqrt
 .text.__ieee754_sqrtf
                0x000000000012fb58        0x8 c:/devkitpro/devkitarm/bin/../lib/gcc/arm-none-eabi/11.2.0/../../../../arm-none-eabi/lib/armv6k/fpu\libm.a(lib_a-ef_sqrt.o)
                0x000000000012fb58                __ieee754_sqrtf
 .text.__ieee754_sqrt
                0x000000000012fb60        0x8 c:/devkitpro/devkitarm/bin/../lib/gcc/arm-none-eabi/11.2.0/../../../../arm-none-eabi/lib/armv6k/fpu\libm.a(lib_a-e_sqrt.o)
                0x000000000012fb60                __ieee754_sqrt
 .text.__ctzdi2
                0x000000000012fb68       0x28 c:/devkitpro/devkitarm/bin/../lib/gcc/arm-none-eabi/11.2.0/armv6k/fpu\libgcc.a(_ctzdi2.o)
                0x000000000012fb68                __ctzdi2
 .text.__popcountsi2
                0x000000000012fb90       0x44 c:/devkitpro/devkitarm/bin/../lib/gcc/arm-none-eabi/11.2.0/armv6k/fpu\libgcc.a(_popcountsi2.o)
                0x000000000012fb90                __popcountsi2
 .text.__popcountdi2
                0x000000000012fbd4       0x68 c:/devkitpro/devkitarm/bin/../lib/gcc/arm-none-eabi/11.2.0/armv6k/fpu\libgcc.a(_popcountdi2.o)
                0x000000000012fbd4                __popcountdi2
 .text.__fixsfdi
                0x000000000012fc3c       0x30 c:/devkitpro/devkitarm/bin/../lib/gcc/arm-none-eabi/11.2.0/armv6k/fpu\libgcc.a(_fixsfdi.o)
                0x000000000012fc3c                __fixsfdi
                0x000000000012fc3c                __aeabi_f2lz
 .text.__fixdfdi
                0x000000000012fc6c       0x38 c:/devkitpro/devkitarm/bin/../lib/gcc/arm-none-eabi/11.2.0/armv6k/fpu\libgcc.a(_fixdfdi.o)
                0x000000000012fc6c                __fixdfdi
                0x000000000012fc6c                __aeabi_d2lz
 *fill*         0x000000000012fca4        0x4 
 .text.__fixunssfdi
                0x000000000012fca8       0x40 c:/devkitpro/devkitarm/bin/../lib/gcc/arm-none-eabi/11.2.0/armv6k/fpu\libgcc.a(_fixunssfdi.o)
                0x000000000012fca8                __fixunssfdi
                0x000000000012fca8                __aeabi_f2ulz
 .text.__fixunsdfdi
                0x000000000012fce8       0x40 c:/devkitpro/devkitarm/bin/../lib/gcc/arm-none-eabi/11.2.0/armv6k/fpu\libgcc.a(_fixunsdfdi.o)
                0x000000000012fce8                __fixunsdfdi
                0x000000000012fce8                __aeabi_d2ulz
 .text.__udivmoddi4
                0x000000000012fd28      0x120 c:/devkitpro/devkitarm/bin/../lib/gcc/arm-none-eabi/11.2.0/armv6k/fpu\libgcc.a(_udivmoddi4.o)
                0x000000000012fd28                __udivmoddi4
 .text.abort    0x000000000012fe48       0x14 c:/devkitpro/devkitarm/bin/../lib/gcc/arm-none-eabi/11.2.0/../../../../arm-none-eabi/lib/armv6k/fpu\libg.a(lib_a-abort.o)
                0x000000000012fe48                abort
 .text.bsearch  0x000000000012fe5c       0x78 c:/devkitpro/devkitarm/bin/../lib/gcc/arm-none-eabi/11.2.0/../../../../arm-none-eabi/lib/armv6k/fpu\libg.a(lib_a-bsearch.o)
                0x000000000012fe5c                bsearch
 .text.calloc   0x000000000012fed4       0x28 c:/devkitpro/devkitarm/bin/../lib/gcc/arm-none-eabi/11.2.0/../../../../arm-none-eabi/lib/armv6k/fpu\libg.a(lib_a-calloc.o)
                0x000000000012fed4                calloc
 .text._calloc_r
                0x000000000012fefc       0xbc c:/devkitpro/devkitarm/bin/../lib/gcc/arm-none-eabi/11.2.0/../../../../arm-none-eabi/lib/armv6k/fpu\libg.a(lib_a-callocr.o)
                0x000000000012fefc                _calloc_r
 .text.clock    0x000000000012ffb8       0x34 c:/devkitpro/devkitarm/bin/../lib/gcc/arm-none-eabi/11.2.0/../../../../arm-none-eabi/lib/armv6k/fpu\libg.a(lib_a-clock.o)
                0x000000000012ffb8                clock
 .text.__errno  0x000000000012ffec        0xc c:/devkitpro/devkitarm/bin/../lib/gcc/arm-none-eabi/11.2.0/../../../../arm-none-eabi/lib/armv6k/fpu\libg.a(lib_a-errno.o)
                0x000000000012ffec                __errno
 .text.exit     0x000000000012fff8       0x34 c:/devkitpro/devkitarm/bin/../lib/gcc/arm-none-eabi/11.2.0/../../../../arm-none-eabi/lib/armv6k/fpu\libg.a(lib_a-exit.o)
                0x000000000012fff8                exit
 .text.__sflush_r
                0x000000000013002c      0x258 c:/devkitpro/devkitarm/bin/../lib/gcc/arm-none-eabi/11.2.0/../../../../arm-none-eabi/lib/armv6k/fpu\libg.a(lib_a-fflush.o)
                0x000000000013002c                __sflush_r
 .text._fflush_r
                0x0000000000130284       0x94 c:/devkitpro/devkitarm/bin/../lib/gcc/arm-none-eabi/11.2.0/../../../../arm-none-eabi/lib/armv6k/fpu\libg.a(lib_a-fflush.o)
                0x0000000000130284                _fflush_r
 .text.fflush   0x0000000000130318       0x38 c:/devkitpro/devkitarm/bin/../lib/gcc/arm-none-eabi/11.2.0/../../../../arm-none-eabi/lib/armv6k/fpu\libg.a(lib_a-fflush.o)
                0x0000000000130318                fflush
 .text._cleanup_r
                0x0000000000130350        0xc c:/devkitpro/devkitarm/bin/../lib/gcc/arm-none-eabi/11.2.0/../../../../arm-none-eabi/lib/armv6k/fpu\libg.a(lib_a-findfp.o)
                0x0000000000130350                _cleanup_r
 .text.__sinit  0x000000000013035c      0x184 c:/devkitpro/devkitarm/bin/../lib/gcc/arm-none-eabi/11.2.0/../../../../arm-none-eabi/lib/armv6k/fpu\libg.a(lib_a-findfp.o)
                0x000000000013035c                __sinit
 .text.__sfp_lock_acquire
                0x00000000001304e0        0xc c:/devkitpro/devkitarm/bin/../lib/gcc/arm-none-eabi/11.2.0/../../../../arm-none-eabi/lib/armv6k/fpu\libg.a(lib_a-findfp.o)
                0x00000000001304e0                __sfp_lock_acquire
 .text.__sfp_lock_release
                0x00000000001304ec        0xc c:/devkitpro/devkitarm/bin/../lib/gcc/arm-none-eabi/11.2.0/../../../../arm-none-eabi/lib/armv6k/fpu\libg.a(lib_a-findfp.o)
                0x00000000001304ec                __sfp_lock_release
 .text.__libc_fini_array
                0x00000000001304f8       0x3c c:/devkitpro/devkitarm/bin/../lib/gcc/arm-none-eabi/11.2.0/../../../../arm-none-eabi/lib/armv6k/fpu\libg.a(lib_a-fini.o)
                0x00000000001304f8                __libc_fini_array
 .text.fputc    0x0000000000130534       0x94 c:/devkitpro/devkitarm/bin/../lib/gcc/arm-none-eabi/11.2.0/../../../../arm-none-eabi/lib/armv6k/fpu\libg.a(lib_a-fputc.o)
                0x0000000000130534                fputc
 .text._fputs_r
                0x00000000001305c8       0xc0 c:/devkitpro/devkitarm/bin/../lib/gcc/arm-none-eabi/11.2.0/../../../../arm-none-eabi/lib/armv6k/fpu\libg.a(lib_a-fputs.o)
                0x00000000001305c8                _fputs_r
 .text.fputs    0x0000000000130688       0x28 c:/devkitpro/devkitarm/bin/../lib/gcc/arm-none-eabi/11.2.0/../../../../arm-none-eabi/lib/armv6k/fpu\libg.a(lib_a-fputs.o)
                0x0000000000130688                fputs
 .text._malloc_trim_r
                0x00000000001306b0       0xf8 c:/devkitpro/devkitarm/bin/../lib/gcc/arm-none-eabi/11.2.0/../../../../arm-none-eabi/lib/armv6k/fpu\libg.a(lib_a-freer.o)
                0x00000000001306b0                _malloc_trim_r
 .text._free_r  0x00000000001307a8      0x2e4 c:/devkitpro/devkitarm/bin/../lib/gcc/arm-none-eabi/11.2.0/../../../../arm-none-eabi/lib/armv6k/fpu\libg.a(lib_a-freer.o)
                0x00000000001307a8                _free_r
 .text.__sfvwrite_r
                0x0000000000130a8c      0x4c0 c:/devkitpro/devkitarm/bin/../lib/gcc/arm-none-eabi/11.2.0/../../../../arm-none-eabi/lib/armv6k/fpu\libg.a(lib_a-fvwrite.o)
                0x0000000000130a8c                __sfvwrite_r
 .text._fwalk_reent
                0x0000000000130f4c       0x70 c:/devkitpro/devkitarm/bin/../lib/gcc/arm-none-eabi/11.2.0/../../../../arm-none-eabi/lib/armv6k/fpu\libg.a(lib_a-fwalk.o)
                0x0000000000130f4c                _fwalk_reent
 .text._fwrite_r
                0x0000000000130fbc       0xf8 c:/devkitpro/devkitarm/bin/../lib/gcc/arm-none-eabi/11.2.0/../../../../arm-none-eabi/lib/armv6k/fpu\libg.a(lib_a-fwrite.o)
                0x0000000000130fbc                _fwrite_r
 .text.fwrite   0x00000000001310b4       0x38 c:/devkitpro/devkitarm/bin/../lib/gcc/arm-none-eabi/11.2.0/../../../../arm-none-eabi/lib/armv6k/fpu\libg.a(lib_a-fwrite.o)
                0x00000000001310b4                fwrite
 .text.__libc_init_array
                0x00000000001310ec       0x7c c:/devkitpro/devkitarm/bin/../lib/gcc/arm-none-eabi/11.2.0/../../../../arm-none-eabi/lib/armv6k/fpu\libg.a(lib_a-init.o)
                0x00000000001310ec                __libc_init_array
 .text.memalign
                0x0000000000131168       0x28 c:/devkitpro/devkitarm/bin/../lib/gcc/arm-none-eabi/11.2.0/../../../../arm-none-eabi/lib/armv6k/fpu\libg.a(lib_a-malign.o)
                0x0000000000131168                memalign
 .text._memalign_r
                0x0000000000131190      0x150 c:/devkitpro/devkitarm/bin/../lib/gcc/arm-none-eabi/11.2.0/../../../../arm-none-eabi/lib/armv6k/fpu\libg.a(lib_a-malignr.o)
                0x0000000000131190                _memalign_r
 .text.malloc   0x00000000001312e0       0x20 c:/devkitpro/devkitarm/bin/../lib/gcc/arm-none-eabi/11.2.0/../../../../arm-none-eabi/lib/armv6k/fpu\libg.a(lib_a-malloc.o)
                0x00000000001312e0                malloc
 .text.free     0x0000000000131300       0x20 c:/devkitpro/devkitarm/bin/../lib/gcc/arm-none-eabi/11.2.0/../../../../arm-none-eabi/lib/armv6k/fpu\libg.a(lib_a-malloc.o)
                0x0000000000131300                free
 .text._malloc_r
                0x0000000000131320      0x7e0 c:/devkitpro/devkitarm/bin/../lib/gcc/arm-none-eabi/11.2.0/../../../../arm-none-eabi/lib/armv6k/fpu\libg.a(lib_a-mallocr.o)
                0x0000000000131320                _malloc_r
 .text.memchr   0x0000000000131b00       0xe0 c:/devkitpro/devkitarm/bin/../lib/gcc/arm-none-eabi/11.2.0/../../../../arm-none-eabi/lib/armv6k/fpu\libg.a(lib_a-memchr-stub.o)
                0x0000000000131b00                memchr
 .text.memcmp   0x0000000000131be0       0xa8 c:/devkitpro/devkitarm/bin/../lib/gcc/arm-none-eabi/11.2.0/../../../../arm-none-eabi/lib/armv6k/fpu\libg.a(lib_a-memcmp.o)
                0x0000000000131be0                memcmp
 .text.memcpy   0x0000000000131c88      0x11c c:/devkitpro/devkitarm/bin/../lib/gcc/arm-none-eabi/11.2.0/../../../../arm-none-eabi/lib/armv6k/fpu\libg.a(lib_a-memcpy-stub.o)
                0x0000000000131c88                memcpy
 .text.memmove  0x0000000000131da4      0x154 c:/devkitpro/devkitarm/bin/../lib/gcc/arm-none-eabi/11.2.0/../../../../arm-none-eabi/lib/armv6k/fpu\libg.a(lib_a-memmove.o)
                0x0000000000131da4                memmove
 .text.memset   0x0000000000131ef8      0x118 c:/devkitpro/devkitarm/bin/../lib/gcc/arm-none-eabi/11.2.0/../../../../arm-none-eabi/lib/armv6k/fpu\libg.a(lib_a-memset.o)
                0x0000000000131ef8                memset
 .text.__malloc_lock
                0x0000000000132010        0xc c:/devkitpro/devkitarm/bin/../lib/gcc/arm-none-eabi/11.2.0/../../../../arm-none-eabi/lib/armv6k/fpu\libg.a(lib_a-mlock.o)
                0x0000000000132010                __malloc_lock
 .text.__malloc_unlock
                0x000000000013201c        0xc c:/devkitpro/devkitarm/bin/../lib/gcc/arm-none-eabi/11.2.0/../../../../arm-none-eabi/lib/armv6k/fpu\libg.a(lib_a-mlock.o)
                0x000000000013201c                __malloc_unlock
 .text._putc_r  0x0000000000132028       0xdc c:/devkitpro/devkitarm/bin/../lib/gcc/arm-none-eabi/11.2.0/../../../../arm-none-eabi/lib/armv6k/fpu\libg.a(lib_a-putc.o)
                0x0000000000132028                _putc_r
 .text.putc     0x0000000000132104       0xe0 c:/devkitpro/devkitarm/bin/../lib/gcc/arm-none-eabi/11.2.0/../../../../arm-none-eabi/lib/armv6k/fpu\libg.a(lib_a-putc.o)
                0x0000000000132104                putc
 .text.realloc  0x00000000001321e4       0x28 c:/devkitpro/devkitarm/bin/../lib/gcc/arm-none-eabi/11.2.0/../../../../arm-none-eabi/lib/armv6k/fpu\libg.a(lib_a-realloc.o)
                0x00000000001321e4                realloc
 .text._realloc_r
                0x000000000013220c      0x558 c:/devkitpro/devkitarm/bin/../lib/gcc/arm-none-eabi/11.2.0/../../../../arm-none-eabi/lib/armv6k/fpu\libg.a(lib_a-reallocr.o)
                0x000000000013220c                _realloc_r
 .text._raise_r
                0x0000000000132764       0x98 c:/devkitpro/devkitarm/bin/../lib/gcc/arm-none-eabi/11.2.0/../../../../arm-none-eabi/lib/armv6k/fpu\libg.a(lib_a-signal.o)
                0x0000000000132764                _raise_r
 .text.raise    0x00000000001327fc       0x20 c:/devkitpro/devkitarm/bin/../lib/gcc/arm-none-eabi/11.2.0/../../../../arm-none-eabi/lib/armv6k/fpu\libg.a(lib_a-signal.o)
                0x00000000001327fc                raise
 .text.__sread  0x000000000013281c       0x44 c:/devkitpro/devkitarm/bin/../lib/gcc/arm-none-eabi/11.2.0/../../../../arm-none-eabi/lib/armv6k/fpu\libg.a(lib_a-stdio.o)
                0x000000000013281c                __sread
 .text.__swrite
                0x0000000000132860       0x68 c:/devkitpro/devkitarm/bin/../lib/gcc/arm-none-eabi/11.2.0/../../../../arm-none-eabi/lib/armv6k/fpu\libg.a(lib_a-stdio.o)
                0x0000000000132860                __swrite
 .text.__sseek  0x00000000001328c8       0x48 c:/devkitpro/devkitarm/bin/../lib/gcc/arm-none-eabi/11.2.0/../../../../arm-none-eabi/lib/armv6k/fpu\libg.a(lib_a-stdio.o)
                0x00000000001328c8                __sseek
 .text.__sclose
                0x0000000000132910        0x8 c:/devkitpro/devkitarm/bin/../lib/gcc/arm-none-eabi/11.2.0/../../../../arm-none-eabi/lib/armv6k/fpu\libg.a(lib_a-stdio.o)
                0x0000000000132910                __sclose
 .text.strlen   0x0000000000132918       0x5c c:/devkitpro/devkitarm/bin/../lib/gcc/arm-none-eabi/11.2.0/../../../../arm-none-eabi/lib/armv6k/fpu\libg.a(lib_a-strlen-stub.o)
                0x0000000000132918                strlen
 .text.strncat  0x0000000000132974       0xec c:/devkitpro/devkitarm/bin/../lib/gcc/arm-none-eabi/11.2.0/../../../../arm-none-eabi/lib/armv6k/fpu\libg.a(lib_a-strncat.o)
                0x0000000000132974                strncat
 .text.strncmp  0x0000000000132a60       0xdc c:/devkitpro/devkitarm/bin/../lib/gcc/arm-none-eabi/11.2.0/../../../../arm-none-eabi/lib/armv6k/fpu\libg.a(lib_a-strncmp.o)
                0x0000000000132a60                strncmp
 .text.strncpy  0x0000000000132b3c       0xc0 c:/devkitpro/devkitarm/bin/../lib/gcc/arm-none-eabi/11.2.0/../../../../arm-none-eabi/lib/armv6k/fpu\libg.a(lib_a-strncpy.o)
                0x0000000000132b3c                strncpy
 .text.strnlen  0x0000000000132bfc       0x48 c:/devkitpro/devkitarm/bin/../lib/gcc/arm-none-eabi/11.2.0/../../../../arm-none-eabi/lib/armv6k/fpu\libg.a(lib_a-strnlen.o)
                0x0000000000132bfc                strnlen
 *fill*         0x0000000000132c44        0x4 
 .text._strtod_l
                0x0000000000132c48     0x1368 c:/devkitpro/devkitarm/bin/../lib/gcc/arm-none-eabi/11.2.0/../../../../arm-none-eabi/lib/armv6k/fpu\libg.a(lib_a-strtod.o)
                0x0000000000132c48                _strtod_l
 .text.strtod   0x0000000000133fb0       0x2c c:/devkitpro/devkitarm/bin/../lib/gcc/arm-none-eabi/11.2.0/../../../../arm-none-eabi/lib/armv6k/fpu\libg.a(lib_a-strtod.o)
                0x0000000000133fb0                strtod
 .text._strtoull_l.constprop.0
                0x0000000000133fdc      0x244 c:/devkitpro/devkitarm/bin/../lib/gcc/arm-none-eabi/11.2.0/../../../../arm-none-eabi/lib/armv6k/fpu\libg.a(lib_a-strtoull.o)
 .text.strtoull
                0x0000000000134220       0x30 c:/devkitpro/devkitarm/bin/../lib/gcc/arm-none-eabi/11.2.0/../../../../arm-none-eabi/lib/armv6k/fpu\libg.a(lib_a-strtoull.o)
                0x0000000000134220                strtoull
 .text._strtoul_l.constprop.0
                0x0000000000134250      0x1c4 c:/devkitpro/devkitarm/bin/../lib/gcc/arm-none-eabi/11.2.0/../../../../arm-none-eabi/lib/armv6k/fpu\libg.a(lib_a-strtoul.o)
 .text.strtoul  0x0000000000134414       0x30 c:/devkitpro/devkitarm/bin/../lib/gcc/arm-none-eabi/11.2.0/../../../../arm-none-eabi/lib/armv6k/fpu\libg.a(lib_a-strtoul.o)
                0x0000000000134414                strtoul
 .text._vsnprintf_r
                0x0000000000134444       0xa4 c:/devkitpro/devkitarm/bin/../lib/gcc/arm-none-eabi/11.2.0/../../../../arm-none-eabi/lib/armv6k/fpu\libg.a(lib_a-vsnprintf.o)
                0x0000000000134444                _vsnprintf_r
 .text.vsnprintf
                0x00000000001344e8       0x38 c:/devkitpro/devkitarm/bin/../lib/gcc/arm-none-eabi/11.2.0/../../../../arm-none-eabi/lib/armv6k/fpu\libg.a(lib_a-vsnprintf.o)
                0x00000000001344e8                vsnprintf
 .text.__swbuf_r
                0x0000000000134520      0x108 c:/devkitpro/devkitarm/bin/../lib/gcc/arm-none-eabi/11.2.0/../../../../arm-none-eabi/lib/armv6k/fpu\libg.a(lib_a-wbuf.o)
                0x0000000000134520                __swbuf_r
 .text.__swsetup_r
                0x0000000000134628      0x154 c:/devkitpro/devkitarm/bin/../lib/gcc/arm-none-eabi/11.2.0/../../../../arm-none-eabi/lib/armv6k/fpu\libg.a(lib_a-wsetup.o)
                0x0000000000134628                __swsetup_r
 .text.__call_exitprocs
                0x000000000013477c      0x114 c:/devkitpro/devkitarm/bin/../lib/gcc/arm-none-eabi/11.2.0/../../../../arm-none-eabi/lib/armv6k/fpu\libg.a(lib_a-__call_atexit.o)
                0x000000000013477c                __call_exitprocs
 .text._fclose_r
                0x0000000000134890      0x160 c:/devkitpro/devkitarm/bin/../lib/gcc/arm-none-eabi/11.2.0/../../../../arm-none-eabi/lib/armv6k/fpu\libg.a(lib_a-fclose.o)
                0x0000000000134890                _fclose_r
 .text.rshift   0x00000000001349f0       0xec c:/devkitpro/devkitarm/bin/../lib/gcc/arm-none-eabi/11.2.0/../../../../arm-none-eabi/lib/armv6k/fpu\libg.a(lib_a-gdtoa-gethex.o)
 .text.__gethex
                0x0000000000134adc      0x904 c:/devkitpro/devkitarm/bin/../lib/gcc/arm-none-eabi/11.2.0/../../../../arm-none-eabi/lib/armv6k/fpu\libg.a(lib_a-gdtoa-gethex.o)
                0x0000000000134adc                __gethex
 .text.__match  0x00000000001353e0       0x4c c:/devkitpro/devkitarm/bin/../lib/gcc/arm-none-eabi/11.2.0/../../../../arm-none-eabi/lib/armv6k/fpu\libg.a(lib_a-gdtoa-hexnan.o)
                0x00000000001353e0                __match
 .text.__hexnan
                0x000000000013542c      0x29c c:/devkitpro/devkitarm/bin/../lib/gcc/arm-none-eabi/11.2.0/../../../../arm-none-eabi/lib/armv6k/fpu\libg.a(lib_a-gdtoa-hexnan.o)
                0x000000000013542c                __hexnan
 .text.__locale_mb_cur_max
                0x00000000001356c8       0x10 c:/devkitpro/devkitarm/bin/../lib/gcc/arm-none-eabi/11.2.0/../../../../arm-none-eabi/lib/armv6k/fpu\libg.a(lib_a-locale.o)
                0x00000000001356c8                __locale_mb_cur_max
 .text.__smakebuf_r
                0x00000000001356d8      0x138 c:/devkitpro/devkitarm/bin/../lib/gcc/arm-none-eabi/11.2.0/../../../../arm-none-eabi/lib/armv6k/fpu\libg.a(lib_a-makebuf.o)
                0x00000000001356d8                __smakebuf_r
 .text.__utf8_mbtowc
                0x0000000000135810      0x2e4 c:/devkitpro/devkitarm/bin/../lib/gcc/arm-none-eabi/11.2.0/../../../../arm-none-eabi/lib/armv6k/fpu\libg.a(lib_a-mbtowc_r.o)
                0x0000000000135810                __utf8_mbtowc
 .text._Balloc  0x0000000000135af4       0x88 c:/devkitpro/devkitarm/bin/../lib/gcc/arm-none-eabi/11.2.0/../../../../arm-none-eabi/lib/armv6k/fpu\libg.a(lib_a-mprec.o)
                0x0000000000135af4                _Balloc
 .text._Bfree   0x0000000000135b7c       0x1c c:/devkitpro/devkitarm/bin/../lib/gcc/arm-none-eabi/11.2.0/../../../../arm-none-eabi/lib/armv6k/fpu\libg.a(lib_a-mprec.o)
                0x0000000000135b7c                _Bfree
 .text.__multadd
                0x0000000000135b98       0xf4 c:/devkitpro/devkitarm/bin/../lib/gcc/arm-none-eabi/11.2.0/../../../../arm-none-eabi/lib/armv6k/fpu\libg.a(lib_a-mprec.o)
                0x0000000000135b98                __multadd
 .text.__s2b    0x0000000000135c8c      0x110 c:/devkitpro/devkitarm/bin/../lib/gcc/arm-none-eabi/11.2.0/../../../../arm-none-eabi/lib/armv6k/fpu\libg.a(lib_a-mprec.o)
                0x0000000000135c8c                __s2b
 .text.__hi0bits
                0x0000000000135d9c       0x58 c:/devkitpro/devkitarm/bin/../lib/gcc/arm-none-eabi/11.2.0/../../../../arm-none-eabi/lib/armv6k/fpu\libg.a(lib_a-mprec.o)
                0x0000000000135d9c                __hi0bits
 .text.__lo0bits
                0x0000000000135df4       0x94 c:/devkitpro/devkitarm/bin/../lib/gcc/arm-none-eabi/11.2.0/../../../../arm-none-eabi/lib/armv6k/fpu\libg.a(lib_a-mprec.o)
                0x0000000000135df4                __lo0bits
 .text.__i2b    0x0000000000135e88       0xa4 c:/devkitpro/devkitarm/bin/../lib/gcc/arm-none-eabi/11.2.0/../../../../arm-none-eabi/lib/armv6k/fpu\libg.a(lib_a-mprec.o)
                0x0000000000135e88                __i2b
 .text.__multiply
                0x0000000000135f2c      0x204 c:/devkitpro/devkitarm/bin/../lib/gcc/arm-none-eabi/11.2.0/../../../../arm-none-eabi/lib/armv6k/fpu\libg.a(lib_a-mprec.o)
                0x0000000000135f2c                __multiply
 .text.__pow5mult
                0x0000000000136130      0x120 c:/devkitpro/devkitarm/bin/../lib/gcc/arm-none-eabi/11.2.0/../../../../arm-none-eabi/lib/armv6k/fpu\libg.a(lib_a-mprec.o)
                0x0000000000136130                __pow5mult
 .text.__lshift
                0x0000000000136250      0x13c c:/devkitpro/devkitarm/bin/../lib/gcc/arm-none-eabi/11.2.0/../../../../arm-none-eabi/lib/armv6k/fpu\libg.a(lib_a-mprec.o)
                0x0000000000136250                __lshift
 .text.__mcmp   0x000000000013638c       0x58 c:/devkitpro/devkitarm/bin/../lib/gcc/arm-none-eabi/11.2.0/../../../../arm-none-eabi/lib/armv6k/fpu\libg.a(lib_a-mprec.o)
                0x000000000013638c                __mcmp
 .text.__mdiff  0x00000000001363e4      0x1cc c:/devkitpro/devkitarm/bin/../lib/gcc/arm-none-eabi/11.2.0/../../../../arm-none-eabi/lib/armv6k/fpu\libg.a(lib_a-mprec.o)
                0x00000000001363e4                __mdiff
 .text.__ulp    0x00000000001365b0       0x74 c:/devkitpro/devkitarm/bin/../lib/gcc/arm-none-eabi/11.2.0/../../../../arm-none-eabi/lib/armv6k/fpu\libg.a(lib_a-mprec.o)
                0x00000000001365b0                __ulp
 .text.__b2d    0x0000000000136624       0xd0 c:/devkitpro/devkitarm/bin/../lib/gcc/arm-none-eabi/11.2.0/../../../../arm-none-eabi/lib/armv6k/fpu\libg.a(lib_a-mprec.o)
                0x0000000000136624                __b2d
 .text.__d2b    0x00000000001366f4      0x124 c:/devkitpro/devkitarm/bin/../lib/gcc/arm-none-eabi/11.2.0/../../../../arm-none-eabi/lib/armv6k/fpu\libg.a(lib_a-mprec.o)
                0x00000000001366f4                __d2b
 .text.__ratio  0x0000000000136818       0x78 c:/devkitpro/devkitarm/bin/../lib/gcc/arm-none-eabi/11.2.0/../../../../arm-none-eabi/lib/armv6k/fpu\libg.a(lib_a-mprec.o)
                0x0000000000136818                __ratio
 .text.__copybits
                0x0000000000136890       0x88 c:/devkitpro/devkitarm/bin/../lib/gcc/arm-none-eabi/11.2.0/../../../../arm-none-eabi/lib/armv6k/fpu\libg.a(lib_a-mprec.o)
                0x0000000000136890                __copybits
 .text.__any_on
                0x0000000000136918       0x5c c:/devkitpro/devkitarm/bin/../lib/gcc/arm-none-eabi/11.2.0/../../../../arm-none-eabi/lib/armv6k/fpu\libg.a(lib_a-mprec.o)
                0x0000000000136918                __any_on
 *fill*         0x0000000000136974        0x4 
 .text.nan      0x0000000000136978       0x10 c:/devkitpro/devkitarm/bin/../lib/gcc/arm-none-eabi/11.2.0/../../../../arm-none-eabi/lib/armv6k/fpu\libg.a(lib_a-s_nan.o)
                0x0000000000136978                nan
 .text.strchr   0x0000000000136988      0x12c c:/devkitpro/devkitarm/bin/../lib/gcc/arm-none-eabi/11.2.0/../../../../arm-none-eabi/lib/armv6k/fpu\libg.a(lib_a-strchr.o)
                0x0000000000136988                strchr
 .text.get_arg  0x0000000000136ab4      0x628 c:/devkitpro/devkitarm/bin/../lib/gcc/arm-none-eabi/11.2.0/../../../../arm-none-eabi/lib/armv6k/fpu\libg.a(lib_a-svfprintf.o)
 *fill*         0x00000000001370dc        0x4 
 .text._svfprintf_r
                0x00000000001370e0     0x35b8 c:/devkitpro/devkitarm/bin/../lib/gcc/arm-none-eabi/11.2.0/../../../../arm-none-eabi/lib/armv6k/fpu\libg.a(lib_a-svfprintf.o)
                0x00000000001370e0                _svfprintf_r
 .text._wcrtomb_r
                0x000000000013a698       0x54 c:/devkitpro/devkitarm/bin/../lib/gcc/arm-none-eabi/11.2.0/../../../../arm-none-eabi/lib/armv6k/fpu\libg.a(lib_a-wcrtomb.o)
                0x000000000013a698                _wcrtomb_r
 .text._wcsrtombs_r
                0x000000000013a6ec       0x28 c:/devkitpro/devkitarm/bin/../lib/gcc/arm-none-eabi/11.2.0/../../../../arm-none-eabi/lib/armv6k/fpu\libg.a(lib_a-wcsrtombs.o)
                0x000000000013a6ec                _wcsrtombs_r
 .text.__utf8_wctomb
                0x000000000013a714       0xf0 c:/devkitpro/devkitarm/bin/../lib/gcc/arm-none-eabi/11.2.0/../../../../arm-none-eabi/lib/armv6k/fpu\libg.a(lib_a-wctomb_r.o)
                0x000000000013a714                __utf8_wctomb
 .text.__assert_func
                0x000000000013a804       0x54 c:/devkitpro/devkitarm/bin/../lib/gcc/arm-none-eabi/11.2.0/../../../../arm-none-eabi/lib/armv6k/fpu\libg.a(lib_a-assert.o)
                0x000000000013a804                __assert_func
 .text.quorem   0x000000000013a858      0x1ac c:/devkitpro/devkitarm/bin/../lib/gcc/arm-none-eabi/11.2.0/../../../../arm-none-eabi/lib/armv6k/fpu\libg.a(lib_a-dtoa.o)
 *fill*         0x000000000013aa04        0x4 
 .text._dtoa_r  0x000000000013aa08     0x12cc c:/devkitpro/devkitarm/bin/../lib/gcc/arm-none-eabi/11.2.0/../../../../arm-none-eabi/lib/armv6k/fpu\libg.a(lib_a-dtoa.o)
                0x000000000013aa08                _dtoa_r
 .text.fiprintf
                0x000000000013bcd4       0x3c c:/devkitpro/devkitarm/bin/../lib/gcc/arm-none-eabi/11.2.0/../../../../arm-none-eabi/lib/armv6k/fpu\libg.a(lib_a-fiprintf.o)
                0x000000000013bcd4                fiprintf
 .text._localeconv_r
                0x000000000013bd10        0xc c:/devkitpro/devkitarm/bin/../lib/gcc/arm-none-eabi/11.2.0/../../../../arm-none-eabi/lib/armv6k/fpu\libg.a(lib_a-localeconv.o)
                0x000000000013bd10                _localeconv_r
 *fill*         0x000000000013bd1c        0x4 
 .text.frexp    0x000000000013bd20       0xa8 c:/devkitpro/devkitarm/bin/../lib/gcc/arm-none-eabi/11.2.0/../../../../arm-none-eabi/lib/armv6k/fpu\libg.a(lib_a-s_frexp.o)
                0x000000000013bd20                frexp
 .text.__ssprint_r
                0x000000000013bdc8      0x190 c:/devkitpro/devkitarm/bin/../lib/gcc/arm-none-eabi/11.2.0/../../../../arm-none-eabi/lib/armv6k/fpu\libg.a(lib_a-svfiprintf.o)
                0x000000000013bdc8                __ssprint_r
 .text.get_arg  0x000000000013bf58      0x628 c:/devkitpro/devkitarm/bin/../lib/gcc/arm-none-eabi/11.2.0/../../../../arm-none-eabi/lib/armv6k/fpu\libg.a(lib_a-vfiprintf.o)
 .text.__sprint_r
                0x000000000013c580       0x30 c:/devkitpro/devkitarm/bin/../lib/gcc/arm-none-eabi/11.2.0/../../../../arm-none-eabi/lib/armv6k/fpu\libg.a(lib_a-vfiprintf.o)
                0x000000000013c580                __sprint_r
 .text._vfiprintf_r
                0x000000000013c5b0     0x233c c:/devkitpro/devkitarm/bin/../lib/gcc/arm-none-eabi/11.2.0/../../../../arm-none-eabi/lib/armv6k/fpu\libg.a(lib_a-vfiprintf.o)
                0x000000000013c5b0                _vfiprintf_r
 .text.__sbprintf
                0x000000000013e8ec       0xd4 c:/devkitpro/devkitarm/bin/../lib/gcc/arm-none-eabi/11.2.0/../../../../arm-none-eabi/lib/armv6k/fpu\libg.a(lib_a-vfiprintf.o)
 .text._wcsnrtombs_l
                0x000000000013e9c0      0x190 c:/devkitpro/devkitarm/bin/../lib/gcc/arm-none-eabi/11.2.0/../../../../arm-none-eabi/lib/armv6k/fpu\libg.a(lib_a-wcsnrtombs.o)
                0x000000000013e9c0                _wcsnrtombs_l
 .text._wcsnrtombs_r
                0x000000000013eb50       0x4c c:/devkitpro/devkitarm/bin/../lib/gcc/arm-none-eabi/11.2.0/../../../../arm-none-eabi/lib/armv6k/fpu\libg.a(lib_a-wcsnrtombs.o)
                0x000000000013eb50                _wcsnrtombs_r
 .text.null_write
                0x000000000013eb9c        0x8 c:/devkitpro/devkitarm/bin/../lib/gcc/arm-none-eabi/11.2.0/../../../../arm-none-eabi/lib/armv6k/fpu\libsysbase.a(iosupport.o)
 .text.setDefaultDevice
                0x000000000013eba4       0x18 c:/devkitpro/devkitarm/bin/../lib/gcc/arm-none-eabi/11.2.0/../../../../arm-none-eabi/lib/armv6k/fpu\libsysbase.a(iosupport.o)
                0x000000000013eba4                setDefaultDevice
 .text.FindDevice
                0x000000000013ebbc       0xc8 c:/devkitpro/devkitarm/bin/../lib/gcc/arm-none-eabi/11.2.0/../../../../arm-none-eabi/lib/armv6k/fpu\libsysbase.a(iosupport.o)
                0x000000000013ebbc                FindDevice
 .text.RemoveDevice
                0x000000000013ec84       0x28 c:/devkitpro/devkitarm/bin/../lib/gcc/arm-none-eabi/11.2.0/../../../../arm-none-eabi/lib/armv6k/fpu\libsysbase.a(iosupport.o)
                0x000000000013ec84                RemoveDevice
 .text.AddDevice
                0x000000000013ecac       0x9c c:/devkitpro/devkitarm/bin/../lib/gcc/arm-none-eabi/11.2.0/../../../../arm-none-eabi/lib/armv6k/fpu\libsysbase.a(iosupport.o)
                0x000000000013ecac                AddDevice
 .text.GetDeviceOpTab
                0x000000000013ed48       0x20 c:/devkitpro/devkitarm/bin/../lib/gcc/arm-none-eabi/11.2.0/../../../../arm-none-eabi/lib/armv6k/fpu\libsysbase.a(iosupport.o)
                0x000000000013ed48                GetDeviceOpTab
 .text._fstat_r
                0x000000000013ed68       0x78 c:/devkitpro/devkitarm/bin/../lib/gcc/arm-none-eabi/11.2.0/../../../../arm-none-eabi/lib/armv6k/fpu\libsysbase.a(fstat.o)
                0x000000000013ed68                _fstat_r
 .text._getpid_r
                0x000000000013ede0       0x14 c:/devkitpro/devkitarm/bin/../lib/gcc/arm-none-eabi/11.2.0/../../../../arm-none-eabi/lib/armv6k/fpu\libsysbase.a(getpid.o)
                0x000000000013ede0                _getpid_r
 .text._isatty_r
                0x000000000013edf4        0x8 c:/devkitpro/devkitarm/bin/../lib/gcc/arm-none-eabi/11.2.0/../../../../arm-none-eabi/lib/armv6k/fpu\libsysbase.a(isatty.o)
                0x000000000013edf4                _isatty_r
 .text._kill_r  0x000000000013edfc       0x14 c:/devkitpro/devkitarm/bin/../lib/gcc/arm-none-eabi/11.2.0/../../../../arm-none-eabi/lib/armv6k/fpu\libsysbase.a(kill.o)
                0x000000000013edfc                _kill_r
 .text._lseek_r
                0x000000000013ee10       0x84 c:/devkitpro/devkitarm/bin/../lib/gcc/arm-none-eabi/11.2.0/../../../../arm-none-eabi/lib/armv6k/fpu\libsysbase.a(lseek.o)
                0x000000000013ee10                _lseek_r
 .text._read_r  0x000000000013ee94       0x80 c:/devkitpro/devkitarm/bin/../lib/gcc/arm-none-eabi/11.2.0/../../../../arm-none-eabi/lib/armv6k/fpu\libsysbase.a(read.o)
                0x000000000013ee94                _read_r
 .text._sbrk_r  0x000000000013ef14       0x78 c:/devkitpro/devkitarm/bin/../lib/gcc/arm-none-eabi/11.2.0/../../../../arm-none-eabi/lib/armv6k/fpu\libsysbase.a(sbrk.o)
                0x000000000013ef14                _sbrk_r
 .text._times_r
                0x000000000013ef8c       0x14 c:/devkitpro/devkitarm/bin/../lib/gcc/arm-none-eabi/11.2.0/../../../../arm-none-eabi/lib/armv6k/fpu\libsysbase.a(times.o)
                0x000000000013ef8c                _times_r
 .text._write_r
                0x000000000013efa0       0x80 c:/devkitpro/devkitarm/bin/../lib/gcc/arm-none-eabi/11.2.0/../../../../arm-none-eabi/lib/armv6k/fpu\libsysbase.a(write.o)
                0x000000000013efa0                _write_r
 .text._exit    0x000000000013f020       0x20 c:/devkitpro/devkitarm/bin/../lib/gcc/arm-none-eabi/11.2.0/../../../../arm-none-eabi/lib/armv6k/fpu\libsysbase.a(_exit.o)
                0x000000000013f020                _exit
 .text._concatenate_path
                0x000000000013f040      0x1b8 c:/devkitpro/devkitarm/bin/../lib/gcc/arm-none-eabi/11.2.0/../../../../arm-none-eabi/lib/armv6k/fpu\libsysbase.a(chdir.o)
                0x000000000013f040                _concatenate_path
 .text.chdir    0x000000000013f1f8      0x160 c:/devkitpro/devkitarm/bin/../lib/gcc/arm-none-eabi/11.2.0/../../../../arm-none-eabi/lib/armv6k/fpu\libsysbase.a(chdir.o)
                0x000000000013f1f8                chdir
 .text.__flockfile
                0x000000000013f358        0x8 c:/devkitpro/devkitarm/bin/../lib/gcc/arm-none-eabi/11.2.0/../../../../arm-none-eabi/lib/armv6k/fpu\libsysbase.a(flock.o)
                0x000000000013f358                __flockfile
 .text.__funlockfile
                0x000000000013f360        0x8 c:/devkitpro/devkitarm/bin/../lib/gcc/arm-none-eabi/11.2.0/../../../../arm-none-eabi/lib/armv6k/fpu\libsysbase.a(flock.o)
                0x000000000013f360                __funlockfile
 .text.__get_handle
                0x000000000013f368       0x3c c:/devkitpro/devkitarm/bin/../lib/gcc/arm-none-eabi/11.2.0/../../../../arm-none-eabi/lib/armv6k/fpu\libsysbase.a(handle_manager.o)
                0x000000000013f368                __get_handle
 .text._close_r
                0x000000000013f3a4       0xf4 c:/devkitpro/devkitarm/bin/../lib/gcc/arm-none-eabi/11.2.0/../../../../arm-none-eabi/lib/armv6k/fpu\libsysbase.a(handle_manager.o)
                0x000000000013f3a4                _close_r
 .text.__getreent
                0x000000000013f498       0x2c c:/devkitpro/devkitarm/bin/../lib/gcc/arm-none-eabi/11.2.0/../../../../arm-none-eabi/lib/armv6k/fpu\libsysbase.a(getreent.o)
                0x000000000013f498                __getreent
 .text.__libc_lock_acquire
                0x000000000013f4c4       0x1c c:/devkitpro/devkitarm/bin/../lib/gcc/arm-none-eabi/11.2.0/../../../../arm-none-eabi/lib/armv6k/fpu\libsysbase.a(syscall_support.o)
                0x000000000013f4c4                __libc_lock_acquire
 .text.__libc_lock_release
                0x000000000013f4e0       0x1c c:/devkitpro/devkitarm/bin/../lib/gcc/arm-none-eabi/11.2.0/../../../../arm-none-eabi/lib/armv6k/fpu\libsysbase.a(syscall_support.o)
                0x000000000013f4e0                __libc_lock_release
 .text.__libc_lock_init_recursive
                0x000000000013f4fc       0x1c c:/devkitpro/devkitarm/bin/../lib/gcc/arm-none-eabi/11.2.0/../../../../arm-none-eabi/lib/armv6k/fpu\libsysbase.a(syscall_support.o)
                0x000000000013f4fc                __libc_lock_init_recursive
 .text.__libc_lock_acquire_recursive
                0x000000000013f518       0x1c c:/devkitpro/devkitarm/bin/../lib/gcc/arm-none-eabi/11.2.0/../../../../arm-none-eabi/lib/armv6k/fpu\libsysbase.a(syscall_support.o)
                0x000000000013f518                __libc_lock_acquire_recursive
 .text.__libc_lock_release_recursive
                0x000000000013f534       0x1c c:/devkitpro/devkitarm/bin/../lib/gcc/arm-none-eabi/11.2.0/../../../../arm-none-eabi/lib/armv6k/fpu\libsysbase.a(syscall_support.o)
                0x000000000013f534                __libc_lock_release_recursive
 .text.__libc_lock_close_recursive
                0x000000000013f550       0x1c c:/devkitpro/devkitarm/bin/../lib/gcc/arm-none-eabi/11.2.0/../../../../arm-none-eabi/lib/armv6k/fpu\libsysbase.a(syscall_support.o)
                0x000000000013f550                __libc_lock_close_recursive
 .text.strrchr  0x000000000013f56c       0x44 c:/devkitpro/devkitarm/bin/../lib/gcc/arm-none-eabi/11.2.0/../../../../arm-none-eabi/lib/armv6k/fpu\libg.a(lib_a-strrchr.o)
                0x000000000013f56c                strrchr
 *(.glue_7)
 .glue_7        0x000000000013f5b0        0x0 linker stubs
 *(.glue_7t)
 .glue_7t       0x000000000013f5b0        0x0 linker stubs
 *(.stub)
 *(.gnu.warning)
 *(.gnu.linkonce.t*)
                0x000000000013f5b0                . = ALIGN (0x4)
 *(.fini)
 .fini          0x000000000013f5b0        0xc c:/devkitpro/devkitarm/bin/../lib/gcc/arm-none-eabi/11.2.0/armv6k/fpu/crti.o
                0x000000000013f5b0                _fini
 .fini          0x000000000013f5bc        0xc c:/devkitpro/devkitarm/bin/../lib/gcc/arm-none-eabi/11.2.0/armv6k/fpu/crtn.o
                0x000000000013f5c8                . = ALIGN (0x4)

.vfp11_veneer   0x000000000013f5c8        0x0
 .vfp11_veneer  0x000000000013f5c8        0x0 linker stubs

.v4_bx          0x000000000013f5c8        0x0
 .v4_bx         0x000000000013f5c8        0x0 linker stubs

.iplt           0x000000000013f5c8        0x0
 .iplt          0x000000000013f5c8        0x0 c:/devkitpro/devkitarm/bin/../lib/gcc/arm-none-eabi/11.2.0/../../../../arm-none-eabi/lib/armv6k/fpu/3dsx_crt0.o
                0x0000000000140000                . = ALIGN (0x1000)

.rodata         0x0000000000140000     0x34cc
 *(.rodata)
 .rodata        0x0000000000140000        0xc C:/devkitPro/libctru/lib\libctru.a(archive_dev.o)
 .rodata        0x000000000014000c        0x3 C:/devkitPro/libctru/lib\libctru.a(apt.o)
 *fill*         0x000000000014000f        0x1 
 .rodata        0x0000000000140010     0x2bbd C:/devkitPro/portlibs/3ds/libwasm3/lib\libwasm3.a
                0x00000000001406a4                c_operations
                0x0000000000141e5c                c_operationsFC
 *(.roda)
 *(.rodata.*)
 *fill*         0x0000000000142bcd        0x3 
 .rodata.str1.4
                0x0000000000142bd0        0x5 main.o
 *fill*         0x0000000000142bd5        0x3 
 .rodata.__system_initArgv.str1.4
                0x0000000000142bd8        0xa C:/devkitPro/libctru/lib\libctru.a(initArgv.o)
 *fill*         0x0000000000142be2        0x2 
 .rodata.srvInit.str1.4
                0x0000000000142be4        0x5 C:/devkitPro/libctru/lib\libctru.a(srv.o)
 *fill*         0x0000000000142be9        0x3 
 .rodata._archiveUnmountDeviceStruct.part.0.str1.4
                0x0000000000142bec        0x2 C:/devkitPro/libctru/lib\libctru.a(archive_dev.o)
 *fill*         0x0000000000142bee        0x2 
 .rodata._archiveMountDevice.str1.4
                0x0000000000142bf0        0x8 C:/devkitPro/libctru/lib\libctru.a(archive_dev.o)
                                          0xc (size before relaxing)
 .rodata.archiveMountSdmc.str1.4
                0x0000000000142bf8        0x5 C:/devkitPro/libctru/lib\libctru.a(archive_dev.o)
 *fill*         0x0000000000142bfd        0x3 
 .rodata.str1.4
                0x0000000000142c00        0x8 C:/devkitPro/libctru/lib\libctru.a(archive_dev.o)
 .rodata.archive_devoptab
                0x0000000000142c08       0x70 C:/devkitPro/libctru/lib\libctru.a(archive_dev.o)
 .rodata.error_table
                0x0000000000142c78       0x30 C:/devkitPro/libctru/lib\libctru.a(archive_dev.o)
 .rodata.aptSendCommand.str1.4
                0x0000000000142ca8       0x16 C:/devkitPro/libctru/lib\libctru.a(apt.o)
 *fill*         0x0000000000142cbe        0x2 
 .rodata.s_sleepWakeEvents.4
                0x0000000000142cc0        0x8 C:/devkitPro/libctru/lib\libctru.a(apt.o)
 .rodata.hidInit.str1.4
                0x0000000000142cc8       0x15 C:/devkitPro/libctru/lib\libctru.a(hid.o)
 *fill*         0x0000000000142cdd        0x3 
 .rodata.fsInit.str1.4
                0x0000000000142ce0        0x8 C:/devkitPro/libctru/lib\libctru.a(fs.o)
 .rodata.irrstInit.str1.4
                0x0000000000142ce8        0x7 C:/devkitPro/libctru/lib\libctru.a(irrst.o)
 *fill*         0x0000000000142cef        0x1 
 .rodata.ptmSysmInit.str1.4
                0x0000000000142cf0        0x9 C:/devkitPro/libctru/lib\libctru.a(ptmsysm.o)
 *fill*         0x0000000000142cf9        0x3 
 .rodata.TWO23  0x0000000000142cfc        0x8 c:/devkitpro/devkitarm/bin/../lib/gcc/arm-none-eabi/11.2.0/../../../../arm-none-eabi/lib/armv6k/fpu\libm.a(lib_a-sf_rint.o)
 *fill*         0x0000000000142d04        0x4 
 .rodata.TWO52  0x0000000000142d08       0x10 c:/devkitpro/devkitarm/bin/../lib/gcc/arm-none-eabi/11.2.0/../../../../arm-none-eabi/lib/armv6k/fpu\libm.a(lib_a-s_rint.o)
 .rodata._global_impure_ptr
                0x0000000000142d18        0x4 c:/devkitpro/devkitarm/bin/../lib/gcc/arm-none-eabi/11.2.0/../../../../arm-none-eabi/lib/armv6k/fpu\libg.a(lib_a-impure.o)
                0x0000000000142d18                _global_impure_ptr
 .rodata._strtod_l.str1.4
                0x0000000000142d1c        0xf c:/devkitpro/devkitarm/bin/../lib/gcc/arm-none-eabi/11.2.0/../../../../arm-none-eabi/lib/armv6k/fpu\libg.a(lib_a-strtod.o)
                                         0x11 (size before relaxing)
 *fill*         0x0000000000142d2b        0x1 
 .rodata.fpi.1  0x0000000000142d2c       0x14 c:/devkitpro/devkitarm/bin/../lib/gcc/arm-none-eabi/11.2.0/../../../../arm-none-eabi/lib/armv6k/fpu\libg.a(lib_a-strtod.o)
 .rodata.fpinan.0
                0x0000000000142d40       0x14 c:/devkitpro/devkitarm/bin/../lib/gcc/arm-none-eabi/11.2.0/../../../../arm-none-eabi/lib/armv6k/fpu\libg.a(lib_a-strtod.o)
 *fill*         0x0000000000142d54        0x4 
 .rodata.tinytens
                0x0000000000142d58       0x28 c:/devkitpro/devkitarm/bin/../lib/gcc/arm-none-eabi/11.2.0/../../../../arm-none-eabi/lib/armv6k/fpu\libg.a(lib_a-strtod.o)
 .rodata._ctype_
                0x0000000000142d80      0x101 c:/devkitpro/devkitarm/bin/../lib/gcc/arm-none-eabi/11.2.0/../../../../arm-none-eabi/lib/armv6k/fpu\libg.a(lib_a-ctype_.o)
                0x0000000000142d80                _ctype_
 *fill*         0x0000000000142e81        0x3 
 .rodata.__gethex.str1.4
                0x0000000000142e84       0x5b c:/devkitpro/devkitarm/bin/../lib/gcc/arm-none-eabi/11.2.0/../../../../arm-none-eabi/lib/armv6k/fpu\libg.a(lib_a-gdtoa-gethex.o)
 *fill*         0x0000000000142edf        0x1 
 .rodata.__hexdig
                0x0000000000142ee0      0x100 c:/devkitpro/devkitarm/bin/../lib/gcc/arm-none-eabi/11.2.0/../../../../arm-none-eabi/lib/armv6k/fpu\libg.a(lib_a-gdtoa-gethex.o)
                0x0000000000142ee0                __hexdig
 .rodata.str1.4
                0x0000000000142fe0        0x2 c:/devkitpro/devkitarm/bin/../lib/gcc/arm-none-eabi/11.2.0/../../../../arm-none-eabi/lib/armv6k/fpu\libg.a(lib_a-lnumeric.o)
                                          0x5 (size before relaxing)
 *fill*         0x0000000000142fe2        0x2 
 .rodata._C_numeric_locale