Archive member included to satisfy reference by file (symbol)

C:/devkitPro/libctru/lib\libctru.a(console.o)
                              3ds_wasm.o (consoleSelect)
C:/devkitPro/libctru/lib\libctru.a(gfx.o)
                              C:/devkitPro/libctru/lib\libctru.a(console.o) (gfxIsWide)
C:/devkitPro/libctru/lib\libctru.a(gspgpu.o)
                              C:/devkitPro/libctru/lib\libctru.a(gfx.o) (gspInit)
C:/devkitPro/libctru/lib\libctru.a(apt.o)
                              3ds_wasm.o (aptMainLoop)
C:/devkitPro/libctru/lib\libctru.a(hid.o)
                              3ds_wasm.o (hidScanInput)
C:/devkitPro/libctru/lib\libctru.a(ctru_init.o)
                              C:/devkitPro/libctru/lib\libctru.a(apt.o) (__system_retAddr)
C:/devkitPro/libctru/lib\libctru.a(initArgv.o)
                              C:/devkitPro/libctru/lib\libctru.a(ctru_init.o) (__system_initArgv)
C:/devkitPro/libctru/lib\libctru.a(svc.o)
                              C:/devkitPro/libctru/lib\libctru.a(apt.o) (svcSleepThread)
C:/devkitPro/libctru/lib\libctru.a(stack_adjust.o)
                              c:/devkitpro/devkitarm/bin/../lib/gcc/arm-none-eabi/11.2.0/../../../../arm-none-eabi/lib/armv6k/fpu/3dsx_crt0.o (initSystem)
C:/devkitPro/libctru/lib\libctru.a(default_font.bin.o)
                              C:/devkitPro/libctru/lib\libctru.a(console.o) (default_font_bin)
C:/devkitPro/libctru/lib\libctru.a(vram.o)
                              C:/devkitPro/libctru/lib\libctru.a(gfx.o) (vramAlloc)
C:/devkitPro/libctru/lib\libctru.a(linear.o)
                              C:/devkitPro/libctru/lib\libctru.a(gfx.o) (linearAlloc)
C:/devkitPro/libctru/lib\libctru.a(mem_pool.o)
                              C:/devkitPro/libctru/lib\libctru.a(vram.o) (MemPool::Allocate(MemChunk&, unsigned long, int))
C:/devkitPro/libctru/lib\libctru.a(synchronization.o)
                              C:/devkitPro/libctru/lib\libctru.a(ctru_init.o) (__sync_init)
C:/devkitPro/libctru/lib\libctru.a(os.o)
                              C:/devkitPro/libctru/lib\libctru.a(apt.o) (__ctru_speedup_config)
C:/devkitPro/libctru/lib\libctru.a(3dslink.o)
                              C:/devkitPro/libctru/lib\libctru.a(initArgv.o) (__3dslink_host)
C:/devkitPro/libctru/lib\libctru.a(srv.o)
                              C:/devkitPro/libctru/lib\libctru.a(apt.o) (srvInit)
C:/devkitPro/libctru/lib\libctru.a(thread.o)
                              C:/devkitPro/libctru/lib\libctru.a(gspgpu.o) (threadCreate)
C:/devkitPro/libctru/lib\libctru.a(mappable.o)
                              C:/devkitPro/libctru/lib\libctru.a(gspgpu.o) (mappableAlloc)
C:/devkitPro/libctru/lib\libctru.a(irrst.o)
                              C:/devkitPro/libctru/lib\libctru.a(hid.o) (irrstInit)
C:/devkitPro/libctru/lib\libctru.a(srvpm.o)
                              C:/devkitPro/libctru/lib\libctru.a(srv.o) (srvPmGetSessionHandle)
C:/devkitPro/libctru/lib\libctru.a(ptmsysm.o)
                              C:/devkitPro/libctru/lib\libctru.a(os.o) (ptmSysmInit)
C:/devkitPro/libctru/lib\libctru.a(soc_socket.o)
                              C:/devkitPro/libctru/lib\libctru.a(3dslink.o) (socket)
C:/devkitPro/libctru/lib\libctru.a(soc_connect.o)
                              C:/devkitPro/libctru/lib\libctru.a(3dslink.o) (connect)
C:/devkitPro/libctru/lib\libctru.a(soc_common.o)
                              C:/devkitPro/libctru/lib\libctru.a(soc_socket.o) (_net_convert_error)
C:/devkitPro/libctru/lib\libctru.a(rbtree_init.o)
                              C:/devkitPro/libctru/lib\libctru.a(vram.o) (rbtree_init)
C:/devkitPro/libctru/lib\libctru.a(rbtree_insert.o)
                              C:/devkitPro/libctru/lib\libctru.a(vram.o) (rbtree_insert)
C:/devkitPro/libctru/lib\libctru.a(rbtree_rotate.o)
                              C:/devkitPro/libctru/lib\libctru.a(rbtree_insert.o) (rbtree_rotate)
C:/devkitPro/libctru/lib\libctru.a(rbtree_remove.o)
                              C:/devkitPro/libctru/lib\libctru.a(vram.o) (rbtree_remove)
C:/devkitPro/libctru/lib\libctru.a(rbtree_find.o)
                              C:/devkitPro/libctru/lib\libctru.a(vram.o) (rbtree_find)
C:/devkitPro/libctru/lib\libctru.a(appInit.o)
                              C:/devkitPro/libctru/lib\libctru.a(stack_adjust.o) (__appInit)
C:/devkitPro/libctru/lib\libctru.a(syscalls.o)
                              C:/devkitPro/libctru/lib\libctru.a(ctru_init.o) (__system_initSyscalls)
C:/devkitPro/libctru/lib\libctru.a(allocateHeaps.o)
                              C:/devkitPro/libctru/lib\libctru.a(ctru_init.o) (__system_allocateHeaps)
C:/devkitPro/libctru/lib\libctru.a(appExit.o)
                              C:/devkitPro/libctru/lib\libctru.a(stack_adjust.o) (__appExit)
C:/devkitPro/libctru/lib\libctru.a(ctru_exit.o)
                              C:/devkitPro/libctru/lib\libctru.a(stack_adjust.o) (__libctru_exit)
C:/devkitPro/libctru/lib\libctru.a(env.o)
[...]
Memory Configuration

Name             Origin             Length             Attributes
*default*        0x0000000000000000 0xffffffffffffffff

Linker script and memory map

                0x0000000000100000                PROVIDE (__start__ = 0x100000)
                0x0000000000100000                . = __start__

.text           0x0000000000100000    0x4b948
 *(.crt0)
 .crt0          0x0000000000100000       0x94 c:/devkitpro/devkitarm/bin/../lib/gcc/arm-none-eabi/11.2.0/../../../../arm-none-eabi/lib/armv6k/fpu/3dsx_crt0.o
                0x0000000000100000                _start
                0x0000000000100008                __service_ptr
                0x000000000010000c                __apt_appid
                0x0000000000100010                __heap_size
                0x0000000000100014                __linear_heap_size
                0x0000000000100018                __system_arglist
                0x000000000010001c                __system_runflags
 *(.init)
 .init          0x0000000000100094        0xc c:/devkitpro/devkitarm/bin/../lib/gcc/arm-none-eabi/11.2.0/armv6k/fpu/crti.o
                0x0000000000100094                _init
 .init          0x00000000001000a0        0xc c:/devkitpro/devkitarm/bin/../lib/gcc/arm-none-eabi/11.2.0/armv6k/fpu/crtn.o
                0x00000000001000ac                . = ALIGN (0x4)
 *(.text)
 *fill*         0x00000000001000ac        0x4 
 .text          0x00000000001000b0    0x28cf4 C:/devkitPro/portlibs/3ds/libwasm3/lib\libwasm3.a
                0x00000000001000b0                m3_libc_abort
                0x00000000001000e8                m3_libc_exit
                0x0000000000100134                m3_libc_memset
                0x00000000001002a4                m3_libc_memmove
                0x00000000001004f4                m3_libc_print
                0x00000000001007e0                m3_libc_printf
                0x0000000000100fec                m3_libc_clock_ms
                0x00000000001010a0                m3_spectest_dummy
                0x00000000001010d8                m3_LinkSpecTest
                0x0000000000101304                m3_LinkLibC
                0x000000000010169c                ConvertTypeCharToTypeId
                0x000000000010174c                SignatureToFuncType
                0x0000000000101af0                LinkRawFunction
                0x0000000000101bfc                FindAndLinkFunction
                0x0000000000101d40                m3_LinkRawFunctionEx
                0x0000000000101d90                m3_LinkRawFunction
                0x0000000000101de0                NewCodePage
                0x0000000000101e7c                FreeCodePages
                0x0000000000101ee4                NumFreeLines
                0x0000000000101f18                EmitWord_impl
                0x0000000000101f68                EmitWord32
                0x0000000000101fbc                EmitWord64
                0x0000000000102018                GetPageStartPC
                0x0000000000102040                GetPagePC
                0x0000000000102090                PushCodePage
                0x00000000001020d8                PopCodePage
                0x0000000000102124                FindCodePageEnd
                0x0000000000102194                CountCodePages
                0x00000000001021c4                GetEndCodePage
                0x000000000011bddc                AcquireCompilationCodePage
                0x000000000011be50                ReleaseCompilationCodePage
                0x000000000011be88                IsRegisterSlotAlias
                0x000000000011bee8                IsFpRegisterSlotAlias
                0x000000000011bf28                IsIntRegisterSlotAlias
                0x000000000011bf68                GetTypeNumSlots
                0x000000000011bfac                AlignSlotToType
                0x000000000011c028                GetStackTopIndex
                0x000000000011c05c                GetStackTypeFromTop
                0x000000000011c0f4                GetStackTopType
                0x000000000011c120                GetStackTypeFromBottom
                0x000000000011c184                IsConstantSlot
                0x000000000011c1e8                IsSlotAllocated
                0x000000000011c238                IsStackIndexInRegister
                0x000000000011c2b8                GetNumBlockValuesOnStack
                0x000000000011c2f4                IsStackTopInRegister
                0x000000000011c32c                IsStackTopMinus1InRegister
                0x000000000011c368                IsStackTopMinus2InRegister
                0x000000000011c3a4                IsStackTopInSlot
                0x000000000011c3ec                IsValidSlot
                0x000000000011c424                GetStackTopSlotNumber
                0x000000000011c484                GetSlotForStackIndex
                0x000000000011c4e8                GetExtraSlotForStackIndex
                0x000000000011c574                TouchSlot
                0x000000000011c5d4                MarkSlotAllocated
                0x000000000011c664                MarkSlotsAllocated
                0x000000000011c6c4                MarkSlotsAllocatedByType
                0x000000000011c718                AllocateSlotsWithinRange
                0x000000000011c848                AllocateSlots
                0x000000000011c894                AllocateConstantSlots
                0x000000000011c90c                IncrementSlotUsageCount
                0x000000000011c9b0                DeallocateSlot
                0x000000000011ca60                IsRegisterAllocated
                0x000000000011cab8                IsRegisterTypeAllocated
                0x000000000011cafc                AllocateRegister
                0x000000000011cb54                DeallocateRegister
                0x000000000011cb9c                GetRegisterStackIndex
                0x000000000011cbe8                GetMaxUsedSlotPlusOne
                0x000000000011ccac                PreserveRegisterIfOccupied
                0x000000000011cde8                PreserveRegisters
                0x000000000011ce44                PreserveNonTopRegisters
                0x000000000011cf40                Push
                0x000000000011d034                PushRegister
                0x000000000011d0c0                Pop
                0x000000000011d1fc                PopType
                0x000000000011d290                _PushAllocatedSlotAndEmit
                0x000000000011d358                PushAllocatedSlotAndEmit
                0x000000000011d394                PushAllocatedSlot
                0x000000000011d3d0                PushConst
                0x000000000011d854                EmitSlotNumOfStackTopAndPop
                0x000000000011d8a8                AddTrapRecord
                0x000000000011d8dc                UnwindBlockStack
                0x000000000011d960                IsStackPolymorphic
                0x000000000011d988                SetStackPolymorphic
                0x000000000011d9bc                PatchBranches
                0x000000000011da30                CopyStackIndexToSlot
                0x000000000011db6c                CopyStackTopToSlot
                0x000000000011dbc8                PreservedCopyTopSlot
                0x000000000011dce4                CopyStackTopToRegister
                0x000000000011de0c                FindReferencedLocalWithinCurrentBlock
                0x000000000011dfac                GetBlockScope
                0x000000000011e050                CopyStackSlotsR
                0x000000000011e360                ResolveBlockResults
                0x000000000011e598                ReturnValues
                0x000000000011e81c                Compile_Const_i32
                0x000000000011e8ac                Compile_Const_i64
                0x000000000011e928                Compile_Const_f32
                0x000000000011e9c0                Compile_Const_f64
                0x000000000011ea48                Compile_ExtendedOpcode
                0x000000000011eb94                Compile_Return
                0x000000000011ec88                ValidateBlockEnd
                0x000000000011ecbc                Compile_End
                0x000000000011ed6c                Compile_SetLocal
                0x000000000011eec0                Compile_GetLocal
                0x000000000011efa4                Compile_GetGlobal
                0x000000000011f054                Compile_SetGlobal
                0x000000000011f190                Compile_GetSetGlobal
                0x000000000011f2f4                EmitPatchingBranchPointer
                0x000000000011f338                EmitPatchingBranch
                0x000000000011f3a0                Compile_Branch
                0x000000000011f8a8                Compile_BranchTable
                0x000000000011fc40                CompileCallArgsAndReturn
                0x000000000011fe3c                Compile_Call
                0x0000000000120010                Compile_CallIndirect
                0x00000000001201d4                Compile_Memory_Size
                0x0000000000120294                Compile_Memory_Grow
                0x0000000000120378                Compile_Memory_CopyFill
                0x0000000000120614                PreserveArgsAndLocals
                0x000000000012076c                Compile_LoopOrBlock
                0x0000000000120998                CompileElseBlock
                0x0000000000120a94                Compile_If
                0x0000000000120c94                Compile_Select
                0x00000000001210b4                Compile_Drop
                0x00000000001210e8                Compile_Nop
                0x000000000012111c                Compile_Unreachable
                0x00000000001211a0                Compile_Operator
                0x000000000012149c                Compile_Convert
                0x00000000001215f8                Compile_Load_Store
                0x0000000000121740                GetOpInfo
                0x0000000000121800                CompileBlockStatements
                0x0000000000121a60                PushBlockResults
                0x0000000000121b68                CompileBlock
                0x0000000000121f5c                CompileLocals
                0x00000000001220f0                ReserveConstants
                0x000000000012222c                CompileFunction
                0x0000000000122708                m3_Abort
                0x000000000012271c                m3_Yield
                0x0000000000122740                m3_Malloc
                0x0000000000122774                m3_FreeImpl
                0x0000000000122798                m3_Realloc
                0x0000000000122850                m3_CopyMem
                0x000000000012289c                NormalizeType
                0x0000000000122930                IsFpType
                0x0000000000122980                IsIntType
                0x00000000001229d0                Is64BitType
                0x0000000000122a44                SizeOfType
                0x0000000000122a8c                Read_u64
                0x0000000000122b18                Read_u32
                0x0000000000122ba8                Read_f64
                0x0000000000122c34                Read_f32
                0x0000000000122cc4                Read_u8
                0x0000000000122d44                Read_opcode
                0x0000000000122dd0                ReadLebUnsigned
                0x0000000000122f20                ReadLebSigned
                0x0000000000123118                ReadLEB_u32
                0x0000000000123164                ReadLEB_u7
                0x00000000001231b4                ReadLEB_i7
                0x0000000000123204                ReadLEB_i32
                0x0000000000123250                ReadLEB_i64
                0x000000000012329c                Read_utf8
                0x000000000012341c                EnsureCodePageNumLines
                0x0000000000123514                BridgeToNewPageIfNecessary
                0x0000000000123540                EmitOp
                0x00000000001235b0                EmitConstant32
                0x00000000001235f4                EmitSlotOffset
                0x000000000012363c                EmitPointer
                0x0000000000123698                ReservePointer
                0x00000000001236d8                GetPC
                0x000000000012378c                m3_NewEnvironment
                0x0000000000123898                Environment_Release
                0x0000000000123904                m3_FreeEnvironment
                0x0000000000123944                Environment_AddFuncType
                0x0000000000123a00                RemoveCodePageOfCapacity
                0x0000000000123aac                Environment_AcquireCodePage
                0x0000000000123ae4                Environment_ReleaseCodePages
                0x0000000000123b7c                m3_NewRuntime
                0x0000000000123c4c                m3_GetUserData
                0x0000000000123c8c                ForEachModule
                0x0000000000123d18                _FreeModule
                0x0000000000123d44                Runtime_Release
                0x0000000000123e0c                m3_FreeRuntime
                0x0000000000123e50                EvaluateExpression
                0x00000000001241f8                InitMemory
                0x000000000012428c                ResizeMemory
                0x0000000000124450                InitGlobals
                0x0000000000124544                InitDataSegments
                0x00000000001246c4                InitElements
                0x00000000001249a0                m3_CompileModule
                0x0000000000124a54                m3_RunStart
                0x0000000000124bb0                m3_LoadModule
                0x0000000000124cf0                m3_FindGlobal
                0x0000000000124e1c                m3_GetGlobal
                0x0000000000124f00                m3_SetGlobal
                0x0000000000125008                m3_GetGlobalType
                0x0000000000125044                v_FindFunction
                0x0000000000125184                m3_FindFunction
                0x00000000001252f0                m3_GetArgCount
                0x0000000000125344                m3_GetRetCount
                0x0000000000125398                m3_GetArgType
                0x0000000000125420                m3_GetRetType
                0x000000000012549c                GetStackPointerForArgs
                0x00000000001254fc                m3_CallV
                0x0000000000125554                m3_CallVL
                0x0000000000125768                m3_Call
                0x00000000001259ac                m3_CallArgv
                0x0000000000125c34                m3_GetResults
                0x0000000000125e10                m3_GetResultsV
                0x0000000000125e50                m3_GetResultsVL
                0x0000000000125ff0                ReleaseCodePageNoTrack
                0x0000000000126074                AcquireCodePageWithCapacity
                0x0000000000126144                AcquireCodePage
                0x0000000000126170                ReleaseCodePage
                0x00000000001261c4                m3Error
                0x00000000001262e0                m3_GetErrorInfo
                0x000000000012633c                m3_ResetErrorInfo
                0x0000000000126398                m3_GetMemory
                0x0000000000126424                m3_GetMemorySize
                0x0000000000126454                m3_GetBacktrace
                0x0000000000126478                m3_PrintProfilerInfo
                0x0000000000126490                AllocFuncType
                0x00000000001264f8                AreFuncTypesEqual
                0x0000000000126594                GetFuncTypeNumParams
                0x00000000001265d0                GetFuncTypeParamType
                0x0000000000126648                GetFuncTypeNumResults
                0x0000000000126684                GetFuncTypeResultType
                0x00000000001266ec                FreeImportInfo
                0x0000000000126740                Function_Release
                0x0000000000126848                Function_FreeCompiledCode
                0x0000000000126868                m3_GetFunctionName
                0x00000000001268c0                m3_GetFunctionModule
                0x00000000001268fc                GetFunctionNames
                0x0000000000126980                GetFunctionImportModuleName
                0x00000000001269c4                GetFunctionNumArgs
                0x0000000000126a1c                GetFunctionArgType
                0x0000000000126a94                GetFunctionNumReturns
                0x0000000000126aec                GetFunctionReturnType
                0x0000000000126b40                GetFunctionNumArgsAndLocals
                0x0000000000126b8c                Module_FreeFunctions
                0x0000000000126bf8                m3_FreeModule
                0x0000000000126d48                Module_AddGlobal
                0x0000000000126e6c                Module_AddFunction
                0x0000000000126fe0                Module_GetFunction
                0x000000000012703c                m3_GetModuleName
                0x000000000012708c                m3_SetModuleName
                0x00000000001270c8                m3_GetModuleRuntime
                0x0000000000127104                ParseType_Table
                0x0000000000127140                ParseType_Memory
                0x0000000000127214                ParseSection_Type
                0x0000000000127734                ParseSection_Function
                0x000000000012784c                ParseSection_Import
                0x0000000000127bb4                ParseSection_Export
                0x0000000000127e58                ParseSection_Start
                0x0000000000127ef0                Parse_InitExpr
                0x0000000000127fec                ParseSection_Element
                0x00000000001280c0                ParseSection_Code
                0x000000000012825c                ParseSection_Data
                0x00000000001284e0                ParseSection_Memory
                0x000000000012858c                ParseSection_Global
                0x0000000000128798                ParseSection_Custom
                0x0000000000128a10                ParseModuleSection
                0x0000000000128aac                m3_ParseModule
 .text          0x0000000000128da4      0x20c c:/devkitpro/devkitarm/bin/../lib/gcc/arm-none-eabi/11.2.0/armv6k/fpu\libgcc.a(_udivsi3.o)
                0x0000000000128da4                __aeabi_uidiv
                0x0000000000128da4                __udivsi3
                0x0000000000128f90                __aeabi_uidivmod
 .text          0x0000000000128fb0      0x240 c:/devkitpro/devkitarm/bin/../lib/gcc/arm-none-eabi/11.2.0/armv6k/fpu\libgcc.a(_divsi3.o)
                0x0000000000128fb0                __divsi3
                0x0000000000128fb0                __aeabi_idiv
                0x00000000001291d0                __aeabi_idivmod
 .text          0x00000000001291f0        0x4 c:/devkitpro/devkitarm/bin/../lib/gcc/arm-none-eabi/11.2.0/armv6k/fpu\libgcc.a(_dvmd_tls.o)
                0x00000000001291f0                __aeabi_idiv0
                0x00000000001291f0                __aeabi_ldiv0
 .text          0x00000000001291f4      0x3c0 c:/devkitpro/devkitarm/bin/../lib/gcc/arm-none-eabi/11.2.0/armv6k/fpu\libgcc.a(_arm_addsubdf3.o)
                0x00000000001291f4                __aeabi_drsub
                0x00000000001291fc                __aeabi_dsub
                0x00000000001291fc                __subdf3
                0x0000000000129200                __aeabi_dadd
                0x0000000000129200                __adddf3
                0x00000000001294ac                __floatunsidf
                0x00000000001294ac                __aeabi_ui2d
                0x00000000001294d0                __floatsidf
                0x00000000001294d0                __aeabi_i2d
                0x00000000001294f8                __aeabi_f2d
                0x00000000001294f8                __extendsfdf2
                0x0000000000129540                __floatundidf
                0x0000000000129540                __aeabi_ul2d
                0x0000000000129554                __floatdidf
                0x0000000000129554                __aeabi_l2d
 .text          0x00000000001295b4      0x250 c:/devkitpro/devkitarm/bin/../lib/gcc/arm-none-eabi/11.2.0/armv6k/fpu\libgcc.a(_arm_addsubsf3.o)
                0x00000000001295b4                __aeabi_frsub
                0x00000000001295bc                __subsf3
                0x00000000001295bc                __aeabi_fsub
                0x00000000001295c0                __aeabi_fadd
                0x00000000001295c0                __addsf3
                0x0000000000129750                __aeabi_ui2f
                0x0000000000129750                __floatunsisf
                0x0000000000129758                __aeabi_i2f
                0x0000000000129758                __floatsisf
                0x0000000000129778                __aeabi_ul2f
                0x0000000000129778                __floatundisf
                0x0000000000129788                __aeabi_l2f
                0x0000000000129788                __floatdisf
 .text          0x0000000000129804       0xd4 c:/devkitpro/devkitarm/bin/../lib/gcc/arm-none-eabi/11.2.0/armv6k/fpu\libgcc.a(_aeabi_ldivmod.o)
                0x0000000000129804                __aeabi_ldivmod
 .text          0x00000000001298d8       0x3c c:/devkitpro/devkitarm/bin/../lib/gcc/arm-none-eabi/11.2.0/armv6k/fpu\libgcc.a(_aeabi_uldivmod.o)
                0x00000000001298d8                __aeabi_uldivmod
 *fill*         0x0000000000129914        0xc 
 .text          0x0000000000129920      0x390 c:/devkitpro/devkitarm/bin/../lib/gcc/arm-none-eabi/11.2.0/../../../../arm-none-eabi/lib/armv6k/fpu\libg.a(lib_a-strcmp.o)
                0x0000000000129928                strcmp
 *(.text.*)
 .text.__do_global_dtors_aux
                0x0000000000129cb0       0x40 c:/devkitpro/devkitarm/bin/../lib/gcc/arm-none-eabi/11.2.0/armv6k/fpu/crtbegin.o
 .text.frame_dummy
                0x0000000000129cf0       0x2c c:/devkitpro/devkitarm/bin/../lib/gcc/arm-none-eabi/11.2.0/armv6k/fpu/crtbegin.o
 .text.m3_aptMainLoop
                0x0000000000129d1c       0x24 3ds_wasm.o
                0x0000000000129d1c                m3_aptMainLoop
 .text.m3_gspWaitForVBlank
                0x0000000000129d40       0x18 3ds_wasm.o
                0x0000000000129d40                m3_gspWaitForVBlank
 .text.m3_gfxSwapBuffers
                0x0000000000129d58       0x18 3ds_wasm.o
                0x0000000000129d58                m3_gfxSwapBuffers
 .text.m3_hidScanInput
                0x0000000000129d70       0x18 3ds_wasm.o
                0x0000000000129d70                m3_hidScanInput
 .text.m3_hidKeysDown
                0x0000000000129d88       0x24 3ds_wasm.o
                0x0000000000129d88                m3_hidKeysDown
 .text.m3_printf
                0x0000000000129dac       0x20 3ds_wasm.o
                0x0000000000129dac                m3_printf
 .text.m3_consoleClear
                0x0000000000129dcc       0x18 3ds_wasm.o
                0x0000000000129dcc                m3_consoleClear
 .text.m3_gfxFlushBuffers
                0x0000000000129de4       0x18 3ds_wasm.o
                0x0000000000129de4                m3_gfxFlushBuffers
 .text.m3_consoleInit
                0x0000000000129dfc       0x2c 3ds_wasm.o
                0x0000000000129dfc                m3_consoleInit
 .text.m3_consoleSelect
                0x0000000000129e28       0x1c 3ds_wasm.o
                0x0000000000129e28                m3_consoleSelect
 .text.Link3DSFunctions
                0x0000000000129e44      0x19c 3ds_wasm.o
                0x0000000000129e44                Link3DSFunctions
 .text.startup.main
                0x0000000000129fe0      0x114 main.o
                0x0000000000129fe0                main
 .text.parseColor
                0x000000000012a0f4      0x204 C:/devkitPro/libctru/lib\libctru.a(console.o)
 .text.consoleSelect
                0x000000000012a2f8       0x18 C:/devkitPro/libctru/lib\libctru.a(console.o)
                0x000000000012a2f8                consoleSelect
 .text.consoleDrawChar
                0x000000000012a310      0x1ac C:/devkitPro/libctru/lib\libctru.a(console.o)
                0x000000000012a310                consoleDrawChar
 .text.consolePrintChar
                0x000000000012a4bc      0x124 C:/devkitPro/libctru/lib\libctru.a(console.o)
                0x000000000012a4bc                consolePrintChar
 .text.con_write
                0x000000000012a5e0      0xb00 C:/devkitPro/libctru/lib\libctru.a(console.o)
                0x000000000012a5e0                con_write
 .text.newRow   0x000000000012b0e0       0xf4 C:/devkitPro/libctru/lib\libctru.a(console.o)
 .text.consoleInit
                0x000000000012b1d4      0x168 C:/devkitPro/libctru/lib\libctru.a(console.o)
                0x000000000012b1d4                consoleInit
 .text.consoleClear
                0x000000000012b33c       0xc8 C:/devkitPro/libctru/lib\libctru.a(console.o)
                0x000000000012b33c                consoleClear
 .text.gfxPresentFramebuffer
                0x000000000012b404       0xd0 C:/devkitPro/libctru/lib\libctru.a(gfx.o)
 .text.gfxIsWide
                0x000000000012b4d4       0x1c C:/devkitPro/libctru/lib\libctru.a(gfx.o)
                0x000000000012b4d4                gfxIsWide
 .text.gfxSetScreenFormat
                0x000000000012b4f0       0xec C:/devkitPro/libctru/lib\libctru.a(gfx.o)
                0x000000000012b4f0                gfxSetScreenFormat
 .text.gfxSetDoubleBuffering
                0x000000000012b5dc       0x10 C:/devkitPro/libctru/lib\libctru.a(gfx.o)
                0x000000000012b5dc                gfxSetDoubleBuffering
 .text.gfxInit  0x000000000012b5ec       0xe8 C:/devkitPro/libctru/lib\libctru.a(gfx.o)
                0x000000000012b5ec                gfxInit
 .text.gfxInitDefault
                0x000000000012b6d4       0x10 C:/devkitPro/libctru/lib\libctru.a(gfx.o)
                0x000000000012b6d4                gfxInitDefault
 .text.gfxExit  0x000000000012b6e4       0xb4 C:/devkitPro/libctru/lib\libctru.a(gfx.o)
                0x000000000012b6e4                gfxExit
 .text.gfxGetFramebuffer
                0x000000000012b798       0xa0 C:/devkitPro/libctru/lib\libctru.a(gfx.o)
                0x000000000012b798                gfxGetFramebuffer
 .text.gfxFlushBuffers
                0x000000000012b838      0x10c C:/devkitPro/libctru/lib\libctru.a(gfx.o)
                0x000000000012b838                gfxFlushBuffers
 .text.gfxSwapBuffers
                0x000000000012b944       0x50 C:/devkitPro/libctru/lib\libctru.a(gfx.o)
                0x000000000012b944                gfxSwapBuffers
 .text.gfxSwapBuffersGpu
                0x000000000012b994       0x50 C:/devkitPro/libctru/lib\libctru.a(gfx.o)
                0x000000000012b994                gfxSwapBuffersGpu
 .text.gspHardwareInit
                0x000000000012b9e4      0xc58 C:/devkitPro/libctru/lib\libctru.a(gspgpu.o)
 .text.gspInit  0x000000000012c63c      0x24c C:/devkitPro/libctru/lib\libctru.a(gspgpu.o)
                0x000000000012c63c                gspInit
 .text.gspExit  0x000000000012c888       0xf0 C:/devkitPro/libctru/lib\libctru.a(gspgpu.o)
                0x000000000012c888                gspExit
 .text.gspHasGpuRight
                0x000000000012c978       0x10 C:/devkitPro/libctru/lib\libctru.a(gspgpu.o)
                0x000000000012c978                gspHasGpuRight
 .text.gspPresentBuffer
                0x000000000012c988       0xa0 C:/devkitPro/libctru/lib\libctru.a(gspgpu.o)
                0x000000000012c988                gspPresentBuffer
 .text.gspWaitForEvent
                0x000000000012ca28       0x50 C:/devkitPro/libctru/lib\libctru.a(gspgpu.o)
                0x000000000012ca28                gspWaitForEvent
 .text.gxCmdQueueInterrupt
                0x000000000012ca78        0x4 C:/devkitPro/libctru/lib\libctru.a(gspgpu.o)
                0x000000000012ca78                gxCmdQueueInterrupt
 .text.gspEventThreadMain
                0x000000000012ca7c      0x160 C:/devkitPro/libctru/lib\libctru.a(gspgpu.o)
 .text.GSPGPU_FlushDataCache
                0x000000000012cbdc       0x50 C:/devkitPro/libctru/lib\libctru.a(gspgpu.o)
                0x000000000012cbdc                GSPGPU_FlushDataCache
 .text.GSPGPU_SetLcdForceBlack
                0x000000000012cc2c       0x34 C:/devkitPro/libctru/lib\libctru.a(gspgpu.o)
                0x000000000012cc2c                GSPGPU_SetLcdForceBlack
 .text.GSPGPU_AcquireRight
                0x000000000012cc60       0x68 C:/devkitPro/libctru/lib\libctru.a(gspgpu.o)
                0x000000000012cc60                GSPGPU_AcquireRight
 .text.GSPGPU_ReleaseRight
                0x000000000012ccc8       0x48 C:/devkitPro/libctru/lib\libctru.a(gspgpu.o)
                0x000000000012ccc8                GSPGPU_ReleaseRight
 .text.GSPGPU_ImportDisplayCaptureInfo
                0x000000000012cd10       0x7c C:/devkitPro/libctru/lib\libctru.a(gspgpu.o)
                0x000000000012cd10                GSPGPU_ImportDisplayCaptureInfo
 .text.GSPGPU_SaveVramSysArea
                0x000000000012cd8c       0x2c C:/devkitPro/libctru/lib\libctru.a(gspgpu.o)
                0x000000000012cd8c                GSPGPU_SaveVramSysArea
 .text.GSPGPU_RestoreVramSysArea
                0x000000000012cdb8       0x2c C:/devkitPro/libctru/lib\libctru.a(gspgpu.o)
                0x000000000012cdb8                GSPGPU_RestoreVramSysArea
 .text.aptConvertScreenForCapture
                0x000000000012cde4      0x1b0 C:/devkitPro/libctru/lib\libctru.a(apt.o)
 .text.aptDspSleep
                0x000000000012cf94        0x8 C:/devkitPro/libctru/lib\libctru.a(apt.o)
                0x000000000012cf94                aptDspSleep
 .text.aptDspWakeup
                0x000000000012cf9c        0x4 C:/devkitPro/libctru/lib\libctru.a(apt.o)
                0x000000000012cf9c                aptDspWakeup
 .text.aptDspCancel
                0x000000000012cfa0        0x4 C:/devkitPro/libctru/lib\libctru.a(apt.o)
                0x000000000012cfa0                aptDspCancel
 .text.aptSendCommand
                0x000000000012cfa4      0x15c C:/devkitPro/libctru/lib\libctru.a(apt.o)
                0x000000000012cfa4                aptSendCommand
 .text.aptExitProcess
                0x000000000012d100       0x38 C:/devkitPro/libctru/lib\libctru.a(apt.o)
 .text.aptExit  0x000000000012d138      0x2f0 C:/devkitPro/libctru/lib\libctru.a(apt.o)
                0x000000000012d138                aptExit
 .text.aptHandleSleep
                0x000000000012d428       0xd8 C:/devkitPro/libctru/lib\libctru.a(apt.o)
                0x000000000012d428                aptHandleSleep
 .text.APT_SleepIfShellClosed
                0x000000000012d500       0x84 C:/devkitPro/libctru/lib\libctru.a(apt.o)
                0x000000000012d500                APT_SleepIfShellClosed
 .text.aptSetSleepAllowed
                0x000000000012d584       0x84 C:/devkitPro/libctru/lib\libctru.a(apt.o)
                0x000000000012d584                aptSetSleepAllowed
 .text.APT_UnlockTransition
                0x000000000012d608       0x84 C:/devkitPro/libctru/lib\libctru.a(apt.o)
                0x000000000012d608                APT_UnlockTransition
 *fill*         0x000000000012d68c        0x4 
 .text.aptEventHandler
                0x000000000012d690      0x484 C:/devkitPro/libctru/lib\libctru.a(apt.o)
 .text.APT_ReceiveParameter
                0x000000000012db14       0xb0 C:/devkitPro/libctru/lib\libctru.a(apt.o)
                0x000000000012db14                APT_ReceiveParameter
 .text.aptReceiveParameter.constprop.0
                0x000000000012dbc4       0xb0 C:/devkitPro/libctru/lib\libctru.a(apt.o)
 *fill*         0x000000000012dc74        0x4 
 .text.aptScreenTransfer
                0x000000000012dc78      0x2bc C:/devkitPro/libctru/lib\libctru.a(apt.o)
 .text.aptWaitForWakeUp.isra.0
                0x000000000012df34      0x374 C:/devkitPro/libctru/lib\libctru.a(apt.o)
 .text.aptJumpToHomeMenu
                0x000000000012e2a8       0xf8 C:/devkitPro/libctru/lib\libctru.a(apt.o)
                0x000000000012e2a8                aptJumpToHomeMenu
 .text.aptMainLoop
                0x000000000012e3a0       0x4c C:/devkitPro/libctru/lib\libctru.a(apt.o)
                0x000000000012e3a0                aptMainLoop
 .text.aptInit  0x000000000012e3ec      0x234 C:/devkitPro/libctru/lib\libctru.a(apt.o)
                0x000000000012e3ec                aptInit
 .text.APT_CheckNew3DS
                0x000000000012e620       0x7c C:/devkitPro/libctru/lib\libctru.a(apt.o)
                0x000000000012e620                APT_CheckNew3DS
 .text.hidShouldUseIrrst
                0x000000000012e69c       0x24 C:/devkitPro/libctru/lib\libctru.a(hid.o)
                0x000000000012e69c                hidShouldUseIrrst
 .text.hidInit  0x000000000012e6c0      0x18c C:/devkitPro/libctru/lib\libctru.a(hid.o)
                0x000000000012e6c0                hidInit
 .text.hidExit  0x000000000012e84c       0xe8 C:/devkitPro/libctru/lib\libctru.a(hid.o)
                0x000000000012e84c                hidExit
 .text.hidScanInput
                0x000000000012e934      0x2a4 C:/devkitPro/libctru/lib\libctru.a(hid.o)
                0x000000000012e934                hidScanInput
 .text.hidKeysDown
                0x000000000012ebd8       0x10 C:/devkitPro/libctru/lib\libctru.a(hid.o)
                0x000000000012ebd8                hidKeysDown
 .text.__libctru_init
                0x000000000012ebe8       0x38 C:/devkitPro/libctru/lib\libctru.a(ctru_init.o)
                0x000000000012ebe8                __libctru_init
 .text.__system_initArgv
                0x000000000012ec20      0x168 C:/devkitPro/libctru/lib\libctru.a(initArgv.o)
                0x000000000012ec20                __system_initArgv
 .text.svcControlMemory
                0x000000000012ed88       0x20 C:/devkitPro/libctru/lib\libctru.a(svc.o)
                0x000000000012ed88                svcControlMemory
 .text.svcQueryMemory
                0x000000000012eda8       0x30 C:/devkitPro/libctru/lib\libctru.a(svc.o)
                0x000000000012eda8                svcQueryMemory
 .text.svcExitProcess
                0x000000000012edd8        0x8 C:/devkitPro/libctru/lib\libctru.a(svc.o)
                0x000000000012edd8                svcExitProcess
 .text.svcCreateThread
                0x000000000012ede0       0x20 C:/devkitPro/libctru/lib\libctru.a(svc.o)
                0x000000000012ede0                svcCreateThread
 .text.svcExitThread
                0x000000000012ee00        0x8 C:/devkitPro/libctru/lib\libctru.a(svc.o)
                0x000000000012ee00                svcExitThread
 .text.svcSleepThread
                0x000000000012ee08        0x8 C:/devkitPro/libctru/lib\libctru.a(svc.o)
                0x000000000012ee08                svcSleepThread
 .text.svcReleaseMutex
                0x000000000012ee10        0x8 C:/devkitPro/libctru/lib\libctru.a(svc.o)
                0x000000000012ee10                svcReleaseMutex
 .text.svcCreateEvent
                0x000000000012ee18       0x14 C:/devkitPro/libctru/lib\libctru.a(svc.o)
                0x000000000012ee18                svcCreateEvent
 .text.svcSignalEvent
                0x000000000012ee2c        0x8 C:/devkitPro/libctru/lib\libctru.a(svc.o)
                0x000000000012ee2c                svcSignalEvent
 .text.svcClearEvent
                0x000000000012ee34        0x8 C:/devkitPro/libctru/lib\libctru.a(svc.o)
                0x000000000012ee34                svcClearEvent
 .text.svcMapMemoryBlock
                0x000000000012ee3c        0x8 C:/devkitPro/libctru/lib\libctru.a(svc.o)
                0x000000000012ee3c                svcMapMemoryBlock
 .text.svcUnmapMemoryBlock
                0x000000000012ee44        0x8 C:/devkitPro/libctru/lib\libctru.a(svc.o)
                0x000000000012ee44                svcUnmapMemoryBlock
 .text.svcCreateAddressArbiter
                0x000000000012ee4c       0x14 C:/devkitPro/libctru/lib\libctru.a(svc.o)
                0x000000000012ee4c                svcCreateAddressArbiter
 .text.svcArbitrateAddressNoTimeout
                0x000000000012ee60        0x8 C:/devkitPro/libctru/lib\libctru.a(svc.o)
                0x000000000012ee60                svcArbitrateAddressNoTimeout
 .text.svcCloseHandle
                0x000000000012ee68        0x8 C:/devkitPro/libctru/lib\libctru.a(svc.o)
                0x000000000012ee68                svcCloseHandle
 .text.svcWaitSynchronization
                0x000000000012ee70        0x8 C:/devkitPro/libctru/lib\libctru.a(svc.o)
                0x000000000012ee70                svcWaitSynchronization
 .text.svcWaitSynchronizationN
                0x000000000012ee78       0x28 C:/devkitPro/libctru/lib\libctru.a(svc.o)
                0x000000000012ee78                svcWaitSynchronizationN
 .text.svcDuplicateHandle
                0x000000000012eea0       0x14 C:/devkitPro/libctru/lib\libctru.a(svc.o)
                0x000000000012eea0                svcDuplicateHandle
 .text.svcConnectToPort
                0x000000000012eeb4       0x14 C:/devkitPro/libctru/lib\libctru.a(svc.o)
                0x000000000012eeb4                svcConnectToPort
 .text.svcSendSyncRequest
                0x000000000012eec8        0x8 C:/devkitPro/libctru/lib\libctru.a(svc.o)
                0x000000000012eec8                svcSendSyncRequest
 .text.svcGetResourceLimit
                0x000000000012eed0       0x14 C:/devkitPro/libctru/lib\libctru.a(svc.o)
                0x000000000012eed0                svcGetResourceLimit
 .text.svcGetResourceLimitLimitValues
                0x000000000012eee4        0x8 C:/devkitPro/libctru/lib\libctru.a(svc.o)
                0x000000000012eee4                svcGetResourceLimitLimitValues
 .text.svcGetResourceLimitCurrentValues
                0x000000000012eeec        0x8 C:/devkitPro/libctru/lib\libctru.a(svc.o)
                0x000000000012eeec                svcGetResourceLimitCurrentValues
 .text.svcBreak
                0x000000000012eef4        0x8 C:/devkitPro/libctru/lib\libctru.a(svc.o)
                0x000000000012eef4                svcBreak
 .text.initSystem
                0x000000000012eefc       0x50 C:/devkitPro/libctru/lib\libctru.a(stack_adjust.o)
                0x000000000012eefc                initSystem
 .text.__ctru_exit
                0x000000000012ef4c       0x18 C:/devkitPro/libctru/lib\libctru.a(stack_adjust.o)
                0x000000000012ef4c                __ctru_exit
 .text._ZL21addrMapNodeComparatorPK11rbtree_nodeS1_
                0x000000000012ef64       0x24 C:/devkitPro/libctru/lib\libctru.a(vram.o)
 .text._ZL21addrMapNodeDestructorP11rbtree_node
                0x000000000012ef88        0x4 C:/devkitPro/libctru/lib\libctru.a(vram.o)
 .text.vramMemAlignAt
                0x000000000012ef8c      0x258 C:/devkitPro/libctru/lib\libctru.a(vram.o)
                0x000000000012ef8c                vramMemAlignAt
 .text.vramAlloc
                0x000000000012f1e4        0xc C:/devkitPro/libctru/lib\libctru.a(vram.o)
                0x000000000012f1e4                vramAlloc
 .text.vramFree
                0x000000000012f1f0       0x90 C:/devkitPro/libctru/lib\libctru.a(vram.o)
                0x000000000012f1f0                vramFree
 .text._ZL21addrMapNodeComparatorPK11rbtree_nodeS1_
                0x000000000012f280       0x24 C:/devkitPro/libctru/lib\libctru.a(linear.o)
 .text._ZL21addrMapNodeDestructorP11rbtree_node
                0x000000000012f2a4        0x4 C:/devkitPro/libctru/lib\libctru.a(linear.o)
 .text.linearMemAlign
                0x000000000012f2a8      0x130 C:/devkitPro/libctru/lib\libctru.a(linear.o)
                0x000000000012f2a8                linearMemAlign
 .text.linearAlloc
                0x000000000012f3d8        0x8 C:/devkitPro/libctru/lib\libctru.a(linear.o)
                0x000000000012f3d8                linearAlloc
 .text.linearFree
                0x000000000012f3e0       0x5c C:/devkitPro/libctru/lib\libctru.a(linear.o)
                0x000000000012f3e0                linearFree
 .text._ZN7MemPool13CoalesceRightEP8MemBlock
                0x000000000012f43c       0x80 C:/devkitPro/libctru/lib\libctru.a(mem_pool.o)
                0x000000000012f43c                MemPool::CoalesceRight(MemBlock*)
 .text._ZN7MemPool8AllocateER8MemChunkmi
                0x000000000012f4bc      0x174 C:/devkitPro/libctru/lib\libctru.a(mem_pool.o)
                0x000000000012f4bc                MemPool::Allocate(MemChunk&, unsigned long, int)
 .text._ZN7MemPool10DeallocateERK8MemChunk
                0x000000000012f630       0xfc C:/devkitPro/libctru/lib\libctru.a(mem_pool.o)
                0x000000000012f630                MemPool::Deallocate(MemChunk const&)
 .text._ZN7MemPool12GetFreeSpaceEv
                0x000000000012f72c       0x30 C:/devkitPro/libctru/lib\libctru.a(mem_pool.o)
                0x000000000012f72c                MemPool::GetFreeSpace()
 .text.__sync_init
                0x000000000012f75c        0xc C:/devkitPro/libctru/lib\libctru.a(synchronization.o)
                0x000000000012f75c                __sync_init
 .text.__sync_fini
                0x000000000012f768       0x18 C:/devkitPro/libctru/lib\libctru.a(synchronization.o)
                0x000000000012f768                __sync_fini
 .text.syncArbitrateAddress
                0x000000000012f780       0x2c C:/devkitPro/libctru/lib\libctru.a(synchronization.o)
                0x000000000012f780                syncArbitrateAddress
 .text.LightLock_Lock
                0x000000000012f7ac       0x94 C:/devkitPro/libctru/lib\libctru.a(synchronization.o)
                0x000000000012f7ac                LightLock_Lock
 .text.LightLock_Unlock
                0x000000000012f840       0x40 C:/devkitPro/libctru/lib\libctru.a(synchronization.o)
                0x000000000012f840                LightLock_Unlock
 .text.RecursiveLock_Init
                0x000000000012f880       0x24 C:/devkitPro/libctru/lib\libctru.a(synchronization.o)
                0x000000000012f880                RecursiveLock_Init
 .text.RecursiveLock_Lock
                0x000000000012f8a4       0x30 C:/devkitPro/libctru/lib\libctru.a(synchronization.o)
                0x000000000012f8a4                RecursiveLock_Lock
 .text.RecursiveLock_Unlock
                0x000000000012f8d4       0x54 C:/devkitPro/libctru/lib\libctru.a(synchronization.o)
                0x000000000012f8d4                RecursiveLock_Unlock
 .text.LightEvent_Init
                0x000000000012f928       0x40 C:/devkitPro/libctru/lib\libctru.a(synchronization.o)
                0x000000000012f928                LightEvent_Init
 .text.LightEvent_Clear
                0x000000000012f968       0xa4 C:/devkitPro/libctru/lib\libctru.a(synchronization.o)
                0x000000000012f968                LightEvent_Clear
 .text.LightEvent_Signal
                0x000000000012fa0c       0xc8 C:/devkitPro/libctru/lib\libctru.a(synchronization.o)
                0x000000000012fa0c                LightEvent_Signal
 .text.LightEvent_TryWait
                0x000000000012fad4       0x58 C:/devkitPro/libctru/lib\libctru.a(synchronization.o)
                0x000000000012fad4                LightEvent_TryWait
 .text.LightEvent_Wait
                0x000000000012fb2c       0xb0 C:/devkitPro/libctru/lib\libctru.a(synchronization.o)
                0x000000000012fb2c                LightEvent_Wait
 .text.__ctru_speedup_config
                0x000000000012fbdc       0x34 C:/devkitPro/libctru/lib\libctru.a(os.o)
                0x000000000012fbdc                __ctru_speedup_config
 .text.srvInit  0x000000000012fc10      0x124 C:/devkitPro/libctru/lib\libctru.a(srv.o)
                0x000000000012fc10                srvInit
 .text.srvExit  0x000000000012fd34       0x58 C:/devkitPro/libctru/lib\libctru.a(srv.o)
                0x000000000012fd34                srvExit
 .text.srvGetServiceHandleDirect
                0x000000000012fd8c       0x80 C:/devkitPro/libctru/lib\libctru.a(srv.o)
                0x000000000012fd8c                srvGetServiceHandleDirect
 .text.srvGetServiceHandle
                0x000000000012fe0c       0x48 C:/devkitPro/libctru/lib\libctru.a(srv.o)
                0x000000000012fe0c                srvGetServiceHandle
 .text.srvPublishToSubscriber
                0x000000000012fe54       0x38 C:/devkitPro/libctru/lib\libctru.a(srv.o)
                0x000000000012fe54                srvPublishToSubscriber
 .text.threadCreate
                0x000000000012fe8c      0x188 C:/devkitPro/libctru/lib\libctru.a(thread.o)
                0x000000000012fe8c                threadCreate
 .text.threadFree
                0x0000000000130014       0x2c C:/devkitPro/libctru/lib\libctru.a(thread.o)
                0x0000000000130014                threadFree
 .text.threadJoin
                0x0000000000130040       0x24 C:/devkitPro/libctru/lib\libctru.a(thread.o)
                0x0000000000130040                threadJoin
 .text.threadGetCurrent
                0x0000000000130064       0x30 C:/devkitPro/libctru/lib\libctru.a(thread.o)
                0x0000000000130064                threadGetCurrent
 .text.threadExit
                0x0000000000130094       0x40 C:/devkitPro/libctru/lib\libctru.a(thread.o)
                0x0000000000130094                threadExit
 .text._thread_begin
                0x00000000001300d4       0x44 C:/devkitPro/libctru/lib\libctru.a(thread.o)
 .text.mappableFindAddressWithin
                0x0000000000130118       0x94 C:/devkitPro/libctru/lib\libctru.a(mappable.o)
 .text.mappableInit
                0x00000000001301ac       0x28 C:/devkitPro/libctru/lib\libctru.a(mappable.o)
                0x00000000001301ac                mappableInit
 .text.mappableAlloc
                0x00000000001301d4       0x80 C:/devkitPro/libctru/lib\libctru.a(mappable.o)
                0x00000000001301d4                mappableAlloc
 .text.mappableFree
                0x0000000000130254        0x4 C:/devkitPro/libctru/lib\libctru.a(mappable.o)
                0x0000000000130254                mappableFree
 .text.irrstInit
                0x0000000000130258      0x160 C:/devkitPro/libctru/lib\libctru.a(irrst.o)
                0x0000000000130258                irrstInit
 .text.irrstExit
                0x00000000001303b8       0xcc C:/devkitPro/libctru/lib\libctru.a(irrst.o)
                0x00000000001303b8                irrstExit
 .text.irrstScanInput
                0x0000000000130484       0xb4 C:/devkitPro/libctru/lib\libctru.a(irrst.o)
                0x0000000000130484                irrstScanInput
 .text.irrstKeysHeld
                0x0000000000130538       0x24 C:/devkitPro/libctru/lib\libctru.a(irrst.o)
                0x0000000000130538                irrstKeysHeld
 .text.srvPmGetSessionHandle
                0x000000000013055c        0xc C:/devkitPro/libctru/lib\libctru.a(srvpm.o)
                0x000000000013055c                srvPmGetSessionHandle
 .text.ptmSysmInit
                0x0000000000130568       0x74 C:/devkitPro/libctru/lib\libctru.a(ptmsysm.o)
                0x0000000000130568                ptmSysmInit
 .text.ptmSysmExit
                0x00000000001305dc       0x3c C:/devkitPro/libctru/lib\libctru.a(ptmsysm.o)
                0x00000000001305dc                ptmSysmExit
 .text.PTMSYSM_ConfigureNew3DSCPU
                0x0000000000130618       0x34 C:/devkitPro/libctru/lib\libctru.a(ptmsysm.o)
                0x0000000000130618                PTMSYSM_ConfigureNew3DSCPU
 .text.rbtree_init
                0x000000000013064c       0x10 C:/devkitPro/libctru/lib\libctru.a(rbtree_init.o)
                0x000000000013064c                rbtree_init
 .text.do_insert
                0x000000000013065c      0x1a8 C:/devkitPro/libctru/lib\libctru.a(rbtree_insert.o)
 .text.rbtree_insert
                0x0000000000130804        0x8 C:/devkitPro/libctru/lib\libctru.a(rbtree_insert.o)
                0x0000000000130804                rbtree_insert
 .text.rbtree_rotate
                0x000000000013080c       0x90 C:/devkitPro/libctru/lib\libctru.a(rbtree_rotate.o)
                0x000000000013080c                rbtree_rotate
 .text.rbtree_remove
                0x000000000013089c      0x338 C:/devkitPro/libctru/lib\libctru.a(rbtree_remove.o)
                0x000000000013089c                rbtree_remove
 .text.rbtree_find
                0x0000000000130bd4       0x74 C:/devkitPro/libctru/lib\libctru.a(rbtree_find.o)
                0x0000000000130bd4                rbtree_find
 .text.__appInit
                0x0000000000130c48       0x30 C:/devkitPro/libctru/lib\libctru.a(appInit.o)
                0x0000000000130c48                __appInit
 .text.__syscall_getreent
                0x0000000000130c78       0x30 C:/devkitPro/libctru/lib\libctru.a(syscalls.o)
                0x0000000000130c78                __syscall_getreent
 .text.__syscall_lock_acquire
                0x0000000000130ca8        0x4 C:/devkitPro/libctru/lib\libctru.a(syscalls.o)
                0x0000000000130ca8                __syscall_lock_acquire
 .text.__syscall_lock_release
                0x0000000000130cac        0x4 C:/devkitPro/libctru/lib\libctru.a(syscalls.o)
                0x0000000000130cac                __syscall_lock_release
 .text.__syscall_lock_init_recursive
                0x0000000000130cb0        0x4 C:/devkitPro/libctru/lib\libctru.a(syscalls.o)
                0x0000000000130cb0                __syscall_lock_init_recursive
 .text.__syscall_lock_acquire_recursive
                0x0000000000130cb4        0x4 C:/devkitPro/libctru/lib\libctru.a(syscalls.o)
                0x0000000000130cb4                __syscall_lock_acquire_recursive
 .text.__syscall_lock_release_recursive
                0x0000000000130cb8        0x4 C:/devkitPro/libctru/lib\libctru.a(syscalls.o)
                0x0000000000130cb8                __syscall_lock_release_recursive
 .text.__syscall_exit
                0x0000000000130cbc        0x4 C:/devkitPro/libctru/lib\libctru.a(syscalls.o)
                0x0000000000130cbc                __syscall_exit
 .text.__system_initSyscalls
                0x0000000000130cc0       0x60 C:/devkitPro/libctru/lib\libctru.a(syscalls.o)
                0x0000000000130cc0                __system_initSyscalls
 .text.__system_allocateHeaps
                0x0000000000130d20      0x1e0 C:/devkitPro/libctru/lib\libctru.a(allocateHeaps.o)
                0x0000000000130d20                __system_allocateHeaps
 .text.__appExit
                0x0000000000130f00       0x30 C:/devkitPro/libctru/lib\libctru.a(appExit.o)
                0x0000000000130f00                __appExit
 .text.__libctru_exit
                0x0000000000130f30       0x90 C:/devkitPro/libctru/lib\libctru.a(ctru_exit.o)
                0x0000000000130f30                __libctru_exit
 .text.envGetHandle
                0x0000000000130fc0       0x84 C:/devkitPro/libctru/lib\libctru.a(env.o)
                0x0000000000130fc0                envGetHandle
 .text.envDestroyHandles
                0x0000000000131044       0x50 C:/devkitPro/libctru/lib\libctru.a(env.o)
                0x0000000000131044                envDestroyHandles
 .text.archive_link
                0x0000000000131094       0x14 C:/devkitPro/libctru/lib\libctru.a(archive_dev.o)
 .text.archive_dirreset
                0x00000000001310a8       0x14 C:/devkitPro/libctru/lib\libctru.a(archive_dev.o)
 .text.archive_chmod
                0x00000000001310bc       0x14 C:/devkitPro/libctru/lib\libctru.a(archive_dev.o)
 .text.error_cmp
                0x00000000001310d0       0x24 C:/devkitPro/libctru/lib\libctru.a(archive_dev.o)
 .text.archive_translate_error
                0x00000000001310f4       0x50 C:/devkitPro/libctru/lib\libctru.a(archive_dev.o)
 .text.archive_seek
                0x0000000000131144       0xd4 C:/devkitPro/libctru/lib\libctru.a(archive_dev.o)
 .text._archiveInit.part.0
                0x0000000000131218       0x7c C:/devkitPro/libctru/lib\libctru.a(archive_dev.o)
 .text.archiveFindDevice.part.0
                0x0000000000131294       0x8c C:/devkitPro/libctru/lib\libctru.a(archive_dev.o)
 .text.archive_utf16path
                0x0000000000131320      0x260 C:/devkitPro/libctru/lib\libctru.a(archive_dev.o)
 .text._archiveUnmountDeviceStruct.part.0
                0x0000000000131580       0xa0 C:/devkitPro/libctru/lib\libctru.a(archive_dev.o)
 .text.archive_fchmod
                0x0000000000131620       0x14 C:/devkitPro/libctru/lib\libctru.a(archive_dev.o)
 .text.archive_statvfs
                0x0000000000131634       0x14 C:/devkitPro/libctru/lib\libctru.a(archive_dev.o)
 .text._archiveMountDevice
                0x0000000000131648      0x158 C:/devkitPro/libctru/lib\libctru.a(archive_dev.o)
 .text.archive_diropen
                0x00000000001317a0       0xe8 C:/devkitPro/libctru/lib\libctru.a(archive_dev.o)
 .text.archive_fstat
                0x0000000000131888       0xa4 C:/devkitPro/libctru/lib\libctru.a(archive_dev.o)
 .text.archive_close
                0x000000000013192c       0x6c C:/devkitPro/libctru/lib\libctru.a(archive_dev.o)
 .text.archive_fsync
                0x0000000000131998       0x6c C:/devkitPro/libctru/lib\libctru.a(archive_dev.o)
 .text.archive_dirclose
                0x0000000000131a04       0x70 C:/devkitPro/libctru/lib\libctru.a(archive_dev.o)
 .text.sdmc_statvfs
                0x0000000000131a74       0xe8 C:/devkitPro/libctru/lib\libctru.a(archive_dev.o)
 .text.archive_ftruncate
                0x0000000000131b5c       0x80 C:/devkitPro/libctru/lib\libctru.a(archive_dev.o)
 .text.archive_chdir
                0x0000000000131bdc       0xfc C:/devkitPro/libctru/lib\libctru.a(archive_dev.o)
 .text.archive_read
                0x0000000000131cd8       0xb0 C:/devkitPro/libctru/lib\libctru.a(archive_dev.o)
 .text.archive_unlink
                0x0000000000131d88       0xac C:/devkitPro/libctru/lib\libctru.a(archive_dev.o)
 .text.archive_rmdir
                0x0000000000131e34       0xc8 C:/devkitPro/libctru/lib\libctru.a(archive_dev.o)
 .text.archive_mkdir
                0x0000000000131efc       0xec C:/devkitPro/libctru/lib\libctru.a(archive_dev.o)
 .text.archive_stat
                0x0000000000131fe8      0x1a8 C:/devkitPro/libctru/lib\libctru.a(archive_dev.o)
 .text.archive_rename
                0x0000000000132190      0x26c C:/devkitPro/libctru/lib\libctru.a(archive_dev.o)
 .text.archive_dirnext
                0x00000000001323fc      0x168 C:/devkitPro/libctru/lib\libctru.a(archive_dev.o)
 .text.archive_write
                0x0000000000132564      0x12c C:/devkitPro/libctru/lib\libctru.a(archive_dev.o)
 .text.archive_open
                0x0000000000132690      0x1e8 C:/devkitPro/libctru/lib\libctru.a(archive_dev.o)
 .text.archiveMountSdmc
                0x0000000000132878      0x1a4 C:/devkitPro/libctru/lib\libctru.a(archive_dev.o)
                0x0000000000132878                archiveMountSdmc
 .text.archiveUnmountAll
                0x0000000000132a1c       0x54 C:/devkitPro/libctru/lib\libctru.a(archive_dev.o)
                0x0000000000132a1c                archiveUnmountAll
 .text.fsInit   0x0000000000132a70       0xc8 C:/devkitPro/libctru/lib\libctru.a(fs.o)
                0x0000000000132a70                fsInit
 .text.fsExit   0x0000000000132b38       0x3c C:/devkitPro/libctru/lib\libctru.a(fs.o)
                0x0000000000132b38                fsExit
 .text.fsExemptFromSession
                0x0000000000132b74       0x60 C:/devkitPro/libctru/lib\libctru.a(fs.o)
                0x0000000000132b74                fsExemptFromSession
 .text.fsUnexemptFromSession
                0x0000000000132bd4       0x50 C:/devkitPro/libctru/lib\libctru.a(fs.o)
                0x0000000000132bd4                fsUnexemptFromSession
 .text.FSUSER_OpenFile
                0x0000000000132c24       0xcc C:/devkitPro/libctru/lib\libctru.a(fs.o)
                0x0000000000132c24                FSUSER_OpenFile
 .text.FSUSER_DeleteFile
                0x0000000000132cf0       0xbc C:/devkitPro/libctru/lib\libctru.a(fs.o)
                0x0000000000132cf0                FSUSER_DeleteFile
 .text.FSUSER_RenameFile
                0x0000000000132dac       0xf8 C:/devkitPro/libctru/lib\libctru.a(fs.o)
                0x0000000000132dac                FSUSER_RenameFile
 .text.FSUSER_DeleteDirectory
                0x0000000000132ea4       0xbc C:/devkitPro/libctru/lib\libctru.a(fs.o)
                0x0000000000132ea4                FSUSER_DeleteDirectory
 .text.FSUSER_CreateFile
                0x0000000000132f60       0xd4 C:/devkitPro/libctru/lib\libctru.a(fs.o)
                0x0000000000132f60                FSUSER_CreateFile
 .text.FSUSER_CreateDirectory
                0x0000000000133034       0xc4 C:/devkitPro/libctru/lib\libctru.a(fs.o)
                0x0000000000133034                FSUSER_CreateDirectory
 .text.FSUSER_RenameDirectory
                0x00000000001330f8       0xf8 C:/devkitPro/libctru/lib\libctru.a(fs.o)
                0x00000000001330f8                FSUSER_RenameDirectory
 .text.FSUSER_OpenDirectory
                0x00000000001331f0       0xb4 C:/devkitPro/libctru/lib\libctru.a(fs.o)
                0x00000000001331f0                FSUSER_OpenDirectory
 .text.FSUSER_OpenArchive
                0x00000000001332a4       0x94 C:/devkitPro/libctru/lib\libctru.a(fs.o)
                0x00000000001332a4                FSUSER_OpenArchive
 .text.FSUSER_CloseArchive
                0x0000000000133338       0x8c C:/devkitPro/libctru/lib\libctru.a(fs.o)
                0x0000000000133338                FSUSER_CloseArchive
 .text.FSUSER_GetSdmcArchiveResource
                0x00000000001333c4       0x74 C:/devkitPro/libctru/lib\libctru.a(fs.o)
                0x00000000001333c4                FSUSER_GetSdmcArchiveResource
 .text.FSUSER_IsSdmcWritable
                0x0000000000133438       0x64 C:/devkitPro/libctru/lib\libctru.a(fs.o)
                0x0000000000133438                FSUSER_IsSdmcWritable
 .text.FSFILE_Read
                0x000000000013349c       0x58 C:/devkitPro/libctru/lib\libctru.a(fs.o)
                0x000000000013349c                FSFILE_Read
 .text.FSFILE_Write
                0x00000000001334f4       0x60 C:/devkitPro/libctru/lib\libctru.a(fs.o)
                0x00000000001334f4                FSFILE_Write
 .text.FSFILE_GetSize
                0x0000000000133554       0x38 C:/devkitPro/libctru/lib\libctru.a(fs.o)
                0x0000000000133554                FSFILE_GetSize
 .text.FSFILE_SetSize
                0x000000000013358c       0x28 C:/devkitPro/libctru/lib\libctru.a(fs.o)
                0x000000000013358c                FSFILE_SetSize
 .text.FSFILE_Close
                0x00000000001335b4       0x3c C:/devkitPro/libctru/lib\libctru.a(fs.o)
                0x00000000001335b4                FSFILE_Close
 .text.FSFILE_Flush
                0x00000000001335f0       0x24 C:/devkitPro/libctru/lib\libctru.a(fs.o)
                0x00000000001335f0                FSFILE_Flush
 .text.FSDIR_Read
                0x0000000000133614       0x50 C:/devkitPro/libctru/lib\libctru.a(fs.o)
                0x0000000000133614                FSDIR_Read
 .text.FSDIR_Close
                0x0000000000133664       0x3c C:/devkitPro/libctru/lib\libctru.a(fs.o)
                0x0000000000133664                FSDIR_Close
 .text.rbtree_node_next
                0x00000000001336a0       0x58 C:/devkitPro/libctru/lib\libctru.a(rbtree_iterator.o)
                0x00000000001336a0                rbtree_node_next
 .text.utf16_to_utf8
                0x00000000001336f8       0xe8 C:/devkitPro/libctru/lib\libctru.a(utf16_to_utf8.o)
                0x00000000001336f8                utf16_to_utf8
 .text.decode_utf16
                0x00000000001337e0       0x64 C:/devkitPro/libctru/lib\libctru.a(decode_utf16.o)
                0x00000000001337e0                decode_utf16
 .text.decode_utf8
                0x0000000000133844      0x13c C:/devkitPro/libctru/lib\libctru.a(decode_utf8.o)
                0x0000000000133844                decode_utf8
 .text.utf8_to_utf16
                0x0000000000133980       0xc0 C:/devkitPro/libctru/lib\libctru.a(utf8_to_utf16.o)
                0x0000000000133980                utf8_to_utf16
 .text.__aeabi_read_tp
                0x0000000000133a40        0xc C:/devkitPro/libctru/lib\libctru.a(readtp.o)
                0x0000000000133a40                __aeabi_read_tp
 .text.encode_utf16
                0x0000000000133a4c       0x60 C:/devkitPro/libctru/lib\libctru.a(encode_utf16.o)
                0x0000000000133a4c                encode_utf16
 .text.encode_utf8
                0x0000000000133aac       0xfc C:/devkitPro/libctru/lib\libctru.a(encode_utf8.o)
                0x0000000000133aac                encode_utf8
 .text.ceil     0x0000000000133ba8      0x164 c:/devkitpro/devkitarm/bin/../lib/gcc/arm-none-eabi/11.2.0/../../../../arm-none-eabi/lib/armv6k/fpu\libm.a(lib_a-s_ceil.o)
                0x0000000000133ba8                ceil
 .text.copysign
                0x0000000000133d0c       0x28 c:/devkitpro/devkitarm/bin/../lib/gcc/arm-none-eabi/11.2.0/../../../../arm-none-eabi/lib/armv6k/fpu\libm.a(lib_a-s_copysign.o)
                0x0000000000133d0c                copysign
 .text.ceilf    0x0000000000133d34       0xb8 c:/devkitpro/devkitarm/bin/../lib/gcc/arm-none-eabi/11.2.0/../../../../arm-none-eabi/lib/armv6k/fpu\libm.a(lib_a-sf_ceil.o)
                0x0000000000133d34                ceilf
 .text.copysignf
                0x0000000000133dec       0x1c c:/devkitpro/devkitarm/bin/../lib/gcc/arm-none-eabi/11.2.0/../../../../arm-none-eabi/lib/armv6k/fpu\libm.a(lib_a-sf_copysign.o)
                0x0000000000133dec                copysignf
 .text.floorf   0x0000000000133e08       0xb8 c:/devkitpro/devkitarm/bin/../lib/gcc/arm-none-eabi/11.2.0/../../../../arm-none-eabi/lib/armv6k/fpu\libm.a(lib_a-sf_floor.o)
                0x0000000000133e08                floorf
 .text.floor    0x0000000000133ec0      0x174 c:/devkitpro/devkitarm/bin/../lib/gcc/arm-none-eabi/11.2.0/../../../../arm-none-eabi/lib/armv6k/fpu\libm.a(lib_a-s_floor.o)
                0x0000000000133ec0                floor
 .text.rintf    0x0000000000134034       0xf0 c:/devkitpro/devkitarm/bin/../lib/gcc/arm-none-eabi/11.2.0/../../../../arm-none-eabi/lib/armv6k/fpu\libm.a(lib_a-sf_rint.o)
                0x0000000000134034                rintf
 .text.truncf   0x0000000000134124       0x4c c:/devkitpro/devkitarm/bin/../lib/gcc/arm-none-eabi/11.2.0/../../../../arm-none-eabi/lib/armv6k/fpu\libm.a(lib_a-sf_trunc.o)
                0x0000000000134124                truncf
 .text.rint     0x0000000000134170      0x180 c:/devkitpro/devkitarm/bin/../lib/gcc/arm-none-eabi/11.2.0/../../../../arm-none-eabi/lib/armv6k/fpu\libm.a(lib_a-s_rint.o)
                0x0000000000134170                rint
 .text.trunc    0x00000000001342f0       0x90 c:/devkitpro/devkitarm/bin/../lib/gcc/arm-none-eabi/11.2.0/../../../../arm-none-eabi/lib/armv6k/fpu\libm.a(lib_a-s_trunc.o)
                0x00000000001342f0                trunc
 .text.sqrtf    0x0000000000134380       0x50 c:/devkitpro/devkitarm/bin/../lib/gcc/arm-none-eabi/11.2.0/../../../../arm-none-eabi/lib/armv6k/fpu\libm.a(lib_a-wf_sqrt.o)
                0x0000000000134380                sqrtf
 .text.sqrt     0x00000000001343d0       0x58 c:/devkitpro/devkitarm/bin/../lib/gcc/arm-none-eabi/11.2.0/../../../../arm-none-eabi/lib/armv6k/fpu\libm.a(lib_a-w_sqrt.o)
                0x00000000001343d0                sqrt
 .text.__ieee754_sqrtf
                0x0000000000134428        0x8 c:/devkitpro/devkitarm/bin/../lib/gcc/arm-none-eabi/11.2.0/../../../../arm-none-eabi/lib/armv6k/fpu\libm.a(lib_a-ef_sqrt.o)
                0x0000000000134428                __ieee754_sqrtf
 .text.__ieee754_sqrt
                0x0000000000134430        0x8 c:/devkitpro/devkitarm/bin/../lib/gcc/arm-none-eabi/11.2.0/../../../../arm-none-eabi/lib/armv6k/fpu\libm.a(lib_a-e_sqrt.o)
                0x0000000000134430                __ieee754_sqrt
 .text.__ctzdi2
                0x0000000000134438       0x28 c:/devkitpro/devkitarm/bin/../lib/gcc/arm-none-eabi/11.2.0/armv6k/fpu\libgcc.a(_ctzdi2.o)
                0x0000000000134438                __ctzdi2
 .text.__popcountsi2
                0x0000000000134460       0x44 c:/devkitpro/devkitarm/bin/../lib/gcc/arm-none-eabi/11.2.0/armv6k/fpu\libgcc.a(_popcountsi2.o)
                0x0000000000134460                __popcountsi2
 .text.__popcountdi2
                0x00000000001344a4       0x68 c:/devkitpro/devkitarm/bin/../lib/gcc/arm-none-eabi/11.2.0/armv6k/fpu\libgcc.a(_popcountdi2.o)
                0x00000000001344a4                __popcountdi2
 .text.__fixsfdi
                0x000000000013450c       0x30 c:/devkitpro/devkitarm/bin/../lib/gcc/arm-none-eabi/11.2.0/armv6k/fpu\libgcc.a(_fixsfdi.o)
                0x000000000013450c                __fixsfdi
                0x000000000013450c                __aeabi_f2lz
 .text.__fixdfdi
                0x000000000013453c       0x38 c:/devkitpro/devkitarm/bin/../lib/gcc/arm-none-eabi/11.2.0/armv6k/fpu\libgcc.a(_fixdfdi.o)
                0x000000000013453c                __fixdfdi
                0x000000000013453c                __aeabi_d2lz
 *fill*         0x0000000000134574        0x4 
 .text.__fixunssfdi
                0x0000000000134578       0x40 c:/devkitpro/devkitarm/bin/../lib/gcc/arm-none-eabi/11.2.0/armv6k/fpu\libgcc.a(_fixunssfdi.o)
                0x0000000000134578                __fixunssfdi
                0x0000000000134578                __aeabi_f2ulz
 .text.__fixunsdfdi
                0x00000000001345b8       0x40 c:/devkitpro/devkitarm/bin/../lib/gcc/arm-none-eabi/11.2.0/armv6k/fpu\libgcc.a(_fixunsdfdi.o)
                0x00000000001345b8                __fixunsdfdi
                0x00000000001345b8                __aeabi_d2ulz
 .text.__udivmoddi4
                0x00000000001345f8      0x120 c:/devkitpro/devkitarm/bin/../lib/gcc/arm-none-eabi/11.2.0/armv6k/fpu\libgcc.a(_udivmoddi4.o)
                0x00000000001345f8                __udivmoddi4
 .text.abort    0x0000000000134718       0x14 c:/devkitpro/devkitarm/bin/../lib/gcc/arm-none-eabi/11.2.0/../../../../arm-none-eabi/lib/armv6k/fpu\libg.a(lib_a-abort.o)
                0x0000000000134718                abort
 .text.bsearch  0x000000000013472c       0x78 c:/devkitpro/devkitarm/bin/../lib/gcc/arm-none-eabi/11.2.0/../../../../arm-none-eabi/lib/armv6k/fpu\libg.a(lib_a-bsearch.o)
                0x000000000013472c                bsearch
 .text.calloc   0x00000000001347a4       0x28 c:/devkitpro/devkitarm/bin/../lib/gcc/arm-none-eabi/11.2.0/../../../../arm-none-eabi/lib/armv6k/fpu\libg.a(lib_a-calloc.o)
                0x00000000001347a4                calloc
 .text._calloc_r
                0x00000000001347cc       0xbc c:/devkitpro/devkitarm/bin/../lib/gcc/arm-none-eabi/11.2.0/../../../../arm-none-eabi/lib/armv6k/fpu\libg.a(lib_a-callocr.o)
                0x00000000001347cc                _calloc_r
 .text.clock    0x0000000000134888       0x34 c:/devkitpro/devkitarm/bin/../lib/gcc/arm-none-eabi/11.2.0/../../../../arm-none-eabi/lib/armv6k/fpu\libg.a(lib_a-clock.o)
                0x0000000000134888                clock
 .text.__errno  0x00000000001348bc        0xc c:/devkitpro/devkitarm/bin/../lib/gcc/arm-none-eabi/11.2.0/../../../../arm-none-eabi/lib/armv6k/fpu\libg.a(lib_a-errno.o)
                0x00000000001348bc                __errno
 .text.exit     0x00000000001348c8       0x34 c:/devkitpro/devkitarm/bin/../lib/gcc/arm-none-eabi/11.2.0/../../../../arm-none-eabi/lib/armv6k/fpu\libg.a(lib_a-exit.o)
                0x00000000001348c8                exit
 .text.__sflush_r
                0x00000000001348fc      0x258 c:/devkitpro/devkitarm/bin/../lib/gcc/arm-none-eabi/11.2.0/../../../../arm-none-eabi/lib/armv6k/fpu\libg.a(lib_a-fflush.o)
                0x00000000001348fc                __sflush_r
 .text._fflush_r
                0x0000000000134b54       0x94 c:/devkitpro/devkitarm/bin/../lib/gcc/arm-none-eabi/11.2.0/../../../../arm-none-eabi/lib/armv6k/fpu\libg.a(lib_a-fflush.o)
                0x0000000000134b54                _fflush_r
 .text.fflush   0x0000000000134be8       0x38 c:/devkitpro/devkitarm/bin/../lib/gcc/arm-none-eabi/11.2.0/../../../../arm-none-eabi/lib/armv6k/fpu\libg.a(lib_a-fflush.o)
                0x0000000000134be8                fflush
 .text._cleanup_r
                0x0000000000134c20        0xc c:/devkitpro/devkitarm/bin/../lib/gcc/arm-none-eabi/11.2.0/../../../../arm-none-eabi/lib/armv6k/fpu\libg.a(lib_a-findfp.o)
                0x0000000000134c20                _cleanup_r
 .text.__sinit  0x0000000000134c2c      0x184 c:/devkitpro/devkitarm/bin/../lib/gcc/arm-none-eabi/11.2.0/../../../../arm-none-eabi/lib/armv6k/fpu\libg.a(lib_a-findfp.o)
                0x0000000000134c2c                __sinit
 .text.__sfp_lock_acquire
                0x0000000000134db0        0xc c:/devkitpro/devkitarm/bin/../lib/gcc/arm-none-eabi/11.2.0/../../../../arm-none-eabi/lib/armv6k/fpu\libg.a(lib_a-findfp.o)
                0x0000000000134db0                __sfp_lock_acquire
 .text.__sfp_lock_release
                0x0000000000134dbc        0xc c:/devkitpro/devkitarm/bin/../lib/gcc/arm-none-eabi/11.2.0/../../../../arm-none-eabi/lib/armv6k/fpu\libg.a(lib_a-findfp.o)
                0x0000000000134dbc                __sfp_lock_release
 .text.__libc_fini_array
                0x0000000000134dc8       0x3c c:/devkitpro/devkitarm/bin/../lib/gcc/arm-none-eabi/11.2.0/../../../../arm-none-eabi/lib/armv6k/fpu\libg.a(lib_a-fini.o)
                0x0000000000134dc8                __libc_fini_array
 .text.fputc    0x0000000000134e04       0x94 c:/devkitpro/devkitarm/bin/../lib/gcc/arm-none-eabi/11.2.0/../../../../arm-none-eabi/lib/armv6k/fpu\libg.a(lib_a-fputc.o)
                0x0000000000134e04                fputc
 .text._fputs_r
                0x0000000000134e98       0xc0 c:/devkitpro/devkitarm/bin/../lib/gcc/arm-none-eabi/11.2.0/../../../../arm-none-eabi/lib/armv6k/fpu\libg.a(lib_a-fputs.o)
                0x0000000000134e98                _fputs_r
 .text.fputs    0x0000000000134f58       0x28 c:/devkitpro/devkitarm/bin/../lib/gcc/arm-none-eabi/11.2.0/../../../../arm-none-eabi/lib/armv6k/fpu\libg.a(lib_a-fputs.o)
                0x0000000000134f58                fputs
 .text._malloc_trim_r
                0x0000000000134f80       0xf8 c:/devkitpro/devkitarm/bin/../lib/gcc/arm-none-eabi/11.2.0/../../../../arm-none-eabi/lib/armv6k/fpu\libg.a(lib_a-freer.o)
                0x0000000000134f80                _malloc_trim_r
 .text._free_r  0x0000000000135078      0x2e4 c:/devkitpro/devkitarm/bin/../lib/gcc/arm-none-eabi/11.2.0/../../../../arm-none-eabi/lib/armv6k/fpu\libg.a(lib_a-freer.o)
                0x0000000000135078                _free_r
 .text.__sfvwrite_r
                0x000000000013535c      0x4c0 c:/devkitpro/devkitarm/bin/../lib/gcc/arm-none-eabi/11.2.0/../../../../arm-none-eabi/lib/armv6k/fpu\libg.a(lib_a-fvwrite.o)
                0x000000000013535c                __sfvwrite_r
 .text._fwalk_reent
                0x000000000013581c       0x70 c:/devkitpro/devkitarm/bin/../lib/gcc/arm-none-eabi/11.2.0/../../../../arm-none-eabi/lib/armv6k/fpu\libg.a(lib_a-fwalk.o)
                0x000000000013581c                _fwalk_reent
 .text._fwrite_r
                0x000000000013588c       0xf8 c:/devkitpro/devkitarm/bin/../lib/gcc/arm-none-eabi/11.2.0/../../../../arm-none-eabi/lib/armv6k/fpu\libg.a(lib_a-fwrite.o)
                0x000000000013588c                _fwrite_r
 .text.fwrite   0x0000000000135984       0x38 c:/devkitpro/devkitarm/bin/../lib/gcc/arm-none-eabi/11.2.0/../../../../arm-none-eabi/lib/armv6k/fpu\libg.a(lib_a-fwrite.o)
                0x0000000000135984                fwrite
 .text.__libc_init_array
                0x00000000001359bc       0x7c c:/devkitpro/devkitarm/bin/../lib/gcc/arm-none-eabi/11.2.0/../../../../arm-none-eabi/lib/armv6k/fpu\libg.a(lib_a-init.o)
                0x00000000001359bc                __libc_init_array
 .text.memalign
                0x0000000000135a38       0x28 c:/devkitpro/devkitarm/bin/../lib/gcc/arm-none-eabi/11.2.0/../../../../arm-none-eabi/lib/armv6k/fpu\libg.a(lib_a-malign.o)
                0x0000000000135a38                memalign
 .text._memalign_r
                0x0000000000135a60      0x150 c:/devkitpro/devkitarm/bin/../lib/gcc/arm-none-eabi/11.2.0/../../../../arm-none-eabi/lib/armv6k/fpu\libg.a(lib_a-malignr.o)
                0x0000000000135a60                _memalign_r
 .text.malloc   0x0000000000135bb0       0x20 c:/devkitpro/devkitarm/bin/../lib/gcc/arm-none-eabi/11.2.0/../../../../arm-none-eabi/lib/armv6k/fpu\libg.a(lib_a-malloc.o)
                0x0000000000135bb0                malloc
 .text.free     0x0000000000135bd0       0x20 c:/devkitpro/devkitarm/bin/../lib/gcc/arm-none-eabi/11.2.0/../../../../arm-none-eabi/lib/armv6k/fpu\libg.a(lib_a-malloc.o)
                0x0000000000135bd0                free
 .text._malloc_r
                0x0000000000135bf0      0x7e0 c:/devkitpro/devkitarm/bin/../lib/gcc/arm-none-eabi/11.2.0/../../../../arm-none-eabi/lib/armv6k/fpu\libg.a(lib_a-mallocr.o)
                0x0000000000135bf0                _malloc_r
 .text.memchr   0x00000000001363d0       0xe0 c:/devkitpro/devkitarm/bin/../lib/gcc/arm-none-eabi/11.2.0/../../../../arm-none-eabi/lib/armv6k/fpu\libg.a(lib_a-memchr-stub.o)
                0x00000000001363d0                memchr
 .text.memcmp   0x00000000001364b0       0xa8 c:/devkitpro/devkitarm/bin/../lib/gcc/arm-none-eabi/11.2.0/../../../../arm-none-eabi/lib/armv6k/fpu\libg.a(lib_a-memcmp.o)
                0x00000000001364b0                memcmp
 .text.memcpy   0x0000000000136558      0x11c c:/devkitpro/devkitarm/bin/../lib/gcc/arm-none-eabi/11.2.0/../../../../arm-none-eabi/lib/armv6k/fpu\libg.a(lib_a-memcpy-stub.o)
                0x0000000000136558                memcpy
 .text.memmove  0x0000000000136674      0x154 c:/devkitpro/devkitarm/bin/../lib/gcc/arm-none-eabi/11.2.0/../../../../arm-none-eabi/lib/armv6k/fpu\libg.a(lib_a-memmove.o)
                0x0000000000136674                memmove
 .text.memset   0x00000000001367c8      0x118 c:/devkitpro/devkitarm/bin/../lib/gcc/arm-none-eabi/11.2.0/../../../../arm-none-eabi/lib/armv6k/fpu\libg.a(lib_a-memset.o)
                0x00000000001367c8                memset
 .text.__malloc_lock
                0x00000000001368e0        0xc c:/devkitpro/devkitarm/bin/../lib/gcc/arm-none-eabi/11.2.0/../../../../arm-none-eabi/lib/armv6k/fpu\libg.a(lib_a-mlock.o)
                0x00000000001368e0                __malloc_lock
 .text.__malloc_unlock
                0x00000000001368ec        0xc c:/devkitpro/devkitarm/bin/../lib/gcc/arm-none-eabi/11.2.0/../../../../arm-none-eabi/lib/armv6k/fpu\libg.a(lib_a-mlock.o)
                0x00000000001368ec                __malloc_unlock
 .text.printf   0x00000000001368f8       0x34 c:/devkitpro/devkitarm/bin/../lib/gcc/arm-none-eabi/11.2.0/../../../../arm-none-eabi/lib/armv6k/fpu\libg.a(lib_a-printf.o)
                0x00000000001368f8                printf
 .text._putc_r  0x000000000013692c       0xdc c:/devkitpro/devkitarm/bin/../lib/gcc/arm-none-eabi/11.2.0/../../../../arm-none-eabi/lib/armv6k/fpu\libg.a(lib_a-putc.o)
                0x000000000013692c                _putc_r
 .text.putc     0x0000000000136a08       0xe0 c:/devkitpro/devkitarm/bin/../lib/gcc/arm-none-eabi/11.2.0/../../../../arm-none-eabi/lib/armv6k/fpu\libg.a(lib_a-putc.o)
                0x0000000000136a08                putc
 .text._puts_r  0x0000000000136ae8       0xe0 c:/devkitpro/devkitarm/bin/../lib/gcc/arm-none-eabi/11.2.0/../../../../arm-none-eabi/lib/armv6k/fpu\libg.a(lib_a-puts.o)
                0x0000000000136ae8                _puts_r
 .text.puts     0x0000000000136bc8       0x20 c:/devkitpro/devkitarm/bin/../lib/gcc/arm-none-eabi/11.2.0/../../../../arm-none-eabi/lib/armv6k/fpu\libg.a(lib_a-puts.o)
                0x0000000000136bc8                puts
 .text.realloc  0x0000000000136be8       0x28 c:/devkitpro/devkitarm/bin/../lib/gcc/arm-none-eabi/11.2.0/../../../../arm-none-eabi/lib/armv6k/fpu\libg.a(lib_a-realloc.o)
                0x0000000000136be8                realloc
 .text._realloc_r
                0x0000000000136c10      0x558 c:/devkitpro/devkitarm/bin/../lib/gcc/arm-none-eabi/11.2.0/../../../../arm-none-eabi/lib/armv6k/fpu\libg.a(lib_a-reallocr.o)
                0x0000000000136c10                _realloc_r
 .text.setvbuf  0x0000000000137168      0x260 c:/devkitpro/devkitarm/bin/../lib/gcc/arm-none-eabi/11.2.0/../../../../arm-none-eabi/lib/armv6k/fpu\libg.a(lib_a-setvbuf.o)
                0x0000000000137168                setvbuf
 .text._raise_r
                0x00000000001373c8       0x98 c:/devkitpro/devkitarm/bin/../lib/gcc/arm-none-eabi/11.2.0/../../../../arm-none-eabi/lib/armv6k/fpu\libg.a(lib_a-signal.o)
                0x00000000001373c8                _raise_r
 .text.raise    0x0000000000137460       0x20 c:/devkitpro/devkitarm/bin/../lib/gcc/arm-none-eabi/11.2.0/../../../../arm-none-eabi/lib/armv6k/fpu\libg.a(lib_a-signal.o)
                0x0000000000137460                raise
 .text.sscanf   0x0000000000137480       0x74 c:/devkitpro/devkitarm/bin/../lib/gcc/arm-none-eabi/11.2.0/../../../../arm-none-eabi/lib/armv6k/fpu\libg.a(lib_a-sscanf.o)
                0x0000000000137480                sscanf
 .text.__sread  0x00000000001374f4       0x44 c:/devkitpro/devkitarm/bin/../lib/gcc/arm-none-eabi/11.2.0/../../../../arm-none-eabi/lib/armv6k/fpu\libg.a(lib_a-stdio.o)
                0x00000000001374f4                __sread
 .text.__seofread
                0x0000000000137538        0x8 c:/devkitpro/devkitarm/bin/../lib/gcc/arm-none-eabi/11.2.0/../../../../arm-none-eabi/lib/armv6k/fpu\libg.a(lib_a-stdio.o)
                0x0000000000137538                __seofread
 .text.__swrite
                0x0000000000137540       0x68 c:/devkitpro/devkitarm/bin/../lib/gcc/arm-none-eabi/11.2.0/../../../../arm-none-eabi/lib/armv6k/fpu\libg.a(lib_a-stdio.o)
                0x0000000000137540                __swrite
 .text.__sseek  0x00000000001375a8       0x48 c:/devkitpro/devkitarm/bin/../lib/gcc/arm-none-eabi/11.2.0/../../../../arm-none-eabi/lib/armv6k/fpu\libg.a(lib_a-stdio.o)
                0x00000000001375a8                __sseek
 .text.__sclose
                0x00000000001375f0        0x8 c:/devkitpro/devkitarm/bin/../lib/gcc/arm-none-eabi/11.2.0/../../../../arm-none-eabi/lib/armv6k/fpu\libg.a(lib_a-stdio.o)
                0x00000000001375f0                __sclose
 .text.strlen   0x00000000001375f8       0x5c c:/devkitpro/devkitarm/bin/../lib/gcc/arm-none-eabi/11.2.0/../../../../arm-none-eabi/lib/armv6k/fpu\libg.a(lib_a-strlen-stub.o)
                0x00000000001375f8                strlen
 .text.strncat  0x0000000000137654       0xec c:/devkitpro/devkitarm/bin/../lib/gcc/arm-none-eabi/11.2.0/../../../../arm-none-eabi/lib/armv6k/fpu\libg.a(lib_a-strncat.o)
                0x0000000000137654                strncat
 .text.strncmp  0x0000000000137740       0xdc c:/devkitpro/devkitarm/bin/../lib/gcc/arm-none-eabi/11.2.0/../../../../arm-none-eabi/lib/armv6k/fpu\libg.a(lib_a-strncmp.o)
                0x0000000000137740                strncmp
 .text.strncpy  0x000000000013781c       0xc0 c:/devkitpro/devkitarm/bin/../lib/gcc/arm-none-eabi/11.2.0/../../../../arm-none-eabi/lib/armv6k/fpu\libg.a(lib_a-strncpy.o)
                0x000000000013781c                strncpy
 .text.strnlen  0x00000000001378dc       0x48 c:/devkitpro/devkitarm/bin/../lib/gcc/arm-none-eabi/11.2.0/../../../../arm-none-eabi/lib/armv6k/fpu\libg.a(lib_a-strnlen.o)
                0x00000000001378dc                strnlen
 *fill*         0x0000000000137924        0x4 
 .text._strtod_l
                0x0000000000137928     0x1368 c:/devkitpro/devkitarm/bin/../lib/gcc/arm-none-eabi/11.2.0/../../../../arm-none-eabi/lib/armv6k/fpu\libg.a(lib_a-strtod.o)
                0x0000000000137928                _strtod_l
 .text._strtod_r
                0x0000000000138c90        0xc c:/devkitpro/devkitarm/bin/../lib/gcc/arm-none-eabi/11.2.0/../../../../arm-none-eabi/lib/armv6k/fpu\libg.a(lib_a-strtod.o)
                0x0000000000138c90                _strtod_r
 .text.strtod   0x0000000000138c9c       0x2c c:/devkitpro/devkitarm/bin/../lib/gcc/arm-none-eabi/11.2.0/../../../../arm-none-eabi/lib/armv6k/fpu\libg.a(lib_a-strtod.o)
                0x0000000000138c9c                strtod
 .text._strtoull_l.constprop.0
                0x0000000000138cc8      0x244 c:/devkitpro/devkitarm/bin/../lib/gcc/arm-none-eabi/11.2.0/../../../../arm-none-eabi/lib/armv6k/fpu\libg.a(lib_a-strtoull.o)
 .text._strtoull_r
                0x0000000000138f0c        0x4 c:/devkitpro/devkitarm/bin/../lib/gcc/arm-none-eabi/11.2.0/../../../../arm-none-eabi/lib/armv6k/fpu\libg.a(lib_a-strtoull.o)
                0x0000000000138f0c                _strtoull_r
 .text.strtoull
                0x0000000000138f10       0x30 c:/devkitpro/devkitarm/bin/../lib/gcc/arm-none-eabi/11.2.0/../../../../arm-none-eabi/lib/armv6k/fpu\libg.a(lib_a-strtoull.o)
                0x0000000000138f10                strtoull
 .text._strtoul_l.constprop.0
                0x0000000000138f40      0x1c4 c:/devkitpro/devkitarm/bin/../lib/gcc/arm-none-eabi/11.2.0/../../../../arm-none-eabi/lib/armv6k/fpu\libg.a(lib_a-strtoul.o)
 .text._strtoul_r
                0x0000000000139104        0x4 c:/devkitpro/devkitarm/bin/../lib/gcc/arm-none-eabi/11.2.0/../../../../arm-none-eabi/lib/armv6k/fpu\libg.a(lib_a-strtoul.o)
                0x0000000000139104                _strtoul_r
 .text.strtoul  0x0000000000139108       0x30 c:/devkitpro/devkitarm/bin/../lib/gcc/arm-none-eabi/11.2.0/../../../../arm-none-eabi/lib/armv6k/fpu\libg.a(lib_a-strtoul.o)
                0x0000000000139108                strtoul
 .text.get_arg  0x0000000000139138       0x50 c:/devkitpro/devkitarm/bin/../lib/gcc/arm-none-eabi/11.2.0/../../../../arm-none-eabi/lib/armv6k/fpu\libg.a(lib_a-svfscanf.o)
 .text.__ssvfscanf_r
                0x0000000000139188     0x2bbc c:/devkitpro/devkitarm/bin/../lib/gcc/arm-none-eabi/11.2.0/../../../../arm-none-eabi/lib/armv6k/fpu\libg.a(lib_a-svfscanf.o)
                0x0000000000139188                __ssvfscanf_r
 .text.get_arg  0x000000000013bd44      0x628 c:/devkitpro/devkitarm/bin/../lib/gcc/arm-none-eabi/11.2.0/../../../../arm-none-eabi/lib/armv6k/fpu\libg.a(lib_a-vfprintf.o)
 *fill*         0x000000000013c36c        0x4 
 .text._vfprintf_r
                0x000000000013c370     0x3684 c:/devkitpro/devkitarm/bin/../lib/gcc/arm-none-eabi/11.2.0/../../../../arm-none-eabi/lib/armv6k/fpu\libg.a(lib_a-vfprintf.o)
                0x000000000013c370                _vfprintf_r
 .text.__sbprintf
                0x000000000013f9f4       0xd4 c:/devkitpro/devkitarm/bin/../lib/gcc/arm-none-eabi/11.2.0/../../../../arm-none-eabi/lib/armv6k/fpu\libg.a(lib_a-vfprintf.o)
 .text._vsnprintf_r
                0x000000000013fac8       0xa4 c:/devkitpro/devkitarm/bin/../lib/gcc/arm-none-eabi/11.2.0/../../../../arm-none-eabi/lib/armv6k/fpu\libg.a(lib_a-vsnprintf.o)
                0x000000000013fac8                _vsnprintf_r
 .text.vsnprintf
                0x000000000013fb6c       0x38 c:/devkitpro/devkitarm/bin/../lib/gcc/arm-none-eabi/11.2.0/../../../../arm-none-eabi/lib/armv6k/fpu\libg.a(lib_a-vsnprintf.o)
                0x000000000013fb6c                vsnprintf
 .text.__swbuf_r
                0x000000000013fba4      0x108 c:/devkitpro/devkitarm/bin/../lib/gcc/arm-none-eabi/11.2.0/../../../../arm-none-eabi/lib/armv6k/fpu\libg.a(lib_a-wbuf.o)
                0x000000000013fba4                __swbuf_r
 .text._wcrtomb_r
                0x000000000013fcac       0x54 c:/devkitpro/devkitarm/bin/../lib/gcc/arm-none-eabi/11.2.0/../../../../arm-none-eabi/lib/armv6k/fpu\libg.a(lib_a-wcrtomb.o)
                0x000000000013fcac                _wcrtomb_r
 .text._wcsrtombs_r
                0x000000000013fd00       0x28 c:/devkitpro/devkitarm/bin/../lib/gcc/arm-none-eabi/11.2.0/../../../../arm-none-eabi/lib/armv6k/fpu\libg.a(lib_a-wcsrtombs.o)
                0x000000000013fd00                _wcsrtombs_r
 .text.__swsetup_r
                0x000000000013fd28      0x154 c:/devkitpro/devkitarm/bin/../lib/gcc/arm-none-eabi/11.2.0/../../../../arm-none-eabi/lib/armv6k/fpu\libg.a(lib_a-wsetup.o)
                0x000000000013fd28                __swsetup_r
 .text.__call_exitprocs
                0x000000000013fe7c      0x114 c:/devkitpro/devkitarm/bin/../lib/gcc/arm-none-eabi/11.2.0/../../../../arm-none-eabi/lib/armv6k/fpu\libg.a(lib_a-__call_atexit.o)
                0x000000000013fe7c                __call_exitprocs
 .text.quorem   0x000000000013ff90      0x1ac c:/devkitpro/devkitarm/bin/../lib/gcc/arm-none-eabi/11.2.0/../../../../arm-none-eabi/lib/armv6k/fpu\libg.a(lib_a-dtoa.o)
 *fill*         0x000000000014013c        0x4 
 .text._dtoa_r  0x0000000000140140     0x12cc c:/devkitpro/devkitarm/bin/../lib/gcc/arm-none-eabi/11.2.0/../../../../arm-none-eabi/lib/armv6k/fpu\libg.a(lib_a-dtoa.o)
                0x0000000000140140                _dtoa_r
 .text._fclose_r
                0x000000000014140c      0x160 c:/devkitpro/devkitarm/bin/../lib/gcc/arm-none-eabi/11.2.0/../../../../arm-none-eabi/lib/armv6k/fpu\libg.a(lib_a-fclose.o)
                0x000000000014140c                _fclose_r
 .text.rshift   0x000000000014156c       0xec c:/devkitpro/devkitarm/bin/../lib/gcc/arm-none-eabi/11.2.0/../../../../arm-none-eabi/lib/armv6k/fpu\libg.a(lib_a-gdtoa-gethex.o)
 .text.__gethex
                0x0000000000141658      0x904 c:/devkitpro/devkitarm/bin/../lib/gcc/arm-none-eabi/11.2.0/../../../../arm-none-eabi/lib/armv6k/fpu\libg.a(lib_a-gdtoa-gethex.o)
                0x0000000000141658                __gethex
 .text.__match  0x0000000000141f5c       0x4c c:/devkitpro/devkitarm/bin/../lib/gcc/arm-none-eabi/11.2.0/../../../../arm-none-eabi/lib/armv6k/fpu\libg.a(lib_a-gdtoa-hexnan.o)
                0x0000000000141f5c                __match
 .text.__hexnan
                0x0000000000141fa8      0x29c c:/devkitpro/devkitarm/bin/../lib/gcc/arm-none-eabi/11.2.0/../../../../arm-none-eabi/lib/armv6k/fpu\libg.a(lib_a-gdtoa-hexnan.o)
                0x0000000000141fa8                __hexnan
 .text.iswspace
                0x0000000000142244        0x8 c:/devkitpro/devkitarm/bin/../lib/gcc/arm-none-eabi/11.2.0/../../../../arm-none-eabi/lib/armv6k/fpu\libg.a(lib_a-iswspace.o)
                0x0000000000142244                iswspace
 .text._localeconv_r
                0x000000000014224c        0xc c:/devkitpro/devkitarm/bin/../lib/gcc/arm-none-eabi/11.2.0/../../../../arm-none-eabi/lib/armv6k/fpu\libg.a(lib_a-localeconv.o)
                0x000000000014224c                _localeconv_r
 .text.__locale_mb_cur_max
                0x0000000000142258       0x10 c:/devkitpro/devkitarm/bin/../lib/gcc/arm-none-eabi/11.2.0/../../../../arm-none-eabi/lib/armv6k/fpu\libg.a(lib_a-locale.o)
                0x0000000000142258                __locale_mb_cur_max
 .text.__smakebuf_r
                0x0000000000142268      0x138 c:/devkitpro/devkitarm/bin/../lib/gcc/arm-none-eabi/11.2.0/../../../../arm-none-eabi/lib/armv6k/fpu\libg.a(lib_a-makebuf.o)
                0x0000000000142268                __smakebuf_r
 .text.__swhatbuf_r
                0x00000000001423a0       0x8c c:/devkitpro/devkitarm/bin/../lib/gcc/arm-none-eabi/11.2.0/../../../../arm-none-eabi/lib/armv6k/fpu\libg.a(lib_a-makebuf.o)
                0x00000000001423a0                __swhatbuf_r
 .text._mbrtowc_r
                0x000000000014242c       0x68 c:/devkitpro/devkitarm/bin/../lib/gcc/arm-none-eabi/11.2.0/../../../../arm-none-eabi/lib/armv6k/fpu\libg.a(lib_a-mbrtowc.o)
                0x000000000014242c                _mbrtowc_r
 .text.__utf8_mbtowc
                0x0000000000142494      0x2e4 c:/devkitpro/devkitarm/bin/../lib/gcc/arm-none-eabi/11.2.0/../../../../arm-none-eabi/lib/armv6k/fpu\libg.a(lib_a-mbtowc_r.o)
                0x0000000000142494                __utf8_mbtowc
 .text._Balloc  0x0000000000142778       0x88 c:/devkitpro/devkitarm/bin/../lib/gcc/arm-none-eabi/11.2.0/../../../../arm-none-eabi/lib/armv6k/fpu\libg.a(lib_a-mprec.o)
                0x0000000000142778                _Balloc
 .text._Bfree   0x0000000000142800       0x1c c:/devkitpro/devkitarm/bin/../lib/gcc/arm-none-eabi/11.2.0/../../../../arm-none-eabi/lib/armv6k/fpu\libg.a(lib_a-mprec.o)
                0x0000000000142800                _Bfree
 .text.__multadd
                0x000000000014281c       0xf4 c:/devkitpro/devkitarm/bin/../lib/gcc/arm-none-eabi/11.2.0/../../../../arm-none-eabi/lib/armv6k/fpu\libg.a(lib_a-mprec.o)
                0x000000000014281c                __multadd
 .text.__s2b    0x0000000000142910      0x110 c:/devkitpro/devkitarm/bin/../lib/gcc/arm-none-eabi/11.2.0/../../../../arm-none-eabi/lib/armv6k/fpu\libg.a(lib_a-mprec.o)
                0x0000000000142910                __s2b
 .text.__hi0bits
                0x0000000000142a20       0x58 c:/devkitpro/devkitarm/bin/../lib/gcc/arm-none-eabi/11.2.0/../../../../arm-none-eabi/lib/armv6k/fpu\libg.a(lib_a-mprec.o)
                0x0000000000142a20                __hi0bits
 .text.__lo0bits
                0x0000000000142a78       0x94 c:/devkitpro/devkitarm/bin/../lib/gcc/arm-none-eabi/11.2.0/../../../../arm-none-eabi/lib/armv6k/fpu\libg.a(lib_a-mprec.o)
                0x0000000000142a78                __lo0bits
 .text.__i2b    0x0000000000142b0c       0xa4 c:/devkitpro/devkitarm/bin/../lib/gcc/arm-none-eabi/11.2.0/../../../../arm-none-eabi/lib/armv6k/fpu\libg.a(lib_a-mprec.o)
                0x0000000000142b0c                __i2b
 .text.__multiply
                0x0000000000142bb0      0x204 c:/devkitpro/devkitarm/bin/../lib/gcc/arm-none-eabi/11.2.0/../../../../arm-none-eabi/lib/armv6k/fpu\libg.a(lib_a-mprec.o)
                0x0000000000142bb0                __multiply
 .text.__pow5mult
                0x0000000000142db4      0x120 c:/devkitpro/devkitarm/bin/../lib/gcc/arm-none-eabi/11.2.0/../../../../arm-none-eabi/lib/armv6k/fpu\libg.a(lib_a-mprec.o)
                0x0000000000142db4                __pow5mult
 .text.__lshift
                0x0000000000142ed4      0x13c c:/devkitpro/devkitarm/bin/../lib/gcc/arm-none-eabi/11.2.0/../../../../arm-none-eabi/lib/armv6k/fpu\libg.a(lib_a-mprec.o)
                0x0000000000142ed4                __lshift
 .text.__mcmp   0x0000000000143010       0x58 c:/devkitpro/devkitarm/bin/../lib/gcc/arm-none-eabi/11.2.0/../../../../arm-none-eabi/lib/armv6k/fpu\libg.a(lib_a-mprec.o)
                0x0000000000143010                __mcmp
 .text.__mdiff  0x0000000000143068      0x1cc c:/devkitpro/devkitarm/bin/../lib/gcc/arm-none-eabi/11.2.0/../../../../arm-none-eabi/lib/armv6k/fpu\libg.a(lib_a-mprec.o)
                0x0000000000143068                __mdiff
 .text.__ulp    0x0000000000143234       0x74 c:/devkitpro/devkitarm/bin/../lib/gcc/arm-none-eabi/11.2.0/../../../../arm-none-eabi/lib/armv6k/fpu\libg.a(lib_a-mprec.o)
                0x0000000000143234                __ulp
 .text.__b2d    0x00000000001432a8       0xd0 c:/devkitpro/devkitarm/bin/../lib/gcc/arm-none-eabi/11.2.0/../../../../arm-none-eabi/lib/armv6k/fpu\libg.a(lib_a-mprec.o)
                0x00000000001432a8                __b2d
 .text.__d2b    0x0000000000143378      0x124 c:/devkitpro/devkitarm/bin/../lib/gcc/arm-none-eabi/11.2.0/../../../../arm-none-eabi/lib/armv6k/fpu\libg.a(lib_a-mprec.o)
                0x0000000000143378                __d2b
 .text.__ratio  0x000000000014349c       0x78 c:/devkitpro/devkitarm/bin/../lib/gcc/arm-none-eabi/11.2.0/../../../../arm-none-eabi/lib/armv6k/fpu\libg.a(lib_a-mprec.o)
                0x000000000014349c                __ratio
 .text.__copybits
                0x0000000000143514       0x88 c:/devkitpro/devkitarm/bin/../lib/gcc/arm-none-eabi/11.2.0/../../../../arm-none-eabi/lib/armv6k/fpu\libg.a(lib_a-mprec.o)
                0x0000000000143514                __copybits
 .text.__any_on
                0x000000000014359c       0x5c c:/devkitpro/devkitarm/bin/../lib/gcc/arm-none-eabi/11.2.0/../../../../arm-none-eabi/lib/armv6k/fpu\libg.a(lib_a-mprec.o)
                0x000000000014359c                __any_on
 .text.__sccl   0x00000000001435f8       0xe4 c:/devkitpro/devkitarm/bin/../lib/gcc/arm-none-eabi/11.2.0/../../../../arm-none-eabi/lib/armv6k/fpu\libg.a(lib_a-sccl.o)
                0x00000000001435f8                __sccl
 .text.nanf     0x00000000001436dc        0xc c:/devkitpro/devkitarm/bin/../lib/gcc/arm-none-eabi/11.2.0/../../../../arm-none-eabi/lib/armv6k/fpu\libg.a(lib_a-sf_nan.o)
                0x00000000001436dc                nanf
 .text.frexp    0x00000000001436e8       0xa8 c:/devkitpro/devkitarm/bin/../lib/gcc/arm-none-eabi/11.2.0/../../../../arm-none-eabi/lib/armv6k/fpu\libg.a(lib_a-s_frexp.o)
                0x00000000001436e8                frexp
 .text.nan      0x0000000000143790       0x10 c:/devkitpro/devkitarm/bin/../lib/gcc/arm-none-eabi/11.2.0/../../../../arm-none-eabi/lib/armv6k/fpu\libg.a(lib_a-s_nan.o)
                0x0000000000143790                nan
 .text.sprintf  0x00000000001437a0       0x64 c:/devkitpro/devkitarm/bin/../lib/gcc/arm-none-eabi/11.2.0/../../../../arm-none-eabi/lib/armv6k/fpu\libg.a(lib_a-sprintf.o)
                0x00000000001437a0                sprintf
 .text.stpncpy  0x0000000000143804       0xb8 c:/devkitpro/devkitarm/bin/../lib/gcc/arm-none-eabi/11.2.0/../../../../arm-none-eabi/lib/armv6k/fpu\libg.a(lib_a-stpncpy.o)
                0x0000000000143804                stpncpy